TAP version 13
# Subtest: only actual presented type latches, merges and survives reload
ok 1 - only actual presented type latches, merges and survives reload
  ---
  duration_ms: 0.7445
  type: 'test'
  ...
# Subtest: denied persistence retains local knowledge without source acknowledgements
ok 2 - denied persistence retains local knowledge without source acknowledgements
  ---
  duration_ms: 0.15225
  type: 'test'
  ...
# Subtest: queue removes only introduced notice types and never invents available content
ok 3 - queue removes only introduced notice types and never invents available content
  ---
  duration_ms: 0.281958
  type: 'test'
  ...
1..3
# tests 3
# suites 0
# pass 3
# fail 0
# cancelled 0
# skipped 0
# todo 0
# duration_ms 46.646042
