[WebServer] (node:72245) Warning: The 'NO_COLOR' env is ignored due to the 'FORCE_COLOR' env being set.
[WebServer] (Use `node --trace-warnings ...` to show where the warning was created)

Running 36 tests using 1 worker

(node:72248) Warning: The 'NO_COLOR' env is ignored due to the 'FORCE_COLOR' env being set.
(Use `node --trace-warnings ...` to show where the warning was created)
  ✓   1 tests/card-footer.spec.js:3:1 › card footer contains exact transport across reading views and modal without floating duplicate (6.9s)
  ✓   2 tests/card-footer.spec.js:4:1 › footer controls preserve actual owner through resource exploration (1.2s)
  ✓   3 tests/compact.spec.js:3:1 › actual missing recording exposes source error without a running dock (416ms)
  ✓   4 tests/compact.spec.js:4:1 › compact labeled action and explicit secondary controls fit326 and726 (1.1s)
  ✓   5 tests/composition.spec.js:2:1 › whole reading composition has stable actions and reachable source at desktop and mobile (851ms)
  ✓   6 tests/composition.spec.js:3:1 › current owner remains controllable while a different term is explored and term player is inside card (923ms)
  ✓   7 tests/contextual.spec.js:3:1 › floating tabs support keyboard and local controls fit desktop and320px without nested buttons (860ms)
  ✓   8 tests/contextual.spec.js:5:1 › current-step index preserves context and all117 source sections remain reachable (1.2s)
  ✓   9 tests/contrast-badge.spec.js:2:1 › dark semantic labels and original media badge hierarchy use actual tokens (3.3s)
  ✓  10 tests/dock.spec.js:2:1 › one floating owner survives exploration with safe narrow dock and modal counterpart (5.2s)
  ✓  11 tests/error-dock.spec.js:3:1 › real404 compact Retry is source-scoped accessible and recovers in both themes (4.3s)
  ✓  12 tests/gap.spec.js:2:1 › actual guide gap preserves completed context and narrow dock never exceeds actual menu (2.4s)
  ✓  13 tests/guided-session.spec.js:5:1 › real guide, Scripture selection and exact position survive view changes and reload (704ms)
  ✓  14 tests/guided-session.spec.js:15:1 › contextual real map opens, renders and returns focus without moving the guide (651ms)
  ✓  15 tests/guided-session.spec.js:23:1 › examples require explicit reveal and every resource type is available (1.3s)
  ✓  16 tests/guided-session.spec.js:32:1 › narrow layout, keyboard dialog and large text remain usable (752ms)
  ✓  17 tests/guided-session.spec.js:39:1 › failed required source renders a real error with retry, never substitute content (632ms)
  ✓  18 tests/guided-session.spec.js:45:1 › duplicate source names are distinguished by source meaning and inspected image (670ms)
  ✓  19 tests/guided-session.spec.js:50:1 › official FIA identity and colors render with readable contrast (340ms)
  ✓  20 tests/guided-session.spec.js:58:1 › resources show all eight real previews, source metadata, search and honest online video (1.1s)
  ✓  21 tests/guided-session.spec.js:68:1 › finished-session return from another view really restores the guide (885ms)
  ✓  22 tests/idle-player.spec.js:3:1 › ready context, real0.95rate, pause/resume and playing exploration remain truthful (3.1s)
  ✓  23 tests/next-actions.spec.js:3:1 › real adapted map action ends with its exact resource and metadata restores without invented association (1.5s)
  ✓  24 tests/pause-groups.spec.js:3:1 › all four legacy cue bookmarks keep their activity through real audio ended and explicit Continue (2.9s)
  ✓  25 tests/primary-ended.spec.js:1:78 › after owner ends current hidden idle selection becomes chooser (1.2s)
  ✓  26 tests/primary-ended.spec.js:3:1 › paused owner resumes and intentional captured-list Next stays selected without autoplay (1.2s)
  ✓  27 tests/primary.spec.js:2:1 › three controls, no autoplay adjacency, filtered modal focus and source cornerRestart (2.3s)
  ✓  28 tests/scripture-header.spec.js:2:1 › Scripture Info and Play remain inside narrow selected-version header in both themes (3.9s)
  ✓  29 tests/speech-offline.spec.js:6:1 › complete offline pack and real media survive cold page, exploration and new owner (11.3s)
  ✓  30 tests/speech-offline.spec.js:13:1 › missing corrupt canceled transfers preserve a verified pack and removal remains explicit (21.4s)
  ✓  31 tests/speech-offline.spec.js:18:1 › combined transition plays offline and stops on the activity; source info returns focus (8.5s)
  ✓  32 tests/theme-header.spec.js:3:1 › header utilities align and inline source glyph inherits theme across sizes (6.3s)
  ✓  33 tests/theme.spec.js:3:1 › actual theme aliases and all views preserve active audio and position (13.8s)
  ✓  34 tests/upgrade.spec.js:3:1 › ordinary reload upgrades a saved previous shell without deleting progress or its verified pack (3.6s)
  ✓  35 tests/visual-audio.spec.js:2:1 › eight real visual clips verify and play cold offline with optional details and filtered owner (9.1s)
  ✓  36 tests/visual-audio.spec.js:3:1 › missing visual recording exposes error while original image remains openable (996ms)

  36 passed (2.1m)
