
> fia-functional-poc@0.1.1 build
> vite build && node scripts/build-offline-shell.mjs && node scripts/verify-release.mjs && node scripts/verify-release-stamp.mjs

vite v8.3.0 building client environment for production...
transforming...

../assets/fonts/SF-Pro-Display-Regular.otf referenced in ../assets/fonts/SF-Pro-Display-Regular.otf didn't resolve at build time, it will remain unchanged to be resolved at runtime

../assets/fonts/SF-Pro-Display-Medium.otf referenced in ../assets/fonts/SF-Pro-Display-Medium.otf didn't resolve at build time, it will remain unchanged to be resolved at runtime

../assets/fonts/SF-Pro-Display-Semibold.otf referenced in ../assets/fonts/SF-Pro-Display-Semibold.otf didn't resolve at build time, it will remain unchanged to be resolved at runtime

../assets/fonts/SF-Pro-Display-Bold.otf referenced in ../assets/fonts/SF-Pro-Display-Bold.otf didn't resolve at build time, it will remain unchanged to be resolved at runtime

../assets/fonts/SF-Pro-Text-Regular.otf referenced in ../assets/fonts/SF-Pro-Text-Regular.otf didn't resolve at build time, it will remain unchanged to be resolved at runtime

../assets/fonts/SF-Pro-Text-Medium.otf referenced in ../assets/fonts/SF-Pro-Text-Medium.otf didn't resolve at build time, it will remain unchanged to be resolved at runtime

../assets/fonts/SF-Pro-Text-Semibold.otf referenced in ../assets/fonts/SF-Pro-Text-Semibold.otf didn't resolve at build time, it will remain unchanged to be resolved at runtime

../assets/fonts/SF-Pro-Text-Bold.otf referenced in ../assets/fonts/SF-Pro-Text-Bold.otf didn't resolve at build time, it will remain unchanged to be resolved at runtime
✓ 74 modules transformed.
rendering chunks...
computing gzip size...
dist/index.html                   0.56 kB │ gzip:   0.37 kB
dist/assets/index-CwSZMaxO.css   28.17 kB │ gzip:   6.87 kB
dist/assets/index-BrKyEuST.js   481.97 kB │ gzip: 153.51 kB

✓ built in 278ms
Offline manifest: 200 required local files, 93644406 bytes; remote fonts optional, video excluded.
Release audit PASS: 210 allowlisted files; 172 unchanged MP3s; no private voice identifiers/provider route; dist only.
Release stamp PASS: 0.1.1+21e5de3
