node:internal/modules/run_main:123
    triggerUncaughtException(
    ^

ExpectError: expect(locator).toHaveAttribute(expected) failed

Locator: locator('.playback-dock .owner-toggle')
Expected pattern: /(Play|Pause) Now playing/
Received string:  "Play heaven"
Timeout: 5000ms

Call log:
  - Expect "toHaveAttribute" locator('.playback-dock .owner-toggle') with timeout 5000ms
  - waiting for locator('.playback-dock .owner-toggle')
    14 × locator resolved to <button class="owner-toggle" aria-label="Play heaven" aria-description="heaven">…</button>
       - unexpected value "Play heaven"

    at captureRawStack (/private/tmp/fia-functional-poc-app/node_modules/playwright-core/lib/coreBundle.js:8588:17)
    at callMatcherAsStep (/private/tmp/fia-functional-poc-app/node_modules/playwright/lib/matchers/expect.js:13310:57)
    at Object.toHaveAttribute (/private/tmp/fia-functional-poc-app/node_modules/playwright/lib/matchers/expect.js:13302:23)
    at /private/tmp/integration-check.mjs:2:2306 {
  matcherResult: {
    name: 'toHaveAttribute',
    expected: /(Play|Pause) Now playing/,
    message: 'expect(locator).toHaveAttribute(expected) failed\n' +
      '\n' +
      "Locator: locator('.playback-dock .owner-toggle')\n" +
      'Expected pattern: /(Play|Pause) Now playing/\n' +
      'Received string:  "Play heaven"\n' +
      'Timeout: 5000ms\n' +
      '\n' +
      'Call log:\n' +
      `  - Expect "toHaveAttribute" locator('.playback-dock .owner-toggle') with timeout 5000ms\n` +
      "  - waiting for locator('.playback-dock .owner-toggle')\n" +
      '    14 × locator resolved to <button class="owner-toggle" aria-label="Play heaven" aria-description="heaven">…</button>\n' +
      '       - unexpected value "Play heaven"\n',
    pass: false,
    actual: 'Play heaven',
    log: [
      `  - Expect "toHaveAttribute" locator('.playback-dock .owner-toggle') with timeout 5000ms`,
      "  - waiting for locator('.playback-dock .owner-toggle')",
      '    14 × locator resolved to <button class="owner-toggle" aria-label="Play heaven" aria-description="heaven">…</button>',
      '       - unexpected value "Play heaven"'
    ],
    timeout: 5000,
    ariaSnapshot: '- button "Play heaven": heaven'
  }
}

Node.js v22.16.0
