node:internal/modules/run_main:123
    triggerUncaughtException(
    ^

locator.click: Timeout 30000ms exceeded.
Call log:
[2m  - waiting for getByRole('button', { name: 'Close resource' })[22m
[2m    - locator resolved to <button aria-label="Close resource">Close</button>[22m
[2m  - attempting click action[22m
[2m    - waiting for element to be visible, enabled and stable[22m
[2m  - element was detached from the DOM, retrying[22m

    at /private/tmp/shared-resource-actions.mjs:1:1110 {
  log: [
    "  - waiting for getByRole('button', { name: 'Close resource' })",
    '    - locator resolved to <button aria-label="Close resource">Close</button>',
    '  - attempting click action',
    '    - waiting for element to be visible, enabled and stable',
    '  - element was detached from the DOM, retrying'
  ],
  name: 'TimeoutError'
}

Node.js v22.16.0
