LANG eng
BEFORE_CLOSE heaven
DIALOGS_AFTER500 1 Skip to passage
Mark 1:1–13
Save
All
Maps
Images
Key terms
Video links
Key term
heaven
Key term
Holy Spirit
Key term
Christ
Key term
desert
Key term
k
LANG spa
BEFORE_CLOSE Río Jordán
DIALOGS_AFTER500 1 Mark 1:1–13
Save

Español · partial prepared narration

120/191 recordings prepared. Other recordings are pending. Offline saving currently includes t
PASS bothlanguages termfilter/noimageplaceholder; available directPlay no detail; card padding Open; modal inert/focusreturn
