[WebServer] (node:59349) Warning: The 'NO_COLOR' env is ignored due to the 'FORCE_COLOR' env being set.
[WebServer] (Use `node --trace-warnings ...` to show where the warning was created)
[WebServer] (node:59367) Warning: The 'NO_COLOR' env is ignored due to the 'FORCE_COLOR' env being set.
[WebServer] (Use `node --trace-warnings ...` to show where the warning was created)
[WebServer] (node:59450) Warning: The 'NO_COLOR' env is ignored due to the 'FORCE_COLOR' env being set.
[WebServer] (Use `node --trace-warnings ...` to show where the warning was created)
[WebServer] (node:59518) Warning: The 'NO_COLOR' env is ignored due to the 'FORCE_COLOR' env being set.
[WebServer] (Use `node --trace-warnings ...` to show where the warning was created)

Running 23 tests using 1 worker

(node:59573) Warning: The 'NO_COLOR' env is ignored due to the 'FORCE_COLOR' env being set.
(Use `node --trace-warnings ...` to show where the warning was created)
  ✓   1 tests/picker-cleanup.spec.js:2:1 › picker full search, same-language exit and verified destination (1.5s)
  ✓   2 tests/picker-cleanup.spec.js:3:1 › busy rows disable and failed target retains picker (631ms)
  ✓   3 tests/picker-cleanup.spec.js:4:1 › picker and native option tokens plus programmatic selection both themes and languages (1.8s)
  ✓   4 tests/picker-cleanup.spec.js:5:1 › failed target then current confirmation clears stale error without fetch or autoplay (1.1s)
  ✓   5 tests/spanish-audio.spec.js:4:1 › fixture native guide notice then content completion keeps boundary and supports paused restore (2.6s)
  ✓   6 tests/spanish-audio.spec.js:5:1 › fixture native Resources modal keeps single owner and keyboard close restores focus (857ms)
  ✓   7 tests/spanish-audio.spec.js:7:1 › fixture audio storage failure has separate visible warning (393ms)
  ✓   8 tests/spanish-integration.spec.js:3:1 › full picker and English Spanish reload switches never autoplay (1.8s)
  ✓   9 tests/spanish-integration.spec.js:4:1 › Spanish saves separate verified text pack and restores offline (2.5s)
  ✓  10 tests/spanish-integration.spec.js:5:1 › Spanish narrow full picker source view and keyboard example return (1.1s)
  ✓  11 tests/spanish-integration.spec.js:6:1 › corrupt target retains paused English with zero added plays (697ms)
  ✓  12 tests/spanish-integration.spec.js:7:1 › denied storage fonts blocked and large Spanish text remain usable (721ms)
  ✓  13 tests/spanish-integration.spec.js:8:1 › Spanish invalid source ID visibly resets without autoplay (691ms)
  ✘  14 tests/spanish-integration.spec.js:9:1 › saved legacy English then new Spanish launches current shell offline (30.4s)
(node:61441) Warning: The 'NO_COLOR' env is ignored due to the 'FORCE_COLOR' env being set.
(Use `node --trace-warnings ...` to show where the warning was created)
  ✓  15 tests/spanish-integration.spec.js:10:1 › repaired Spanish position drops both new and historical persisted warning on reload (1.0s)
  ✓  16 tests/spanish-integration.spec.js:11:1 › English Languages view survives reload without autoplay (459ms)
  ✓  17 tests/spanish-integration.spec.js:12:1 › Languages reload keeps explicit Resume at native checkpoint (940ms)
  ✓  18 tests/spanish-integration.spec.js:14:1 › language roundtrip preserves native checkpoint and shared theme (1.1s)
  ✓  19 tests/spanish-integration.spec.js:17:1 › online deferred audio fetch › pending English start is fenced during slow Spanish selection (650ms)
  ✓  20 tests/spanish-integration.spec.js:20:1 › Spanish theme preserves legacy English guide position (735ms)
  ✓  21 tests/spanish-integration.spec.js:21:1 › Spanish invalid position and theme quota warnings remain distinct (787ms)
  ✓  22 tests/spanish-integration.spec.js:23:1 › original Spanish editions and translated resource provenance preserve no autoplay (1.4s)
  ✓  23 tests/spanish-integration.spec.js:25:1 › known original Spanish workspace upgrades with validated position and no autoplay (847ms)


  1) tests/spanish-integration.spec.js:9:1 › saved legacy English then new Spanish launches current shell offline 

    Error: expect(locator).toContainText(expected) failed

    Locator: locator('.offline-status')
    Expected substring: "Saved on this device"
    Received string:    "Not saved on this device"
    Timeout: 30000ms

    Call log:
      - Expect "toContainText" locator('.offline-status') with timeout 30000ms
      - waiting for locator('.offline-status')
        2 × locator resolved to <p role="status" class="offline-status">Verified 0.0 MB…</p>
          - unexpected value "Verified 0.0 MB…"
        - locator resolved to <p role="status" class="offline-status">Verified 8.8 of 46.1 MB…</p>
        - unexpected value "Verified 8.8 of 46.1 MB…"
        61 × locator resolved to <p role="status" class="offline-status">Not saved on this device</p>
           - unexpected value "Not saved on this device"


       7 | test('denied storage fonts blocked and large Spanish text remain usable',async({page})=>{await page.addInitScript(()=>{Storage.prototype.setItem=function(){throw Error('denied')};});await page.route(/\.(otf|woff2?)(\?|$)/,r=>r.abort());await page.goto('/');await language(page,'Español');await page.setViewportSize({width:320,height:987});await page.addStyleTag({content:'html{font-size:200%}'});await expect(page.getByRole('button',{name:'Next guide activity',exact:true})).toBeVisible();await page.getByRole('button',{name:'Next guide activity',exact:true}).click();await expect(page.getByText('Theme cannot be stored on this device.',{exact:true})).toBeVisible();await expect(page.getByText('Spanish progress cannot be stored on this device. You can continue.',{exact:true})).toBeVisible();expect(await page.evaluate(()=>document.querySelector('.app-shell').getBoundingClientRect().left)).toBeGreaterThanOrEqual(0);});
       8 | test('Spanish invalid source ID visibly resets without autoplay',async({page})=>{await page.goto('/');await language(page,'Español');await page.evaluate(()=>{const key=Object.keys(localStorage).find(k=>k.startsWith('fia-workspace/spa/'));const s=JSON.parse(localStorage[key]);s.groupId='unknown';localStorage[key]=JSON.stringify(s);});await page.reload();await expect(page.getByText(/Saved Spanish position was invalid/)).toBeVisible();await expect(page.getByRole('button',{name:/Section 1\//})).toBeVisible();});
    >  9 | test('saved legacy English then new Spanish launches current shell offline',async({page,context,request})=>{test.setTimeout(90000);const base='http://127.0.0.1:4795';await request.post(base+'/__test__/mode',{data:'legacy'});await page.goto(base);await page.getByText('Offline passage · Not saved',{exact:true}).click();await page.getByRole('button',{name:'Save for offline',exact:true}).click();await expect(page.locator('.offline-status')).toContainText('Saved on this device',{timeout:30000});const old=await page.evaluate(async()=>{const m=await caches.open('fia-meta-v1');return(await m.match('/__fia_active__')).json()});await request.post(base+'/__test__/mode',{data:'normal'});await page.reload();await expect(page.getByRole('tab',{name:'Languages',exact:true})).toBeVisible();await language(page,'Español');await page.getByRole('button',{name:'Offline passage and settings'}).click();await page.getByRole('button',{name:'Save for offline',exact:true}).click();await expect(page.locator('.offline-status')).toContainText('Saved on this device',{timeout:30000});expect(await page.evaluate(async()=>{const m=await caches.open('fia-meta-v1');return(await(await m.match('/__fia_active__')).json()).cache})).toBe(old.cache);await context.setOffline(true);await page.reload();await expect(page.getByRole('tab',{name:'Languages',exact:true})).toBeVisible();await expect(page.locator('[data-content-language=spa]')).toBeVisible();});
         |                                                                                                                                                                                                                                                                                                                                                                                                                                                          ^
      10 | test('repaired Spanish position drops both new and historical persisted warning on reload',async({page})=>{await page.goto('/');await language(page,'Español');await page.evaluate(()=>{const key=Object.keys(localStorage).find(k=>k.startsWith('fia-workspace/spa/'));const s=JSON.parse(localStorage[key]);s.groupId='invalid';s.notice='Historical warning';localStorage[key]=JSON.stringify(s);});await page.reload();await expect(page.getByText('Saved Spanish position was invalid; restored the first source group.')).toBeVisible();await page.getByRole('button',{name:'Next guide activity',exact:true}).click();await page.reload();await expect(page.getByText(/Saved Spanish position was invalid|Historical warning/)).toHaveCount(0);expect(await page.evaluate(()=>{const key=Object.keys(localStorage).find(k=>k.startsWith('fia-workspace/spa/'));return 'notice' in JSON.parse(localStorage[key]);})).toBe(false);await expect(page.getByRole('button',{name:'Next guide activity',exact:true})).toBeVisible();});
      11 | test('English Languages view survives reload without autoplay',async({page})=>{await page.addInitScript(()=>{window.__plays=0;HTMLMediaElement.prototype.play=function(){window.__plays++;return Promise.resolve();};});await page.goto('/');await page.getByRole('tab',{name:'Languages',exact:true}).click();await page.reload();await expect(page.getByRole('textbox',{name:'Search guide languages'})).toBeVisible();await expect(page.getByRole('tab',{name:'Languages',exact:true})).toHaveAttribute('aria-selected','true');expect(await page.evaluate(()=>window.__plays)).toBe(0);});
      12 | test('Languages reload keeps explicit Resume at native checkpoint',async({page})=>{await page.addInitScript(()=>{window.__plays=0;const A=window.Audio;window.Audio=class extends A{constructor(...args){super(...args);window.__audio=this;}};const p=HTMLMediaElement.prototype.play;HTMLMediaElement.prototype.play=function(){window.__plays++;return p.call(this);};});await page.goto('/');await page.getByRole('tab',{name:'Scripture',exact:true}).click();await page.getByRole('button',{name:'Play Scripture BSB',exact:true}).click();await expect.poll(()=>page.evaluate(()=>window.__audio?.currentTime||0)).toBeGreaterThan(0);await page.evaluate(()=>window.__audio.currentTime=5);await page.getByRole('tab',{name:'Languages',exact:true}).click();await expect(page.getByRole('button',{name:'Pause Now playing'})).toBeVisible();await page.reload();await expect(page.getByRole('tab',{name:'Languages',exact:true})).toHaveAttribute('aria-selected','true');await expect(page.getByRole('button',{name:'Resume Now playing'})).toBeVisible();expect(await page.evaluate(()=>window.__plays)).toBe(0);expect(await page.evaluate(()=>window.__audio.currentTime)).toBeGreaterThanOrEqual(4.9);await page.getByRole('button',{name:'Resume Now playing'}).click();await expect.poll(()=>page.evaluate(()=>window.__audio.currentTime)).toBeGreaterThan(5);expect(await page.evaluate(()=>window.__plays)).toBe(1);});
        at /private/tmp/fia-spanish-complete-audio/tests/spanish-integration.spec.js:9:442

    Error Context: test-results/spanish-integration-saved--13545-nches-current-shell-offline/error-context.md

  1 failed
    tests/spanish-integration.spec.js:9:1 › saved legacy English then new Spanish launches current shell offline 
  22 passed (57.2s)
