
> fia-functional-poc@0.1.0 test
> node --test tests/*.test.mjs

TAP version 13
# Subtest: simulated HTMLAudio events advance only ended source units and suppress canceled callbacks
ok 1 - simulated HTMLAudio events advance only ended source units and suppress canceled callbacks
  ---
  duration_ms: 776.208167
  type: 'test'
  ...
# Subtest: simulated HTMLAudio pause resumes same source and media errors do not advance
ok 2 - simulated HTMLAudio pause resumes same source and media errors do not advance
  ---
  duration_ms: 6.714208
  type: 'test'
  ...
# Subtest: selected audio integrity failure and changed source fail before playback
ok 3 - selected audio integrity failure and changed source fail before playback
  ---
  duration_ms: 11.969708
  type: 'test'
  ...
# Subtest: pure synthesis guards count uncertain attempts and reject changed input, repeated IDs and cumulative caps without network
ok 4 - pure synthesis guards count uncertain attempts and reject changed input, repeated IDs and cumulative caps without network
  ---
  duration_ms: 0.994541
  type: 'test'
  ...
# Subtest: complete prepared audio binds exactly117 visible guide units and3 Scripture passages to immutable source bytes
ok 5 - complete prepared audio binds exactly117 visible guide units and3 Scripture passages to immutable source bytes
  ---
  duration_ms: 20.145417
  type: 'test'
  ...
# Subtest: a late resume rejection cannot overwrite a stopped session
ok 6 - a late resume rejection cannot overwrite a stopped session
  ---
  duration_ms: 6.318208
  type: 'test'
  ...
# Subtest: actual shell builder refuses missing, duplicate and source-mismatched mandatory narration manifests
ok 7 - actual shell builder refuses missing, duplicate and source-mismatched mandatory narration manifests
  ---
  duration_ms: 112.0105
  type: 'test'
  ...
# Subtest: media timing follows native metadata/time events and restart reuses the recording
ok 8 - media timing follows native metadata/time events and restart reuses the recording
  ---
  duration_ms: 6.49175
  type: 'test'
  ...
# Subtest: 750ms pending gap is held, canceled and restarted without ghost advancement
ok 9 - 750ms pending gap is held, canceled and restarted without ghost advancement
  ---
  duration_ms: 2723.966625
  type: 'test'
  ...
# (node:58603) ExperimentalWarning: The MockTimers API is an experimental feature and might change at any time
# (Use `node --trace-warnings ...` to show where the warning was created)
# Subtest: fake clock holds automatic advancement until exactly750ms
ok 10 - fake clock holds automatic advancement until exactly750ms
  ---
  duration_ms: 11.827083
  type: 'test'
  ...
# Subtest: live completion resets on restart stop speak restore and ignores stale ended
ok 11 - live completion resets on restart stop speak restore and ignores stale ended
  ---
  duration_ms: 10.969459
  type: 'test'
  ...
# Subtest: official logo path bytes and viewBoxes match observed source receipt
ok 12 - official logo path bytes and viewBoxes match observed source receipt
  ---
  duration_ms: 2.739208
  type: 'test'
  ...
# Subtest: complete shared CSS and actual composed component sources retain pinned bytes
ok 13 - complete shared CSS and actual composed component sources retain pinned bytes
  ---
  duration_ms: 3.863625
  type: 'test'
  ...
# Subtest: complete source-guided traversal accounts for all39 source stops in38groups and never enters hidden examples
ok 14 - complete source-guided traversal accounts for all39 source stops in38groups and never enters hidden examples
  ---
  duration_ms: 14.650792
  type: 'test'
  ...
# Subtest: step selection and reverse navigation preserve Scripture but cannot enter examples
ok 15 - step selection and reverse navigation preserve Scripture but cannot enter examples
  ---
  duration_ms: 0.164917
  type: 'test'
  ...
# Subtest: storage validates exact source position and discards invalid or hidden units
ok 16 - storage validates exact source position and discards invalid or hidden units
  ---
  duration_ms: 0.39925
  type: 'test'
  ...
# Subtest: 130source IDs partition into115activity source IDs,2metadata and13hidden without new resource link
ok 17 - 130source IDs partition into115activity source IDs,2metadata and13hidden without new resource link
  ---
  duration_ms: 2.943625
  type: 'test'
  ...
# Subtest: metadata bookmarks restore position not a map association, then Continue entersstep6
ok 18 - metadata bookmarks restore position not a map association, then Continue entersstep6
  ---
  duration_ms: 0.803459
  type: 'test'
  ...
# Subtest: simulated storage quota failure cannot replace the previous active pointer
ok 19 - simulated storage quota failure cannot replace the previous active pointer
  ---
  duration_ms: 26.511084
  type: 'test'
  ...
# Subtest: exact four attachments bijectively retain115 activity-source IDs and39 witnesses in111groups/38stopgroups
ok 20 - exact four attachments bijectively retain115 activity-source IDs and39 witnesses in111groups/38stopgroups
  ---
  duration_ms: 2.8895
  type: 'test'
  ...
# Subtest: each legacy cue restores the activity and cue state; ended stays and Continue skips only attached cue
ok 21 - each legacy cue restores the activity and cue state; ended stays and Continue skips only attached cue
  ---
  duration_ms: 0.687291
  type: 'test'
  ...
# Subtest: complete selected source pack verifies from actual files
ok 22 - complete selected source pack verifies from actual files
  ---
  duration_ms: 49.8555
  type: 'test'
  ...
# Subtest: a missing or duplicated verse fails even with a valid transport digest
ok 23 - a missing or duplicated verse fails even with a valid transport digest
  ---
  duration_ms: 276.340416
  type: 'test'
  ...
# Subtest: altered Scripture or emitted guide text fails canonical comparison
ok 24 - altered Scripture or emitted guide text fails canonical comparison
  ---
  duration_ms: 247.552166
  type: 'test'
  ...
# Subtest: a missing resource and guessed map alias fail
ok 25 - a missing resource and guessed map alias fail
  ---
  duration_ms: 289.027041
  type: 'test'
  ...
# Subtest: discussion stops and example boundaries cannot silently change
ok 26 - discussion stops and example boundaries cannot silently change
  ---
  duration_ms: 241.875583
  type: 'test'
  ...
# Subtest: missing rights and flattened map notice fail
ok 27 - missing rights and flattened map notice fail
  ---
  duration_ms: 437.403208
  type: 'test'
  ...
# Subtest: video bytes are not an accepted offline resource
ok 28 - video bytes are not an accepted offline resource
  ---
  duration_ms: 122.50575
  type: 'test'
  ...
# Subtest: corrupt or missing actual media fails integrity verification
ok 29 - corrupt or missing actual media fails integrity verification
  ---
  duration_ms: 103.466666
  type: 'test'
  ...
# Subtest: a changed image cannot be legitimized by recomputing its manifest digest
ok 30 - a changed image cannot be legitimized by recomputing its manifest digest
  ---
  duration_ms: 100.55475
  type: 'test'
  ...
# Subtest: simulated speech events: cancellation rejects stale source advancement and old errors
ok 31 - simulated speech events: cancellation rejects stale source advancement and old errors
  ---
  duration_ms: 5.825084
  type: 'test'
  ...
# Subtest: simulated speech events: chunks preserve source and item advances only after final chunk
ok 32 - simulated speech events: chunks preserve source and item advances only after final chunk
  ---
  duration_ms: 9.953625
  type: 'test'
  ...
# Subtest: simulated pause/resume require actual adapter event and absent voices are honest
ok 33 - simulated pause/resume require actual adapter event and absent voices are honest
  ---
  duration_ms: 5.550084
  type: 'test'
  ...
# Subtest: 21 frozen term recordings retain exact source, rights binding and cumulative attempt ceiling
ok 34 - 21 frozen term recordings retain exact source, rights binding and cumulative attempt ceiling
  ---
  duration_ms: 45.69525
  type: 'test'
  ...
# Subtest: four combined recordings preserve exact source and reviewed transition text
ok 35 - four combined recordings preserve exact source and reviewed transition text
  ---
  duration_ms: 4.211833
  type: 'test'
  ...
# Subtest: all111 guide destinations are reversible, bounded and preserve version/resource domains
ok 36 - all111 guide destinations are reversible, bounded and preserve version/resource domains
  ---
  duration_ms: 3.250417
  type: 'test'
  ...
# Subtest: workspace validates fields independently and source identity without guessing newer schemas
ok 37 - workspace validates fields independently and source identity without guessing newer schemas
  ---
  duration_ms: 1.884083
  type: 'test'
  ...
# Subtest: restored guide queues respect source stops and reject hidden/pure metadata IDs
ok 38 - restored guide queues respect source stops and reject hidden/pure metadata IDs
  ---
  duration_ms: 0.580583
  type: 'test'
  ...
# Subtest: restore never plays before explicit Resume and clamps verified metadata offset
ok 39 - restore never plays before explicit Resume and clamps verified metadata offset
  ---
  duration_ms: 4.595291
  type: 'test'
  ...
# Subtest: stale delayed fetch and metadata cannot override new playback, Restart or superseding restore
ok 40 - stale delayed fetch and metadata cannot override new playback, Restart or superseding restore
  ---
  duration_ms: 1.922625
  type: 'test'
  ...
# Subtest: pagehide-style checkpoint preserves source-bound offset through delayed metadata and seek
ok 41 - pagehide-style checkpoint preserves source-bound offset through delayed metadata and seek
  ---
  duration_ms: 2.273
  type: 'test'
  ...
1..41
# tests 41
# suites 0
# pass 41
# fail 0
# cancelled 0
# skipped 0
# todo 0
# duration_ms 3773.93525
