TAP version 13
# Subtest: six headings merge without losing source or narration IDs
ok 1 - six headings merge without losing source or narration IDs
  ---
  duration_ms: 0.885375
  type: 'test'
  ...
# Subtest: semantic cues, body normalization and finish gate
ok 2 - semantic cues, body normalization and finish gate
  ---
  duration_ms: 0.184458
  type: 'test'
  ...
# Subtest: restored Finish requires sanitized six steps and final group
ok 3 - restored Finish requires sanitized six steps and final group
  ---
  duration_ms: 0.211166
  type: 'test'
  ...
1..3
# tests 3
# suites 0
# pass 3
# fail 0
# cancelled 0
# skipped 0
# todo 0
# duration_ms 51.1745
