tab
waiting
waiting
waiting
{
  time: 5,
  paused: true,
  duration: 9.221188,
  stored: '{"selection":{"domain":"scripture","id":"ReinaValera1909","title":"Reina Valera 1909","anchor":null},"sourceOwnerId":"spa-ReinaValera1909-10041001002","checkpoint":{"ownerDomain":"scripture","clipId":"spa-ab01e49116817c891856","sourceSha256":"ab01e49116817c891856cb750ab6ce63700ef97245c92028f85df9369ded3f25","outputSha256":"ad7f268d9a8f6900467511dec41334166054fbe08467501f0555f20fee520aeb","offsetSeconds":5,"phase":"unfinished"}}'
}
tab
waiting
PASS paused content5s survives explicit intro and restores paused; Resume retains offset
tab
node:internal/modules/run_main:123
    triggerUncaughtException(
    ^

locator.click: Error: strict mode violation: getByRole('button', { name: /^Open Sandalias/ }) resolved to 3 elements:
    1) <button class="resource-surface-open" aria-label="Open Sandalias video"></button> aka getByRole('button', { name: 'Open Sandalias video' })
    2) <button class="resource-surface-open" aria-label="Open Sandalias image"></button> aka getByRole('button', { name: 'Open Sandalias image' }).first()
    3) <button class="resource-surface-open" aria-label="Open Sandalias image"></button> aka getByRole('button', { name: 'Open Sandalias image' }).nth(1)

Call log:
[2m  - waiting for getByRole('button', { name: /^Open Sandalias/ })[22m

    at /private/tmp/fia-disclosure-highlight-integration/evidence/disclosure-replay/native.mjs:1:2557 {
  log: [
    "  - waiting for getByRole('button', { name: /^Open Sandalias/ })"
  ]
}

Node.js v22.16.0
