[WebServer] (node:95350) Warning: The 'NO_COLOR' env is ignored due to the 'FORCE_COLOR' env being set.
[WebServer] (Use `node --trace-warnings ...` to show where the warning was created)

Running 6 tests using 1 worker

(node:95367) Warning: The 'NO_COLOR' env is ignored due to the 'FORCE_COLOR' env being set.
(Use `node --trace-warnings ...` to show where the warning was created)
  ✘  1 tests/offline-surface.spec.js:2:107 › Offline surface 390 light eng (6.4s)
(node:95372) Warning: The 'NO_COLOR' env is ignored due to the 'FORCE_COLOR' env being set.
(Use `node --trace-warnings ...` to show where the warning was created)
  ✘  2 tests/offline-surface.spec.js:2:107 › Offline surface 390 light spa (6.1s)
(node:95578) Warning: The 'NO_COLOR' env is ignored due to the 'FORCE_COLOR' env being set.
(Use `node --trace-warnings ...` to show where the warning was created)
  ✘  3 tests/offline-surface.spec.js:2:107 › Offline surface 390 dark eng (6.1s)
(node:95583) Warning: The 'NO_COLOR' env is ignored due to the 'FORCE_COLOR' env being set.
(Use `node --trace-warnings ...` to show where the warning was created)
  ✘  4 tests/offline-surface.spec.js:2:107 › Offline surface 390 dark spa (6.2s)
(node:95713) Warning: The 'NO_COLOR' env is ignored due to the 'FORCE_COLOR' env being set.
(Use `node --trace-warnings ...` to show where the warning was created)
  ✘  5 tests/offline-surface.spec.js:2:107 › Offline surface 320 light eng (6.0s)
(node:95796) Warning: The 'NO_COLOR' env is ignored due to the 'FORCE_COLOR' env being set.
(Use `node --trace-warnings ...` to show where the warning was created)
  ✘  6 tests/offline-surface.spec.js:2:107 › Offline surface 320 light spa (6.1s)


  1) tests/offline-surface.spec.js:2:107 › Offline surface 390 light eng ───────────────────────────

    Error: expect(locator).toBeVisible() failed

    Locator: getByRole('dialog').getByText('Narration preference could not be saved on this device.')
    Expected: visible
    Timeout: 5000ms
    Error: element(s) not found

    Call log:
      - Expect "toBeVisible" getByRole('dialog').getByText('Narration preference could not be saved on this device.') with timeout 5000ms
      - waiting for getByRole('dialog').getByText('Narration preference could not be saved on this device.')


      13 |  // Real UI persistence failure, with reference sections still closed.
      14 |  await page.evaluate(()=>{const original=Storage.prototype.setItem;Storage.prototype.setItem=function(k,v){if(k==='fia.narration.v1')throw Error('test storage unavailable');return original.call(this,k,v);};});
    > 15 |  const select=dialog.getByRole('combobox',{name:'Narration',exact:true});await select.focus();await page.keyboard.press('End');await page.keyboard.press('Enter');await expect(dialog.getByText('Narration preference could not be saved on this device.')).toBeVisible();await expect(dialog.getByText(/AI narration uses a synthetic voice/)).not.toBeVisible();
         |                                                                                                                                                                                                                                                             ^
      16 | });
      17 |
        at /private/tmp/fia-offline-surface/tests/offline-surface.spec.js:15:253

    Error Context: test-results/offline-surface-Offline-surface-390-light-eng/error-context.md

  2) tests/offline-surface.spec.js:2:107 › Offline surface 390 light spa ───────────────────────────

    Error: expect(locator).toBeVisible() failed

    Locator: getByRole('dialog').getByText('Narration preference could not be saved on this device.')
    Expected: visible
    Timeout: 5000ms
    Error: element(s) not found

    Call log:
      - Expect "toBeVisible" getByRole('dialog').getByText('Narration preference could not be saved on this device.') with timeout 5000ms
      - waiting for getByRole('dialog').getByText('Narration preference could not be saved on this device.')


      13 |  // Real UI persistence failure, with reference sections still closed.
      14 |  await page.evaluate(()=>{const original=Storage.prototype.setItem;Storage.prototype.setItem=function(k,v){if(k==='fia.narration.v1')throw Error('test storage unavailable');return original.call(this,k,v);};});
    > 15 |  const select=dialog.getByRole('combobox',{name:'Narration',exact:true});await select.focus();await page.keyboard.press('End');await page.keyboard.press('Enter');await expect(dialog.getByText('Narration preference could not be saved on this device.')).toBeVisible();await expect(dialog.getByText(/AI narration uses a synthetic voice/)).not.toBeVisible();
         |                                                                                                                                                                                                                                                             ^
      16 | });
      17 |
        at /private/tmp/fia-offline-surface/tests/offline-surface.spec.js:15:253

    Error Context: test-results/offline-surface-Offline-surface-390-light-spa/error-context.md

  3) tests/offline-surface.spec.js:2:107 › Offline surface 390 dark eng ────────────────────────────

    Error: expect(locator).toBeVisible() failed

    Locator: getByRole('dialog').getByText('Narration preference could not be saved on this device.')
    Expected: visible
    Timeout: 5000ms
    Error: element(s) not found

    Call log:
      - Expect "toBeVisible" getByRole('dialog').getByText('Narration preference could not be saved on this device.') with timeout 5000ms
      - waiting for getByRole('dialog').getByText('Narration preference could not be saved on this device.')


      13 |  // Real UI persistence failure, with reference sections still closed.
      14 |  await page.evaluate(()=>{const original=Storage.prototype.setItem;Storage.prototype.setItem=function(k,v){if(k==='fia.narration.v1')throw Error('test storage unavailable');return original.call(this,k,v);};});
    > 15 |  const select=dialog.getByRole('combobox',{name:'Narration',exact:true});await select.focus();await page.keyboard.press('End');await page.keyboard.press('Enter');await expect(dialog.getByText('Narration preference could not be saved on this device.')).toBeVisible();await expect(dialog.getByText(/AI narration uses a synthetic voice/)).not.toBeVisible();
         |                                                                                                                                                                                                                                                             ^
      16 | });
      17 |
        at /private/tmp/fia-offline-surface/tests/offline-surface.spec.js:15:253

    Error Context: test-results/offline-surface-Offline-surface-390-dark-eng/error-context.md

  4) tests/offline-surface.spec.js:2:107 › Offline surface 390 dark spa ────────────────────────────

    Error: expect(locator).toBeVisible() failed

    Locator: getByRole('dialog').getByText('Narration preference could not be saved on this device.')
    Expected: visible
    Timeout: 5000ms
    Error: element(s) not found

    Call log:
      - Expect "toBeVisible" getByRole('dialog').getByText('Narration preference could not be saved on this device.') with timeout 5000ms
      - waiting for getByRole('dialog').getByText('Narration preference could not be saved on this device.')


      13 |  // Real UI persistence failure, with reference sections still closed.
      14 |  await page.evaluate(()=>{const original=Storage.prototype.setItem;Storage.prototype.setItem=function(k,v){if(k==='fia.narration.v1')throw Error('test storage unavailable');return original.call(this,k,v);};});
    > 15 |  const select=dialog.getByRole('combobox',{name:'Narration',exact:true});await select.focus();await page.keyboard.press('End');await page.keyboard.press('Enter');await expect(dialog.getByText('Narration preference could not be saved on this device.')).toBeVisible();await expect(dialog.getByText(/AI narration uses a synthetic voice/)).not.toBeVisible();
         |                                                                                                                                                                                                                                                             ^
      16 | });
      17 |
        at /private/tmp/fia-offline-surface/tests/offline-surface.spec.js:15:253

    Error Context: test-results/offline-surface-Offline-surface-390-dark-spa/error-context.md

  5) tests/offline-surface.spec.js:2:107 › Offline surface 320 light eng ───────────────────────────

    Error: expect(locator).toBeVisible() failed

    Locator: getByRole('dialog').getByText('Narration preference could not be saved on this device.')
    Expected: visible
    Timeout: 5000ms
    Error: element(s) not found

    Call log:
      - Expect "toBeVisible" getByRole('dialog').getByText('Narration preference could not be saved on this device.') with timeout 5000ms
      - waiting for getByRole('dialog').getByText('Narration preference could not be saved on this device.')


      13 |  // Real UI persistence failure, with reference sections still closed.
      14 |  await page.evaluate(()=>{const original=Storage.prototype.setItem;Storage.prototype.setItem=function(k,v){if(k==='fia.narration.v1')throw Error('test storage unavailable');return original.call(this,k,v);};});
    > 15 |  const select=dialog.getByRole('combobox',{name:'Narration',exact:true});await select.focus();await page.keyboard.press('End');await page.keyboard.press('Enter');await expect(dialog.getByText('Narration preference could not be saved on this device.')).toBeVisible();await expect(dialog.getByText(/AI narration uses a synthetic voice/)).not.toBeVisible();
         |                                                                                                                                                                                                                                                             ^
      16 | });
      17 |
        at /private/tmp/fia-offline-surface/tests/offline-surface.spec.js:15:253

    Error Context: test-results/offline-surface-Offline-surface-320-light-eng/error-context.md

  6) tests/offline-surface.spec.js:2:107 › Offline surface 320 light spa ───────────────────────────

    Error: expect(locator).toBeVisible() failed

    Locator: getByRole('dialog').getByText('Narration preference could not be saved on this device.')
    Expected: visible
    Timeout: 5000ms
    Error: element(s) not found

    Call log:
      - Expect "toBeVisible" getByRole('dialog').getByText('Narration preference could not be saved on this device.') with timeout 5000ms
      - waiting for getByRole('dialog').getByText('Narration preference could not be saved on this device.')


      13 |  // Real UI persistence failure, with reference sections still closed.
      14 |  await page.evaluate(()=>{const original=Storage.prototype.setItem;Storage.prototype.setItem=function(k,v){if(k==='fia.narration.v1')throw Error('test storage unavailable');return original.call(this,k,v);};});
    > 15 |  const select=dialog.getByRole('combobox',{name:'Narration',exact:true});await select.focus();await page.keyboard.press('End');await page.keyboard.press('Enter');await expect(dialog.getByText('Narration preference could not be saved on this device.')).toBeVisible();await expect(dialog.getByText(/AI narration uses a synthetic voice/)).not.toBeVisible();
         |                                                                                                                                                                                                                                                             ^
      16 | });
      17 |
        at /private/tmp/fia-offline-surface/tests/offline-surface.spec.js:15:253

    Error Context: test-results/offline-surface-Offline-surface-320-light-spa/error-context.md

  6 failed
    tests/offline-surface.spec.js:2:107 › Offline surface 390 light eng ────────────────────────────
    tests/offline-surface.spec.js:2:107 › Offline surface 390 light spa ────────────────────────────
    tests/offline-surface.spec.js:2:107 › Offline surface 390 dark eng ─────────────────────────────
    tests/offline-surface.spec.js:2:107 › Offline surface 390 dark spa ─────────────────────────────
    tests/offline-surface.spec.js:2:107 › Offline surface 320 light eng ────────────────────────────
    tests/offline-surface.spec.js:2:107 › Offline surface 320 light spa ────────────────────────────
