TAP version 13
# Subtest: only actual presented type latches, merges and survives reload
ok 1 - only actual presented type latches, merges and survives reload
  ---
  duration_ms: 0.832917
  type: 'test'
  ...
# Subtest: denied persistence retains local knowledge without source acknowledgements
ok 2 - denied persistence retains local knowledge without source acknowledgements
  ---
  duration_ms: 0.21525
  type: 'test'
  ...
# Subtest: queue removes only introduced notice types and never invents available content
ok 3 - queue removes only introduced notice types and never invents available content
  ---
  duration_ms: 0.389
  type: 'test'
  ...
# Subtest: restoring acknowledged notice advances paused checkpoint but preserves content offset
ok 4 - restoring acknowledged notice advances paused checkpoint but preserves content offset
  ---
  duration_ms: 0.486708
  type: 'test'
  ...
1..4
# tests 4
# suites 0
# pass 4
# fail 0
# cancelled 0
# skipped 0
# todo 0
# duration_ms 49.247
