[WebServer] (node:24921) Warning: The 'NO_COLOR' env is ignored due to the 'FORCE_COLOR' env being set.
[WebServer] (Use `node --trace-warnings ...` to show where the warning was created)

Running 6 tests using 1 worker

(node:24938) Warning: The 'NO_COLOR' env is ignored due to the 'FORCE_COLOR' env being set.
(Use `node --trace-warnings ...` to show where the warning was created)
  ✓  1 tests/automatic-completion.spec.js:3:313 › automatic all page parts eng scripture (5.2s)
  ✘  2 tests/automatic-completion.spec.js:3:313 › automatic all page parts spa resources-modal (9.8s)
(node:25367) Warning: The 'NO_COLOR' env is ignored due to the 'FORCE_COLOR' env being set.
(Use `node --trace-warnings ...` to show where the warning was created)
  ✓  3 tests/guide-completion.spec.js:2:101 › optional completion preserves guide/audio 390 eng dark=false (1.4s)
  ✓  4 tests/guide-completion.spec.js:2:101 › optional completion preserves guide/audio 390 eng dark=true (1.1s)
  ✓  5 tests/guide-completion.spec.js:2:101 › optional completion preserves guide/audio 390 spa dark=false (1.1s)
  ✓  6 tests/guide-completion.spec.js:2:101 › optional completion preserves guide/audio 390 spa dark=true (1.2s)


  1) tests/automatic-completion.spec.js:3:313 › automatic all page parts spa resources-modal ───────

    Error: expect(locator).toBeVisible() failed

    Locator: getByRole('button', { name: 'Mark section incomplete', exact: true })
    Expected: visible
    Timeout: 5000ms
    Error: element(s) not found

    Call log:
      - Expect "toBeVisible" getByRole('button', { name: 'Mark section incomplete', exact: true }) with timeout 5000ms
      - waiting for getByRole('button', { name: 'Mark section incomplete', exact: true })


       6 |  if(kind==='scripture'){await page.getByRole('button',{name:/^Play Scripture/}).click();await endQueue(page);}else{const tiles=page.locator('.context-resources .resource-tile');const count=await tiles.count();expect(count).toBeGreaterThan(0);for(let i=0;i<count;i++){if(kind==='resources-modal'){if(language==='eng'&&i>0)await page.getByRole('dialog').getByRole('button',{name:'Next resource',exact:true}).click();else await tiles.nth(i).getByRole('button').first().click();await (language==='spa'?page.getByRole('dialog').locator('.dialog-transport-footer .owner-toggle'):page.getByRole('dialog').locator('.dialog-header-actions').getByRole('button',{name:/^Play /})).click();await endQueue(page);if(language!=='eng'||i===count-1)await page.keyboard.press('Escape');}else{await tiles.nth(i).getByRole('button',{name:/^Play /}).click();await endQueue(page);}}}
       7 |  if(kind==='resources-modal'&&language==='eng')await page.getByRole('tab',{name:'Guide',exact:true}).click();
    >  8 |  const undo=page.getByRole('button',{name:'Mark section incomplete',exact:true});await expect(undo).toBeVisible();await undo.click();await expect(mark()).toBeFocused();await page.locator('.guide-footer .owner-toggle').click();await endQueue(page);await expect(mark()).toBeVisible();await page.reload();await expect(mark()).toBeEnabled();await expect(page.getByTestId('current-unit')).toHaveAttribute('data-unit-id',id);
         |                                                                                                     ^
       9 |  await page.screenshot({path:`evidence/automatic-completion/${language}-${kind}.png`});
      10 | });
      11 | test('unrelated catalog playback does not backfill the guide page',async({page})=>{await page.addInitScript(()=>{const Native=Audio;window.__partCount=0;window.Audio=class extends Native{constructor(...a){super(...a);window.__partAudio=this;window.__partCount++;}};localStorage.setItem('fia.media-quality.v1','original');});await page.goto('/');await page.getByRole('combobox',{name:'Guide step',exact:true}).selectOption('S02');await page.getByRole('button',{name:/^Section .* · Browse$/}).click();await page.getByRole('dialog').locator('[data-unit-id="S02-U005"]').click();await page.locator('.guide-footer .owner-toggle').click();await endQueue(page);const before=await page.evaluate(()=>JSON.parse(localStorage.getItem('fia.guide-completion.v1.eng.mark-1-1-13')).records.find(r=>r.sectionId==='S02-U005').playedParts);await page.getByRole('tab',{name:'Resources',exact:true}).click();await page.locator('.resource-tile').filter({has:page.getByRole('button',{name:'Open Jordan River image',exact:true})}).getByRole('button',{name:'Open Jordan River image',exact:true}).click();await page.getByRole('dialog').locator('.dialog-header-actions').getByRole('button',{name:/^Play /}).click();await endQueue(page);await page.keyboard.press('Escape');await page.getByRole('tab',{name:'Guide',exact:true}).click();await expect(page.getByRole('button',{name:'Mark section complete',exact:true})).toBeVisible();expect(await page.evaluate(()=>JSON.parse(localStorage.getItem('fia.guide-completion.v1.eng.mark-1-1-13')).records.find(r=>r.sectionId==='S02-U005').playedParts)).toEqual(before);});
        at /private/tmp/fia-auto-completion/tests/automatic-completion.spec.js:8:101

    Error Context: test-results/automatic-completion-autom-1a4f3-e-parts-spa-resources-modal/error-context.md

  1 failed
    tests/automatic-completion.spec.js:3:313 › automatic all page parts spa resources-modal ────────
  5 passed (21.9s)
