TAP version 13
# Subtest: workspace validates fields independently and source identity without guessing newer schemas
ok 1 - workspace validates fields independently and source identity without guessing newer schemas
  ---
  duration_ms: 1.286125
  type: 'test'
  ...
# Subtest: restored guide queues respect source stops and reject hidden/pure metadata IDs
ok 2 - restored guide queues respect source stops and reject hidden/pure metadata IDs
  ---
  duration_ms: 0.407875
  type: 'test'
  ...
# Subtest: restore never plays before explicit Resume and clamps verified metadata offset
ok 3 - restore never plays before explicit Resume and clamps verified metadata offset
  ---
  duration_ms: 203.85825
  type: 'test'
  ...
# Subtest: stale delayed fetch and metadata cannot override new playback, Restart or superseding restore
ok 4 - stale delayed fetch and metadata cannot override new playback, Restart or superseding restore
  ---
  duration_ms: 710.225167
  type: 'test'
  ...
1..4
# tests 4
# suites 0
# pass 4
# fail 0
# cancelled 0
# skipped 0
# todo 0
# duration_ms 964.668792
