{
  time: 5,
  paused: true,
  stored: '{"selection":{"domain":"guide","id":"spa-mrk-p1-v2.1-s1-u003","title":"Escuchar con el corazón","anchor":null},"sourceOwnerId":"spa-spa-mrk-p1-v2.1-s1-u003","checkpoint":{"ownerDomain":"guide","clipId":"spa-a2b89ae2ba20582a03e5","sourceSha256":"a2b89ae2ba20582a03e53143543fe88c07c1ee6048aac689d0adcec5cf90b979","outputSha256":"a70b66aeac133f0d25695a18937ab98e7d892ee3c4cf505a6ead7e7549a8a5d6","offsetSeconds":5,"phase":"unfinished"}}',
  all: [
    'fia-workspace/spa/spa-mrk-1-1-13-expanded-v2/01d6b3faf3e2e8313ce02cec01f91354724624f45f29896b4535d1d256cf1645',
    'fia.workspace.mark-1-1-13.v2',
    'fia-audio-checkpoint/spa/v1',
    'fia-content-language-v1'
  ],
  body: 'GuideEscuchen una versión en audio de Marcos 1:1–13 tres veces, de ser posible, en tres traducciones diferentes. Luego, de forma grupal, platiquen de las siguientes preguntas:Play Scripture RV1909Read the selected ScriptureEscuchar con el corazón '
}
node:internal/modules/run_main:123
    triggerUncaughtException(
    ^

ExpectError: expect(locator).toBeVisible() failed

Locator: getByRole('dialog').getByRole('button', { name: /^Restart / })
Expected: visible
Timeout: 5000ms
Error: element(s) not found

Call log:
  - Expect "toBeVisible" getByRole('dialog').getByRole('button', { name: /^Restart / }) with timeout 5000ms
  - waiting for getByRole('dialog').getByRole('button', { name: /^Restart / })

    at captureRawStack (/private/tmp/fia-functional-poc-app/node_modules/playwright-core/lib/coreBundle.js:8588:17)
    at callMatcherAsStep (/private/tmp/fia-functional-poc-app/node_modules/playwright/lib/matchers/expect.js:13310:57)
    at Object.toBeVisible (/private/tmp/fia-functional-poc-app/node_modules/playwright/lib/matchers/expect.js:13302:23)
    at /private/tmp/fia-published-spanish-ulb/evidence/intro-restart/native.mjs:1:1963 {
  matcherResult: {
    message: 'expect(locator).toBeVisible() failed\n' +
      '\n' +
      "Locator: getByRole('dialog').getByRole('button', { name: /^Restart / })\n" +
      'Expected: visible\n' +
      'Timeout: 5000ms\n' +
      'Error: element(s) not found\n' +
      '\n' +
      'Call log:\n' +
      `  - Expect "toBeVisible" getByRole('dialog').getByRole('button', { name: /^Restart / }) with timeout 5000ms\n` +
      "  - waiting for getByRole('dialog').getByRole('button', { name: /^Restart / })\n",
    pass: false,
    actual: undefined,
    name: 'toBeVisible',
    expected: 'visible',
    log: [
      `  - Expect "toBeVisible" getByRole('dialog').getByRole('button', { name: /^Restart / }) with timeout 5000ms`,
      "  - waiting for getByRole('dialog').getByRole('button', { name: /^Restart / })"
    ],
    timeout: 5000,
    ariaSnapshot: '- banner:\n' +
      '  - img "FIA":\n' +
      '    - img\n' +
      '    - img\n' +
      '  - heading "Mark 1:1–13" [level=1]\n' +
      '  - button "Offline passage and settings":\n' +
      '    - img\n' +
      '    - text: Save\n' +
      '  - button "Switch to dark theme"\n' +
      '- main:\n' +
      '  - tabpanel "Guide":\n' +
      '    - text: Guide step\n' +
      '    - combobox "Guide step":\n' +
      '      - option "1/6 · Escuchar con el corazón" [selected]\n' +
      '      - option "2/6 · Pongámonos en contexto"\n' +
      '      - option "3/6 · Definamos las escenas"\n' +
      '      - option "4/6 · Actuemos el texto"\n' +
      '      - option "5/6 · Cerremos las brechas"\n' +
      '      - option "6/6 · Hablar la Palabra"\n' +
      '    - img\n' +
      '    - button "Section 2 of 8 · Browse": Section 2/8\n' +
      '    - region "Source guide":\n' +
      '      - text: Guide\n' +
      '      - button "Spanish source and attribution"\n' +
      '      - button "Restart Escuchar con el corazón"\n' +
      '      - paragraph: "Escuchen una versión en audio de Marcos 1:1–13 tres veces, de ser posible, en tres traducciones diferentes. Luego, de forma grupal, platiquen de las siguientes preguntas:"\n' +
      '      - button "Play Scripture RV1909"\n' +
      '      - button "Read the selected Scripture"\n' +
      '      - button "Previous guide activity"\n' +
      '      - button "Resume Play Escuchar con el corazón": Escuchar con el corazón\n' +
      '      - button "Next guide activity"\n' +
      `      - 'progressbar "Escuchar con el corazón: 0:05 of 0:18"'\n` +
      '- navigation "Passage views":\n' +
      '  - tablist "Passage views":\n' +
      '    - tab "Languages":\n' +
      '      - img\n' +
      '    - tab "Guide" [selected]:\n' +
      '      - img\n' +
      '      - text: Guide\n' +
      '    - tab "Scripture":\n' +
      '      - img\n' +
      '    - tab "Resources":\n' +
      '      - img\n' +
      '- dialog "Spanish source and attribution":\n' +
      '  - heading "Spanish source and attribution" [level=2]\n' +
      '  - button "Close resource": Close\n' +
      '  - region "Audio introductions":\n' +
      '    - paragraph: Prepared narration uses a synthetic voice. Automatic synthetic-voice introductions are disabled. Source-specific translation and map notices remain with their content.\n' +
      '    - button "Replay audio introduction"\n' +
      '  - paragraph: Word Collective 2025\n' +
      '  - paragraph:\n' +
      '    - link "CC BY-SA 4.0 license":\n' +
      '      - /url: https://creativecommons.org/licenses/by-sa/4.0/legalcode.en\n' +
      '  - paragraph: Familiarization, Internalization, Articulation (FIA) Translation Guide © 2025 Word Collective Released under CC BY-SA 4.0 license. Familiarization, Internalization, Articulation (FIA) Translation Guide has been adapted in the following languages Tok Pisin, عربي, Français, हिंदी, Bahasa Indonesia, Português, Русский, Español, Kiswahili, 简体中文 from Familiarization, Internalization, Articulation (FIA) © 2025 Word Collective Released under CC BY-SA 4.0 license by Mission Mutual\n' +
      '  - paragraph: "Pedido de Archivo:"\n' +
      '  - paragraph: Mapa de Judea y de Jerusalén\n' +
      '  - paragraph: Prepared Spanish recordings are available. Written source and translation notices remain below.\n' +
      '  - button "Previous guide activity"\n' +
      '  - button "Resume Play Escuchar con el corazón": Escuchar con el corazón\n' +
      '  - button "Next guide activity"\n' +
      `  - 'progressbar "Escuchar con el corazón: 0:05 of 0:18"'`
  }
}

Node.js v22.16.0
