{
  time: 5,
  paused: true,
  stored: null,
  all: [
    'fia-workspace/spa/spa-mrk-1-1-13-expanded-v2/01d6b3faf3e2e8313ce02cec01f91354724624f45f29896b4535d1d256cf1645',
    'fia.workspace.mark-1-1-13.v2',
    'fia-content-language-v1'
  ],
  body: 'ces, de ser posible, en tres traducciones diferentes. Luego, de forma grupal, platiquen de las siguientes preguntas:Play Scripture RV1909Read the selected ScriptureRetry · Escuchar con el corazón Playback could not start: The play() request was interrupted by a call to pause(). https://goo.gl/LdLk22'
}
node:internal/modules/run_main:123
    triggerUncaughtException(
    ^

page.waitForFunction: Timeout 12000ms exceeded.
    at /private/tmp/fia-published-spanish-ulb/evidence/intro-restart/native.mjs:1:1367 {
  log: [],
  name: 'TimeoutError'
}

Node.js v22.16.0
