TAP version 13
# Subtest: only three exact RV1909 verse mappings validate and source edits fail closed
ok 1 - only three exact RV1909 verse mappings validate and source edits fail closed
  ---
  duration_ms: 1.150083
  type: 'test'
  ...
# Subtest: active exact output identity is required, including during restore and source switches
ok 2 - active exact output identity is required, including during restore and source switches
  ---
  duration_ms: 0.179083
  type: 'test'
  ...
# Subtest: Medium uses exact timed originals while prior compressed checkpoints remain safely resumable without timing
ok 3 - Medium uses exact timed originals while prior compressed checkpoints remain safely resumable without timing
  ---
  duration_ms: 0.429042
  type: 'test'
  ...
# Subtest: previously saved compressed-only payload remains playable without original timing
ok 4 - previously saved compressed-only payload remains playable without original timing
  ---
  duration_ms: 0.760667
  type: 'test'
  ...
1..4
# tests 4
# suites 0
# pass 4
# fail 0
# cancelled 0
# skipped 0
# todo 0
# duration_ms 52.417667
