[WebServer] (node:3043) Warning: The 'NO_COLOR' env is ignored due to the 'FORCE_COLOR' env being set.
[WebServer] (Use `node --trace-warnings ...` to show where the warning was created)
[WebServer] (node:3062) Warning: The 'NO_COLOR' env is ignored due to the 'FORCE_COLOR' env being set.
[WebServer] (Use `node --trace-warnings ...` to show where the warning was created)

Running 17 tests using 1 worker

(node:3063) Warning: The 'NO_COLOR' env is ignored due to the 'FORCE_COLOR' env being set.
(Use `node --trace-warnings ...` to show where the warning was created)
  ✓   1 tests/picker-cleanup.spec.js:2:1 › picker full search, same-language exit and verified destination (1.8s)
  ✓   2 tests/picker-cleanup.spec.js:3:1 › busy rows disable and failed target retains picker (562ms)
  ✘   3 tests/picker-cleanup.spec.js:4:1 › picker and native step options both themes and languages (450ms)
(node:3269) Warning: The 'NO_COLOR' env is ignored due to the 'FORCE_COLOR' env being set.
(Use `node --trace-warnings ...` to show where the warning was created)
  ✓   4 tests/spanish-integration.spec.js:3:1 › full picker and English Spanish reload switches never autoplay (1.9s)
  ✓   5 tests/spanish-integration.spec.js:4:1 › Spanish saves separate verified text pack and restores offline (1.2s)
  ✓   6 tests/spanish-integration.spec.js:5:1 › Spanish narrow full picker source view and keyboard example return (966ms)
  ✓   7 tests/spanish-integration.spec.js:6:1 › corrupt target retains paused English with zero added plays (701ms)
  ✓   8 tests/spanish-integration.spec.js:7:1 › denied storage fonts blocked and large Spanish text remain usable (793ms)
  ✓   9 tests/spanish-integration.spec.js:8:1 › Spanish invalid source ID visibly resets without autoplay (824ms)
  ✓  10 tests/spanish-integration.spec.js:9:1 › saved legacy English then new Spanish launches current shell offline (2.6s)
  ✓  11 tests/spanish-integration.spec.js:10:1 › repaired Spanish position drops both new and historical persisted warning on reload (1.0s)
  ✓  12 tests/spanish-integration.spec.js:11:1 › English Languages view survives reload without autoplay (526ms)
  ✓  13 tests/spanish-integration.spec.js:12:1 › Languages reload keeps explicit Resume at native checkpoint (912ms)
  ✓  14 tests/spanish-integration.spec.js:14:1 › language roundtrip preserves native checkpoint and shared theme (1.4s)
  ✓  15 tests/spanish-integration.spec.js:17:1 › online deferred audio fetch › pending English start is fenced during slow Spanish selection (645ms)
  ✓  16 tests/spanish-integration.spec.js:20:1 › Spanish theme preserves legacy English guide position (905ms)
  ✓  17 tests/spanish-integration.spec.js:21:1 › Spanish invalid position and theme quota warnings remain distinct (716ms)


  1) tests/picker-cleanup.spec.js:4:1 › picker and native step options both themes and languages ───

    Error: expect(received).not.toBe(expected) // Object.is equality

    Expected: not "S01"

      2 | test('picker full search, same-language exit and verified destination',async({page})=>{await page.goto('/');await page.getByRole('tab',{name:'Scripture',exact:true}).click();await page.getByRole('tab',{name:'Languages',exact:true}).click();const en=page.getByRole('button',{name:/^English eng/});await expect(en).toHaveAttribute('aria-pressed','true');await expect(page.getByText('English',{exact:true})).toHaveCount(1);let requests=0;page.on('request',r=>{if(r.url().includes('/content/'))requests++;});await en.click();await expect(page.getByRole('tab',{name:'Scripture',exact:true})).toHaveAttribute('aria-selected','true');expect(requests).toBe(0);await page.getByRole('tab',{name:'Resources',exact:true}).click();await page.getByRole('tab',{name:'Languages',exact:true}).click();const search=page.getByRole('textbox',{name:'Search guide languages'});for(const q of ['Español','Spanish','spa','es']){await search.fill(q);await expect(page.getByRole('button',{name:/^Español Spanish spa/})).toBeVisible();}await search.fill('no-such-language');await expect(page.getByText(/No available language matches/)).toBeVisible();await page.getByRole('button',{name:'Clear',exact:true}).click();await page.getByRole('button',{name:/^Español Spanish spa/}).click();await expect(page.getByRole('tab',{name:'Resources',exact:true})).toHaveAttribute('aria-selected','true');await expect(page.getByText(/Español · text and images/)).toBeVisible();});
      3 | test('busy rows disable and failed target retains picker',async({browser})=>{const context=await browser.newContext({serviceWorkers:'block'});const page=await context.newPage();let release;const held=new Promise(r=>release=r);await page.route('**/content/spa/**/pack.json',async r=>{await held;await r.fulfill({body:'corrupt'});});await page.goto('/');await page.getByRole('tab',{name:'Languages',exact:true}).click();await page.getByRole('button',{name:/^Español Spanish spa/}).click();await expect(page.getByRole('button',{name:/^English eng/})).toBeDisabled();release();await expect(page.getByRole('alert')).toContainText('integrity');await expect(page.getByRole('tab',{name:'Languages',exact:true})).toHaveAttribute('aria-selected','true');await context.close();});
    > 4 | test('picker and native step options both themes and languages',async({page})=>{await page.goto('/');for(const lang of ['eng','spa']){if(lang==='spa'){await page.getByRole('tab',{name:'Languages',exact:true}).click();await page.getByRole('button',{name:/^Español Spanish spa/}).click();await expect(page.getByText(/Español · text and images/)).toBeVisible();}for(const theme of ['light','dark']){await page.evaluate(t=>document.documentElement.dataset.theme=t,theme);await page.setViewportSize({width:320,height:900});await page.getByRole('tab',{name:'Languages',exact:true}).click();await page.screenshot({path:`evidence/language-picker-cleanup/after-${lang}-${theme}.png`});await page.getByRole('tab',{name:'Guide',exact:true}).click();const select=page.getByRole('combobox',{name:'Guide step'});await select.focus();await page.keyboard.press('ArrowDown');await page.keyboard.press('Enter');expect(await select.inputValue()).not.toBe(lang==='eng'?'S01':'1');const colors=await select.locator('option').first().evaluate(e=>({bg:getComputedStyle(e).backgroundColor,fg:getComputedStyle(e).color,scheme:getComputedStyle(e).colorScheme}));expect(colors.bg).not.toBe(colors.fg);expect(colors.scheme).toBe(theme);await select.click();await page.screenshot({path:`evidence/language-picker-cleanup/options-${lang}-${theme}.png`});await page.keyboard.press('Escape');}}});
        |                                                                                                                                                                                                                                                                                                                                                                                                                                                                                                                                                                                                                                                                                                                                                                                                                                                                                                                                                                    ^
      5 |
        at /private/tmp/fia-language-picker-20260914/tests/picker-cleanup.spec.js:4:932

    Error Context: test-results/picker-cleanup-picker-and--f410a-s-both-themes-and-languages/error-context.md

  1 failed
    tests/picker-cleanup.spec.js:4:1 › picker and native step options both themes and languages ────
  16 passed (19.5s)
