
> fia-functional-poc@0.1.1 test
> node --test tests/*.test.mjs

TAP version 13
# Subtest: simulated HTMLAudio events advance only ended source units and suppress canceled callbacks
ok 1 - simulated HTMLAudio events advance only ended source units and suppress canceled callbacks
  ---
  duration_ms: 792.381667
  type: 'test'
  ...
# Subtest: simulated HTMLAudio pause resumes same source and media errors do not advance
ok 2 - simulated HTMLAudio pause resumes same source and media errors do not advance
  ---
  duration_ms: 6.0485
  type: 'test'
  ...
# Subtest: selected audio integrity failure and changed source fail before playback
ok 3 - selected audio integrity failure and changed source fail before playback
  ---
  duration_ms: 13.277417
  type: 'test'
  ...
# Subtest: pure synthesis guards count uncertain attempts and reject changed input, repeated IDs and cumulative caps without network
ok 4 - pure synthesis guards count uncertain attempts and reject changed input, repeated IDs and cumulative caps without network
  ---
  duration_ms: 1.005125
  type: 'test'
  ...
# Subtest: complete prepared audio binds exactly117 visible guide units and3 Scripture passages to immutable source bytes
ok 5 - complete prepared audio binds exactly117 visible guide units and3 Scripture passages to immutable source bytes
  ---
  duration_ms: 36.425875
  type: 'test'
  ...
# Subtest: a late resume rejection cannot overwrite a stopped session
ok 6 - a late resume rejection cannot overwrite a stopped session
  ---
  duration_ms: 8.717
  type: 'test'
  ...
# Subtest: actual shell builder refuses missing, duplicate and source-mismatched mandatory narration manifests
ok 7 - actual shell builder refuses missing, duplicate and source-mismatched mandatory narration manifests
  ---
  duration_ms: 213.260042
  type: 'test'
  ...
# Subtest: media timing follows native metadata/time events and restart reuses the recording
ok 8 - media timing follows native metadata/time events and restart reuses the recording
  ---
  duration_ms: 6.10825
  type: 'test'
  ...
# Subtest: 750ms pending gap is held, canceled and restarted without ghost advancement
ok 9 - 750ms pending gap is held, canceled and restarted without ghost advancement
  ---
  duration_ms: 2723.589417
  type: 'test'
  ...
# (node:3487) ExperimentalWarning: The MockTimers API is an experimental feature and might change at any time
# (Use `node --trace-warnings ...` to show where the warning was created)
# Subtest: fake clock holds automatic advancement until exactly750ms
ok 10 - fake clock holds automatic advancement until exactly750ms
  ---
  duration_ms: 12.655959
  type: 'test'
  ...
# Subtest: live completion resets on restart stop speak restore and ignores stale ended
ok 11 - live completion resets on restart stop speak restore and ignores stale ended
  ---
  duration_ms: 16.158833
  type: 'test'
  ...
# Subtest: official logo path bytes and viewBoxes match observed source receipt
ok 12 - official logo path bytes and viewBoxes match observed source receipt
  ---
  duration_ms: 4.17125
  type: 'test'
  ...
# Subtest: complete shared CSS and actual composed component sources retain pinned bytes
not ok 13 - complete shared CSS and actual composed component sources retain pinned bytes
  ---
  duration_ms: 5.413083
  type: 'test'
  location: '/private/tmp/fia-language-picker-20260914/tests/design-system.test.mjs:2:1'
  failureType: 'testCodeFailure'
  error: |-
    components/forms/GlassSelect.jsx
    + actual - expected
    
    + 'e39ec23711b3d67b9d0c3e5c81c2d3b2c991f499cdffa2edb5f198852f61ccb7'
    - '387a4df7d40c3ae31032c568b2ed4d2ec7184e61ab31d16ddaeb73c086881d10'
    
  code: 'ERR_ASSERTION'
  name: 'AssertionError'
  expected: '387a4df7d40c3ae31032c568b2ed4d2ec7184e61ab31d16ddaeb73c086881d10'
  actual: 'e39ec23711b3d67b9d0c3e5c81c2d3b2c991f499cdffa2edb5f198852f61ccb7'
  operator: 'strictEqual'
  stack: |-
    TestContext.<anonymous> (file:///private/tmp/fia-language-picker-20260914/tests/design-system.test.mjs:2:238)
    Test.runInAsyncScope (node:async_hooks:214:14)
    Test.run (node:internal/test_runner/test:1047:25)
    Test.start (node:internal/test_runner/test:944:17)
    startSubtestAfterBootstrap (node:internal/test_runner/harness:296:17)
  ...
# Subtest: complete source-guided traversal accounts for all39 source stops in38groups and never enters hidden examples
ok 14 - complete source-guided traversal accounts for all39 source stops in38groups and never enters hidden examples
  ---
  duration_ms: 14.288542
  type: 'test'
  ...
# Subtest: step selection and reverse navigation preserve Scripture but cannot enter examples
ok 15 - step selection and reverse navigation preserve Scripture but cannot enter examples
  ---
  duration_ms: 0.152208
  type: 'test'
  ...
# Subtest: storage validates exact source position and discards invalid or hidden units
ok 16 - storage validates exact source position and discards invalid or hidden units
  ---
  duration_ms: 0.677958
  type: 'test'
  ...
# Subtest: install offer is consumed once; dismissal does not claim installation
ok 17 - install offer is consumed once; dismissal does not claim installation
  ---
  duration_ms: 0.663333
  type: 'test'
  ...
# Subtest: browser acceptance and launch mode are separate, with no persistent installed flag
ok 18 - browser acceptance and launch mode are separate, with no persistent installed flag
  ---
  duration_ms: 0.583417
  type: 'test'
  ...
# Subtest: missing or failed installation event is recoverable and never installed
ok 19 - missing or failed installation event is recoverable and never installed
  ---
  duration_ms: 1.307958
  type: 'test'
  ...
# Subtest: nested resolver uses selected Scripture and exact attachment order/explicit selection
ok 20 - nested resolver uses selected Scripture and exact attachment order/explicit selection
  ---
  duration_ms: 0.856625
  type: 'test'
  ...
# Subtest: instruction queue stops without advancing session or creating discussion completion
ok 21 - instruction queue stops without advancing session or creating discussion completion
  ---
  duration_ms: 0.377208
  type: 'test'
  ...
# Subtest: 130source IDs partition into115activity source IDs,2metadata and13hidden without new resource link
ok 22 - 130source IDs partition into115activity source IDs,2metadata and13hidden without new resource link
  ---
  duration_ms: 1.131125
  type: 'test'
  ...
# Subtest: metadata bookmarks restore position not a map association, then Continue entersstep6
ok 23 - metadata bookmarks restore position not a map association, then Continue entersstep6
  ---
  duration_ms: 3.573084
  type: 'test'
  ...
# Subtest: simulated storage quota failure cannot replace the previous active pointer
ok 24 - simulated storage quota failure cannot replace the previous active pointer
  ---
  duration_ms: 42.683833
  type: 'test'
  ...
# Subtest: failure between shell and active metadata writes restores the previous shell and pack
ok 25 - failure between shell and active metadata writes restores the previous shell and pack
  ---
  duration_ms: 42.818916
  type: 'test'
  ...
# Subtest: exact four attachments bijectively retain115 activity-source IDs and39 witnesses in111groups/38stopgroups
ok 26 - exact four attachments bijectively retain115 activity-source IDs and39 witnesses in111groups/38stopgroups
  ---
  duration_ms: 10.583833
  type: 'test'
  ...
# Subtest: each legacy cue restores the activity and cue state; ended stays and Continue skips only attached cue
ok 27 - each legacy cue restores the activity and cue state; ended stays and Continue skips only attached cue
  ---
  duration_ms: 1.514333
  type: 'test'
  ...
# Subtest: complete selected source pack verifies from actual files
ok 28 - complete selected source pack verifies from actual files
  ---
  duration_ms: 134.394042
  type: 'test'
  ...
# Subtest: a missing or duplicated verse fails even with a valid transport digest
ok 29 - a missing or duplicated verse fails even with a valid transport digest
  ---
  duration_ms: 716.199083
  type: 'test'
  ...
# Subtest: altered Scripture or emitted guide text fails canonical comparison
ok 30 - altered Scripture or emitted guide text fails canonical comparison
  ---
  duration_ms: 677.436584
  type: 'test'
  ...
# Subtest: a missing resource and guessed map alias fail
ok 31 - a missing resource and guessed map alias fail
  ---
  duration_ms: 681.694583
  type: 'test'
  ...
# Subtest: discussion stops and example boundaries cannot silently change
ok 32 - discussion stops and example boundaries cannot silently change
  ---
  duration_ms: 596.096125
  type: 'test'
  ...
# Subtest: missing rights and flattened map notice fail
ok 33 - missing rights and flattened map notice fail
  ---
  duration_ms: 489.61375
  type: 'test'
  ...
# Subtest: video bytes are not an accepted offline resource
ok 34 - video bytes are not an accepted offline resource
  ---
  duration_ms: 250.336791
  type: 'test'
  ...
# Subtest: corrupt or missing actual media fails integrity verification
ok 35 - corrupt or missing actual media fails integrity verification
  ---
  duration_ms: 285.486208
  type: 'test'
  ...
# Subtest: a changed image cannot be legitimized by recomputing its manifest digest
ok 36 - a changed image cannot be legitimized by recomputing its manifest digest
  ---
  duration_ms: 186.479417
  type: 'test'
  ...
# Subtest: Spanish source coverage retains all blocks and isolates optional enactment
ok 37 - Spanish source coverage retains all blocks and isolates optional enactment
  ---
  duration_ms: 26.520333
  type: 'test'
  ...
# Subtest: original Spanish bodies and rights survive projection, derived text stays separate
ok 38 - original Spanish bodies and rights survive projection, derived text stays separate
  ---
  duration_ms: 19.209958
  type: 'test'
  ...
# Subtest: unknown source IDs, changed original text, altered supplement and ordinary example fail closed
ok 39 - unknown source IDs, changed original text, altered supplement and ordinary example fail closed
  ---
  duration_ms: 33.871416
  type: 'test'
  ...
# Subtest: candidate payload and asset manifest have no runtime/audio activation or private paths
ok 40 - candidate payload and asset manifest have no runtime/audio activation or private paths
  ---
  duration_ms: 21.790917
  type: 'test'
  ...
# Subtest: editorial resource requests preserve source but never become activities or examples
ok 41 - editorial resource requests preserve source but never become activities or examples
  ---
  duration_ms: 6.11225
  type: 'test'
  ...
# Subtest: simulated speech events: cancellation rejects stale source advancement and old errors
ok 42 - simulated speech events: cancellation rejects stale source advancement and old errors
  ---
  duration_ms: 9.826
  type: 'test'
  ...
# Subtest: simulated speech events: chunks preserve source and item advances only after final chunk
ok 43 - simulated speech events: chunks preserve source and item advances only after final chunk
  ---
  duration_ms: 13.119916
  type: 'test'
  ...
# Subtest: simulated pause/resume require actual adapter event and absent voices are honest
ok 44 - simulated pause/resume require actual adapter event and absent voices are honest
  ---
  duration_ms: 9.223541
  type: 'test'
  ...
# Subtest: 21 frozen term recordings retain exact source, rights binding and cumulative attempt ceiling
ok 45 - 21 frozen term recordings retain exact source, rights binding and cumulative attempt ceiling
  ---
  duration_ms: 75.013041
  type: 'test'
  ...
# Subtest: four combined recordings preserve exact source and reviewed transition text
ok 46 - four combined recordings preserve exact source and reviewed transition text
  ---
  duration_ms: 3.18875
  type: 'test'
  ...
# Subtest: all111 guide destinations are reversible, bounded and preserve version/resource domains
ok 47 - all111 guide destinations are reversible, bounded and preserve version/resource domains
  ---
  duration_ms: 2.259958
  type: 'test'
  ...
# Subtest: workspace validates fields independently and source identity without guessing newer schemas
ok 48 - workspace validates fields independently and source identity without guessing newer schemas
  ---
  duration_ms: 0.9745
  type: 'test'
  ...
# Subtest: restored guide queues respect source stops and reject hidden/pure metadata IDs
ok 49 - restored guide queues respect source stops and reject hidden/pure metadata IDs
  ---
  duration_ms: 0.488584
  type: 'test'
  ...
# Subtest: restore never plays before explicit Resume and clamps verified metadata offset
ok 50 - restore never plays before explicit Resume and clamps verified metadata offset
  ---
  duration_ms: 7.11375
  type: 'test'
  ...
# Subtest: stale delayed fetch and metadata cannot override new playback, Restart or superseding restore
ok 51 - stale delayed fetch and metadata cannot override new playback, Restart or superseding restore
  ---
  duration_ms: 5.600667
  type: 'test'
  ...
# Subtest: pagehide-style checkpoint preserves source-bound offset through delayed metadata and seek
ok 52 - pagehide-style checkpoint preserves source-bound offset through delayed metadata and seek
  ---
  duration_ms: 1.4585
  type: 'test'
  ...
# Subtest: theme-only Spanish storage restores English theme without losing existing fields
ok 53 - theme-only Spanish storage restores English theme without losing existing fields
  ---
  duration_ms: 0.690333
  type: 'test'
  ...
1..53
# tests 53
# suites 0
# pass 52
# fail 1
# cancelled 0
# skipped 0
# todo 0
# duration_ms 4209.915083
