
> fia-functional-poc@0.1.0 test
> node --test tests/*.test.mjs

TAP version 13
# Subtest: simulated HTMLAudio events advance only ended source units and suppress canceled callbacks
ok 1 - simulated HTMLAudio events advance only ended source units and suppress canceled callbacks
  ---
  duration_ms: 782.959625
  type: 'test'
  ...
# Subtest: simulated HTMLAudio pause resumes same source and media errors do not advance
ok 2 - simulated HTMLAudio pause resumes same source and media errors do not advance
  ---
  duration_ms: 7.410709
  type: 'test'
  ...
# Subtest: selected audio integrity failure and changed source fail before playback
ok 3 - selected audio integrity failure and changed source fail before playback
  ---
  duration_ms: 12.494917
  type: 'test'
  ...
# Subtest: pure synthesis guards count uncertain attempts and reject changed input, repeated IDs and cumulative caps without network
ok 4 - pure synthesis guards count uncertain attempts and reject changed input, repeated IDs and cumulative caps without network
  ---
  duration_ms: 0.436834
  type: 'test'
  ...
# Subtest: complete prepared audio binds exactly117 visible guide units and3 Scripture passages to immutable source bytes
ok 5 - complete prepared audio binds exactly117 visible guide units and3 Scripture passages to immutable source bytes
  ---
  duration_ms: 19.210792
  type: 'test'
  ...
# Subtest: a late resume rejection cannot overwrite a stopped session
ok 6 - a late resume rejection cannot overwrite a stopped session
  ---
  duration_ms: 7.414916
  type: 'test'
  ...
# Subtest: actual shell builder refuses missing, duplicate and source-mismatched mandatory narration manifests
ok 7 - actual shell builder refuses missing, duplicate and source-mismatched mandatory narration manifests
  ---
  duration_ms: 99.596291
  type: 'test'
  ...
# Subtest: media timing follows native metadata/time events and restart reuses the recording
ok 8 - media timing follows native metadata/time events and restart reuses the recording
  ---
  duration_ms: 5.516959
  type: 'test'
  ...
# Subtest: 750ms pending gap is held, canceled and restarted without ghost advancement
ok 9 - 750ms pending gap is held, canceled and restarted without ghost advancement
  ---
  duration_ms: 2724.219833
  type: 'test'
  ...
# (node:83956) ExperimentalWarning: The MockTimers API is an experimental feature and might change at any time
# (Use `node --trace-warnings ...` to show where the warning was created)
# Subtest: fake clock holds automatic advancement until exactly750ms
ok 10 - fake clock holds automatic advancement until exactly750ms
  ---
  duration_ms: 14.241083
  type: 'test'
  ...
# Subtest: live completion resets on restart stop speak restore and ignores stale ended
ok 11 - live completion resets on restart stop speak restore and ignores stale ended
  ---
  duration_ms: 11.996792
  type: 'test'
  ...
# Subtest: official logo path bytes and viewBoxes match observed source receipt
ok 12 - official logo path bytes and viewBoxes match observed source receipt
  ---
  duration_ms: 1.511458
  type: 'test'
  ...
# Subtest: complete shared CSS and actual composed component sources retain pinned bytes
ok 13 - complete shared CSS and actual composed component sources retain pinned bytes
  ---
  duration_ms: 6.053625
  type: 'test'
  ...
# Subtest: complete source-guided traversal accounts for all39 source stops in38groups and never enters hidden examples
ok 14 - complete source-guided traversal accounts for all39 source stops in38groups and never enters hidden examples
  ---
  duration_ms: 11.808208
  type: 'test'
  ...
# Subtest: step selection and reverse navigation preserve Scripture but cannot enter examples
ok 15 - step selection and reverse navigation preserve Scripture but cannot enter examples
  ---
  duration_ms: 0.876666
  type: 'test'
  ...
# Subtest: storage validates exact source position and discards invalid or hidden units
ok 16 - storage validates exact source position and discards invalid or hidden units
  ---
  duration_ms: 0.294334
  type: 'test'
  ...
# Subtest: nested resolver uses selected Scripture and exact attachment order/explicit selection
ok 17 - nested resolver uses selected Scripture and exact attachment order/explicit selection
  ---
  duration_ms: 0.465792
  type: 'test'
  ...
# Subtest: instruction queue stops without advancing session or creating discussion completion
ok 18 - instruction queue stops without advancing session or creating discussion completion
  ---
  duration_ms: 0.706125
  type: 'test'
  ...
# Subtest: 130source IDs partition into115activity source IDs,2metadata and13hidden without new resource link
ok 19 - 130source IDs partition into115activity source IDs,2metadata and13hidden without new resource link
  ---
  duration_ms: 0.745875
  type: 'test'
  ...
# Subtest: metadata bookmarks restore position not a map association, then Continue entersstep6
ok 20 - metadata bookmarks restore position not a map association, then Continue entersstep6
  ---
  duration_ms: 3.3055
  type: 'test'
  ...
# Subtest: simulated storage quota failure cannot replace the previous active pointer
ok 21 - simulated storage quota failure cannot replace the previous active pointer
  ---
  duration_ms: 24.944708
  type: 'test'
  ...
# Subtest: exact four attachments bijectively retain115 activity-source IDs and39 witnesses in111groups/38stopgroups
ok 22 - exact four attachments bijectively retain115 activity-source IDs and39 witnesses in111groups/38stopgroups
  ---
  duration_ms: 3.120291
  type: 'test'
  ...
# Subtest: each legacy cue restores the activity and cue state; ended stays and Continue skips only attached cue
ok 23 - each legacy cue restores the activity and cue state; ended stays and Continue skips only attached cue
  ---
  duration_ms: 0.643958
  type: 'test'
  ...
# Subtest: complete selected source pack verifies from actual files
ok 24 - complete selected source pack verifies from actual files
  ---
  duration_ms: 45.218458
  type: 'test'
  ...
# Subtest: a missing or duplicated verse fails even with a valid transport digest
ok 25 - a missing or duplicated verse fails even with a valid transport digest
  ---
  duration_ms: 667.139
  type: 'test'
  ...
# Subtest: altered Scripture or emitted guide text fails canonical comparison
ok 26 - altered Scripture or emitted guide text fails canonical comparison
  ---
  duration_ms: 425.38025
  type: 'test'
  ...
# Subtest: a missing resource and guessed map alias fail
ok 27 - a missing resource and guessed map alias fail
  ---
  duration_ms: 434.747208
  type: 'test'
  ...
# Subtest: discussion stops and example boundaries cannot silently change
ok 28 - discussion stops and example boundaries cannot silently change
  ---
  duration_ms: 424.064417
  type: 'test'
  ...
# Subtest: missing rights and flattened map notice fail
ok 29 - missing rights and flattened map notice fail
  ---
  duration_ms: 410.456875
  type: 'test'
  ...
# Subtest: video bytes are not an accepted offline resource
ok 30 - video bytes are not an accepted offline resource
  ---
  duration_ms: 251.711792
  type: 'test'
  ...
# Subtest: corrupt or missing actual media fails integrity verification
ok 31 - corrupt or missing actual media fails integrity verification
  ---
  duration_ms: 109.93175
  type: 'test'
  ...
# Subtest: a changed image cannot be legitimized by recomputing its manifest digest
ok 32 - a changed image cannot be legitimized by recomputing its manifest digest
  ---
  duration_ms: 108.94325
  type: 'test'
  ...
# Subtest: Spanish source coverage retains all blocks and isolates optional enactment
ok 33 - Spanish source coverage retains all blocks and isolates optional enactment
  ---
  duration_ms: 9.984459
  type: 'test'
  ...
# Subtest: original Spanish bodies and rights survive projection, derived text stays separate
ok 34 - original Spanish bodies and rights survive projection, derived text stays separate
  ---
  duration_ms: 4.468417
  type: 'test'
  ...
# Subtest: unknown source IDs, changed original text, altered supplement and ordinary example fail closed
ok 35 - unknown source IDs, changed original text, altered supplement and ordinary example fail closed
  ---
  duration_ms: 30.736708
  type: 'test'
  ...
# Subtest: candidate payload and asset manifest have no runtime/audio activation or private paths
ok 36 - candidate payload and asset manifest have no runtime/audio activation or private paths
  ---
  duration_ms: 14.519959
  type: 'test'
  ...
# Subtest: editorial resource requests preserve source but never become activities or examples
ok 37 - editorial resource requests preserve source but never become activities or examples
  ---
  duration_ms: 6.854583
  type: 'test'
  ...
# Subtest: simulated speech events: cancellation rejects stale source advancement and old errors
ok 38 - simulated speech events: cancellation rejects stale source advancement and old errors
  ---
  duration_ms: 6.616791
  type: 'test'
  ...
# Subtest: simulated speech events: chunks preserve source and item advances only after final chunk
ok 39 - simulated speech events: chunks preserve source and item advances only after final chunk
  ---
  duration_ms: 9.285042
  type: 'test'
  ...
# Subtest: simulated pause/resume require actual adapter event and absent voices are honest
ok 40 - simulated pause/resume require actual adapter event and absent voices are honest
  ---
  duration_ms: 6.432208
  type: 'test'
  ...
# Subtest: 21 frozen term recordings retain exact source, rights binding and cumulative attempt ceiling
ok 41 - 21 frozen term recordings retain exact source, rights binding and cumulative attempt ceiling
  ---
  duration_ms: 38.860917
  type: 'test'
  ...
# Subtest: four combined recordings preserve exact source and reviewed transition text
ok 42 - four combined recordings preserve exact source and reviewed transition text
  ---
  duration_ms: 3.738125
  type: 'test'
  ...
# Subtest: all111 guide destinations are reversible, bounded and preserve version/resource domains
ok 43 - all111 guide destinations are reversible, bounded and preserve version/resource domains
  ---
  duration_ms: 2.435834
  type: 'test'
  ...
# Subtest: workspace validates fields independently and source identity without guessing newer schemas
ok 44 - workspace validates fields independently and source identity without guessing newer schemas
  ---
  duration_ms: 0.912375
  type: 'test'
  ...
# Subtest: restored guide queues respect source stops and reject hidden/pure metadata IDs
ok 45 - restored guide queues respect source stops and reject hidden/pure metadata IDs
  ---
  duration_ms: 0.5165
  type: 'test'
  ...
# Subtest: restore never plays before explicit Resume and clamps verified metadata offset
ok 46 - restore never plays before explicit Resume and clamps verified metadata offset
  ---
  duration_ms: 3.322459
  type: 'test'
  ...
# Subtest: stale delayed fetch and metadata cannot override new playback, Restart or superseding restore
ok 47 - stale delayed fetch and metadata cannot override new playback, Restart or superseding restore
  ---
  duration_ms: 1.466584
  type: 'test'
  ...
# Subtest: pagehide-style checkpoint preserves source-bound offset through delayed metadata and seek
ok 48 - pagehide-style checkpoint preserves source-bound offset through delayed metadata and seek
  ---
  duration_ms: 1.306084
  type: 'test'
  ...
1..48
# tests 48
# suites 0
# pass 48
# fail 0
# cancelled 0
# skipped 0
# todo 0
# duration_ms 3756.776833
