[WebServer] (node:56983) Warning: The 'NO_COLOR' env is ignored due to the 'FORCE_COLOR' env being set.
[WebServer] (Use `node --trace-warnings ...` to show where the warning was created)
[WebServer] (node:57001) Warning: The 'NO_COLOR' env is ignored due to the 'FORCE_COLOR' env being set.
[WebServer] (Use `node --trace-warnings ...` to show where the warning was created)

Running 5 tests using 1 worker

(node:57002) Warning: The 'NO_COLOR' env is ignored due to the 'FORCE_COLOR' env being set.
(Use `node --trace-warnings ...` to show where the warning was created)
  ✓  1 tests/aquifer-delay-diagnostic.spec.js:8:1 › Spanish exact source Señor uses Aquifer without synthetic introduction and no word timing (8.8s)
  ✓  2 tests/aquifer-narration.spec.js:8:1 › Spanish exact source Señor uses Aquifer without synthetic introduction and no word timing (2.0s)
  ✓  3 tests/spanish-integration.spec.js:4:1 › Spanish saves separate verified text pack and restores offline (4.0s)
  ✓  4 tests/speech-offline.spec.js:13:1 › missing corrupt canceled transfers preserve a verified pack and removal remains explicit (4.8s)
  ✘  5 tests/upgrade.spec.js:3:1 › ordinary reload upgrades a saved previous shell without deleting progress or its verified pack (30.1s)


  1) tests/upgrade.spec.js:3:1 › ordinary reload upgrades a saved previous shell without deleting progress or its verified pack 

    Test timeout of 30000ms exceeded.

    Error: locator.click: Test timeout of 30000ms exceeded.
    Call log:
      - waiting for getByRole('button', { name: 'Update saved passage', exact: true })


       5 |  await page.addInitScript(()=>{window.__controllerChanged=false;navigator.serviceWorker.addEventListener('controllerchange',()=>window.__controllerChanged=true);});
       6 |  await page.goto('/');await page.getByRole('button',{name:'Continue',exact:true}).click();await expect(page.getByTestId('current-unit')).toHaveAttribute('data-unit-id','S01-U002');
    >  7 |  await page.getByText('Offline passage · Not saved',{exact:true}).click();await page.getByRole('button',{name:'Save for offline',exact:true}).click();await expect(page.locator('.offline-status')).toContainText(/saved on this device/i,{timeout:30000});
         |                                                                                                                                                   ^
       8 |  const oldScripts=await page.locator('script[src]').evaluateAll(s=>s.map(x=>x.src));const old=await page.evaluate(async()=>{const c=await caches.open('fia-meta-v1');return(await c.match('/__fia_active__')).json();});
       9 |  await request.post('/__test__/mode',{data:'normal'});await page.reload();
      10 |  await expect(page.getByRole('button',{name:'Play guide',exact:true})).toBeVisible();expect(await page.locator('script[src]').evaluateAll(s=>s.map(x=>x.src))).not.toEqual(oldScripts);await expect(page.getByTestId('current-unit')).toHaveAttribute('data-unit-id','S01-U002');
        at /private/tmp/fia-save-disclosure/tests/upgrade.spec.js:7:147

    Error Context: test-results/upgrade-ordinary-reload-up-961ec-ogress-or-its-verified-pack/error-context.md

    attachment #2: trace (application/zip) ─────────────────────────────────────────────────────────
    test-results/upgrade-ordinary-reload-up-961ec-ogress-or-its-verified-pack/trace.zip
    Usage:

        npx playwright show-trace test-results/upgrade-ordinary-reload-up-961ec-ogress-or-its-verified-pack/trace.zip

    ────────────────────────────────────────────────────────────────────────────────────────────────

  1 failed
    tests/upgrade.spec.js:3:1 › ordinary reload upgrades a saved previous shell without deleting progress or its verified pack 
  4 passed (51.1s)
