TAP version 13
# Subtest: scripture-BereanStandardBible exact boundaries, gaps and invalid fallback
ok 1 - scripture-BereanStandardBible exact boundaries, gaps and invalid fallback
  ---
  duration_ms: 8.623208
  type: 'test'
  ...
# Subtest: scripture-unfoldingWordLiteral exact boundaries, gaps and invalid fallback
ok 2 - scripture-unfoldingWordLiteral exact boundaries, gaps and invalid fallback
  ---
  duration_ms: 2.036875
  type: 'test'
  ...
# Subtest: scripture-unfoldingWordSimplified exact boundaries, gaps and invalid fallback
ok 3 - scripture-unfoldingWordSimplified exact boundaries, gaps and invalid fallback
  ---
  duration_ms: 6.576917
  type: 'test'
  ...
1..3
# tests 3
# suites 0
# pass 3
# fail 0
# cancelled 0
# skipped 0
# todo 0
# duration_ms 81.318583
