verify	Run npm run test:e2e	﻿2026-09-15T14:12:39.4933745Z ##[group]Run npm run test:e2e
verify	Run npm run test:e2e	2026-09-15T14:12:39.4934166Z [36;1mnpm run test:e2e[0m
verify	Run npm run test:e2e	2026-09-15T14:12:39.4967885Z shell: /usr/bin/bash -e {0}
verify	Run npm run test:e2e	2026-09-15T14:12:39.4968136Z ##[endgroup]
verify	Run npm run test:e2e	2026-09-15T14:12:39.6771360Z 
verify	Run npm run test:e2e	2026-09-15T14:12:39.6772073Z > fia-functional-poc@0.1.10 test:e2e
verify	Run npm run test:e2e	2026-09-15T14:12:39.6783236Z > playwright test
verify	Run npm run test:e2e	2026-09-15T14:12:39.6783535Z 
verify	Run npm run test:e2e	2026-09-15T14:12:42.8070171Z 
verify	Run npm run test:e2e	2026-09-15T14:12:42.8071235Z Running 77 tests using 1 worker
verify	Run npm run test:e2e	2026-09-15T14:12:42.8072059Z 
verify	Run npm run test:e2e	2026-09-15T14:12:56.4693721Z   ✓   1 tests/card-footer.spec.js:3:1 › card footer contains exact transport across reading views and modal without floating duplicate (12.8s)
verify	Run npm run test:e2e	2026-09-15T14:12:58.3062661Z   ✓   2 tests/card-footer.spec.js:4:1 › footer controls preserve actual owner through resource exploration (1.8s)
verify	Run npm run test:e2e	2026-09-15T14:12:58.7982607Z   ✓   3 tests/compact.spec.js:3:1 › actual missing recording exposes source error without a running dock (471ms)
verify	Run npm run test:e2e	2026-09-15T14:13:00.6065397Z   ✓   4 tests/compact.spec.js:4:1 › compact labeled action and explicit secondary controls fit326 and726 (1.8s)
verify	Run npm run test:e2e	2026-09-15T14:13:01.9972632Z   ✓   5 tests/composition.spec.js:2:1 › whole reading composition has stable actions and reachable source at desktop and mobile (1.4s)
verify	Run npm run test:e2e	2026-09-15T14:13:03.6392872Z   ✓   6 tests/composition.spec.js:3:1 › current owner remains controllable while a different term is explored and term player is inside card (1.6s)
verify	Run npm run test:e2e	2026-09-15T14:13:05.0502867Z   ✓   7 tests/contextual.spec.js:3:1 › floating tabs support keyboard and local controls fit desktop and320px without nested buttons (1.4s)
verify	Run npm run test:e2e	2026-09-15T14:13:06.4416466Z   ✓   8 tests/contextual.spec.js:5:1 › current-step index preserves context and all117 source sections remain reachable (1.4s)
verify	Run npm run test:e2e	2026-09-15T14:13:09.8352058Z   ✓   9 tests/contrast-badge.spec.js:2:1 › dark semantic labels and original media badge hierarchy use actual tokens (3.4s)
verify	Run npm run test:e2e	2026-09-15T14:13:16.9013487Z   ✓  10 tests/dock.spec.js:2:1 › one floating owner survives exploration with safe narrow dock and modal counterpart (7.0s)
verify	Run npm run test:e2e	2026-09-15T14:13:19.2631302Z   ✓  11 tests/english-alignment.spec.js:3:52 › BSB native timed words, all verse boundaries, pause and owner guard (2.3s)
verify	Run npm run test:e2e	2026-09-15T14:13:23.7073764Z   ✓  12 tests/english-alignment.spec.js:3:52 › ULT native timed words, all verse boundaries, pause and owner guard (4.4s)
verify	Run npm run test:e2e	2026-09-15T14:13:27.0980552Z   ✓  13 tests/english-alignment.spec.js:3:52 › UST native timed words, all verse boundaries, pause and owner guard (3.4s)
verify	Run npm run test:e2e	2026-09-15T14:13:32.6537782Z   ✘  14 tests/english-alignment.spec.js:4:1 › missing sidecar retains passage and playback (5.5s)
verify	Run npm run test:e2e	2026-09-15T14:13:35.3410658Z   ✓  15 tests/english-alignment.spec.js:5:1 › native paused checkpoint restores without autoplay then clears at actual end (2.0s)
verify	Run npm run test:e2e	2026-09-15T14:13:41.2304393Z   ✓  16 tests/english-alignment.spec.js:6:84 › verified offline alignment › saved pack cold page retains sidecars and native highlighting (5.9s)
verify	Run npm run test:e2e	2026-09-15T14:13:46.5152685Z   ✓  17 tests/error-dock.spec.js:3:1 › real404 compact Retry is source-scoped accessible and recovers in both themes (5.3s)
verify	Run npm run test:e2e	2026-09-15T14:13:48.8644056Z   ✓  18 tests/gap.spec.js:2:1 › actual guide gap preserves completed context and narrow dock never exceeds actual menu (2.3s)
verify	Run npm run test:e2e	2026-09-15T14:13:49.8438292Z   ✓  19 tests/guided-session.spec.js:5:1 › real guide, Scripture selection and exact position survive view changes and reload (950ms)
verify	Run npm run test:e2e	2026-09-15T14:13:50.5894688Z   ✓  20 tests/guided-session.spec.js:15:1 › contextual real map opens, renders and returns focus without moving the guide (732ms)
verify	Run npm run test:e2e	2026-09-15T14:13:52.1274990Z   ✓  21 tests/guided-session.spec.js:23:1 › examples require explicit reveal and every resource type is available (1.5s)
verify	Run npm run test:e2e	2026-09-15T14:13:52.6619363Z   ✓  22 tests/guided-session.spec.js:32:1 › narrow layout, keyboard dialog and large text remain usable (522ms)
verify	Run npm run test:e2e	2026-09-15T14:13:53.2353352Z   ✓  23 tests/guided-session.spec.js:39:1 › failed required source renders a real error with retry, never substitute content (557ms)
verify	Run npm run test:e2e	2026-09-15T14:13:54.2580561Z   ✓  24 tests/guided-session.spec.js:45:1 › duplicate source names are distinguished by source meaning and inspected image (1.0s)
verify	Run npm run test:e2e	2026-09-15T14:13:54.5934422Z   ✓  25 tests/guided-session.spec.js:50:1 › official FIA identity and colors render with readable contrast (321ms)
verify	Run npm run test:e2e	2026-09-15T14:13:56.0672614Z   ✓  26 tests/guided-session.spec.js:58:1 › resources show all eight real previews, source metadata, search and honest online video (1.5s)
verify	Run npm run test:e2e	2026-09-15T14:13:56.8973984Z   ✓  27 tests/guided-session.spec.js:68:1 › finished-session return from another view really restores the guide (811ms)
verify	Run npm run test:e2e	2026-09-15T14:14:01.6672692Z   ✓  28 tests/idle-player.spec.js:3:1 › ready context, real0.95rate, pause/resume and playing exploration remain truthful (4.7s)
verify	Run npm run test:e2e	2026-09-15T14:14:02.3543023Z   ✓  29 tests/inset-glass.spec.js:2:1 › inset credit and native transport remain reachable under actual playback (670ms)
verify	Run npm run test:e2e	2026-09-15T14:14:09.5265687Z   ✓  30 tests/local-contrast.spec.js:2:1 › button-local substrate preserves shell and native emphasis (7.2s)
verify	Run npm run test:e2e	2026-09-15T14:14:11.5304246Z   ✓  31 tests/nested-direct.spec.js:2:1 › direct Guide Scripture and resource controls retain Guide adjacency through pause and end (2.0s)
verify	Run npm run test:e2e	2026-09-15T14:14:15.0372562Z   ✓  32 tests/nested-pwa.spec.js:2:1 › PWA save preserves nested owner and current instruction (3.5s)
verify	Run npm run test:e2e	2026-09-15T14:14:18.4859614Z   ✓  33 tests/nested-ready.spec.js:2:1 › native instruction ends ready selected ULT without autoplay; pause and nested completion keep Guide navigation (3.4s)
verify	Run npm run test:e2e	2026-09-15T14:14:20.0862046Z   ✓  34 tests/next-actions.spec.js:3:1 › real adapted map action ends with its exact resource and metadata restores without invented association (1.6s)
verify	Run npm run test:e2e	2026-09-15T14:14:23.4469776Z   ✓  35 tests/pause-groups.spec.js:3:1 › all four legacy cue bookmarks keep their activity through real audio ended and explicit Continue (3.3s)
verify	Run npm run test:e2e	2026-09-15T14:14:25.1532536Z   ✓  36 tests/picker-cleanup.spec.js:2:1 › picker full search, same-language exit and verified destination (1.7s)
verify	Run npm run test:e2e	2026-09-15T14:14:25.8322088Z   ✓  37 tests/picker-cleanup.spec.js:3:1 › busy rows disable and failed target retains picker (667ms)
verify	Run npm run test:e2e	2026-09-15T14:14:27.8723304Z   ✓  38 tests/picker-cleanup.spec.js:4:1 › picker and native option tokens plus programmatic selection both themes and languages (2.0s)
verify	Run npm run test:e2e	2026-09-15T14:14:29.0777915Z   ✓  39 tests/picker-cleanup.spec.js:5:1 › failed target then current confirmation clears stale error without fetch or autoplay (1.2s)
verify	Run npm run test:e2e	2026-09-15T14:14:30.6561536Z   ✓  40 tests/primary-ended.spec.js:1:78 › after owner ends current hidden idle selection becomes chooser (1.6s)
verify	Run npm run test:e2e	2026-09-15T14:14:32.1682572Z   ✓  41 tests/primary-ended.spec.js:3:1 › paused owner resumes and intentional captured-list Next stays selected without autoplay (1.5s)
verify	Run npm run test:e2e	2026-09-15T14:14:34.5692959Z   ✓  42 tests/primary.spec.js:2:1 › three controls, no autoplay adjacency, filtered modal focus and source cornerRestart (2.4s)
verify	Run npm run test:e2e	2026-09-15T14:14:39.7891188Z click { x: 5, y: 110 } { tag: 'BUTTON', cls: 'resource-surface-open' }
verify	Run npm run test:e2e	2026-09-15T14:14:39.9903587Z click { x: 20, y: 60 } { tag: 'BUTTON', cls: 'resource-surface-open' }
verify	Run npm run test:e2e	2026-09-15T14:14:40.1310392Z click { x: 35, y: 115 } { tag: 'BUTTON', cls: 'resource-surface-open' }
verify	Run npm run test:e2e	2026-09-15T14:14:40.4994507Z   ✓  43 tests/resource-order.spec.js:2:1 › row order and full card native opening preserve independent audio (5.9s)
verify	Run npm run test:e2e	2026-09-15T14:14:41.3602509Z   ✓  44 tests/resource-order.spec.js:3:1 › filtered DOM keyboard and player adjacency retain source order (849ms)
verify	Run npm run test:e2e	2026-09-15T14:14:42.1286966Z {"width":319,"theme":"dark","x":0,"auroraScroll":0,"doc":319,"rects":{".app-shell":{"x":0,"right":319,"width":319},".official-fia-mark":{"x":14,"right":99.046875,"width":85.046875},"input[type=search]":{"x":65,"right":284,"width":219},".resource-grid":{"x":14,"right":305,"width":291},".resource-card":{"x":18,"right":301,"width":283}}}
verify	Run npm run test:e2e	2026-09-15T14:14:43.1671055Z {"width":319,"theme":"light","x":0,"auroraScroll":0,"doc":319,"rects":{".app-shell":{"x":0,"right":319,"width":319},".official-fia-mark":{"x":14,"right":99.046875,"width":85.046875},"input[type=search]":{"x":65,"right":284,"width":219},".resource-grid":{"x":14,"right":305,"width":291},".resource-card":{"x":18,"right":301,"width":283}}}
verify	Run npm run test:e2e	2026-09-15T14:14:43.8593484Z {"width":466,"theme":"dark","x":0,"auroraScroll":0,"doc":466,"rects":{".app-shell":{"x":0,"right":466,"width":466},".official-fia-mark":{"x":18,"right":103.046875,"width":85.046875},"input[type=search]":{"x":69,"right":427,"width":358},".resource-grid":{"x":18,"right":448,"width":430},".resource-card":{"x":22,"right":227,"width":205}}}
verify	Run npm run test:e2e	2026-09-15T14:14:44.4007215Z {"width":466,"theme":"light","x":0,"auroraScroll":0,"doc":466,"rects":{".app-shell":{"x":0,"right":466,"width":466},".official-fia-mark":{"x":18,"right":103.046875,"width":85.046875},"input[type=search]":{"x":69,"right":427,"width":358},".resource-grid":{"x":18,"right":448,"width":430},".resource-card":{"x":22,"right":227,"width":205}}}
verify	Run npm run test:e2e	2026-09-15T14:14:45.0693538Z {"width":726,"theme":"dark","x":0,"auroraScroll":0,"doc":726,"rects":{".app-shell":{"x":0,"right":726,"width":726},".official-fia-mark":{"x":24,"right":109.046875,"width":85.046875},"input[type=search]":{"x":75,"right":681,"width":606},".resource-grid":{"x":24,"right":702,"width":678},".resource-card":{"x":28,"right":357,"width":329}}}
verify	Run npm run test:e2e	2026-09-15T14:14:45.8170360Z {"width":726,"theme":"light","x":0,"auroraScroll":0,"doc":726,"rects":{".app-shell":{"x":0,"right":726,"width":726},".official-fia-mark":{"x":24,"right":109.046875,"width":85.046875},"input[type=search]":{"x":75,"right":681,"width":606},".resource-grid":{"x":24,"right":702,"width":678},".resource-card":{"x":28,"right":357,"width":329}}}
verify	Run npm run test:e2e	2026-09-15T14:14:46.4410949Z   ✓  45 tests/resource-order.spec.js:4:1 › resource viewport diagnostics (5.1s)
verify	Run npm run test:e2e	2026-09-15T14:14:47.0254662Z {"width":319,"shell":0,"aurora":0,"x":19,"right":300,"top":741.5625,"bottom":895.5625,"w":319,"h":987,"name":"Open Jordan River image"}
verify	Run npm run test:e2e	2026-09-15T14:14:47.0301800Z {"width":319,"shell":0,"aurora":0,"x":246,"right":290,"top":841.5625,"bottom":885.5625,"w":319,"h":987,"name":"Play Jordan River"}
verify	Run npm run test:e2e	2026-09-15T14:14:47.0352101Z {"width":319,"shell":0,"aurora":0,"x":19,"right":300,"top":832.5625,"bottom":986.5625,"w":319,"h":987,"name":"Open Wilderness or Desert image"}
verify	Run npm run test:e2e	2026-09-15T14:14:47.0403820Z {"width":319,"shell":0,"aurora":0,"x":246,"right":290,"top":932.5625,"bottom":976.5625,"w":319,"h":987,"name":"Play Wilderness or Desert"}
verify	Run npm run test:e2e	2026-09-15T14:14:47.0442472Z {"width":319,"shell":0,"aurora":0,"x":19,"right":300,"top":416.5625,"bottom":570.5625,"w":319,"h":987,"name":"Open Sandals — full view image"}
verify	Run npm run test:e2e	2026-09-15T14:14:47.0502077Z {"width":319,"shell":0,"aurora":0,"x":246,"right":290,"top":516.5625,"bottom":560.5625,"w":319,"h":987,"name":"Play Sandals — full view"}
verify	Run npm run test:e2e	2026-09-15T14:14:47.0552000Z {"width":319,"shell":0,"aurora":0,"x":19,"right":300,"top":584.5625,"bottom":738.5625,"w":319,"h":987,"name":"Open Sandals — close view image"}
verify	Run npm run test:e2e	2026-09-15T14:14:47.0601944Z {"width":319,"shell":0,"aurora":0,"x":246,"right":290,"top":684.5625,"bottom":728.5625,"w":319,"h":987,"name":"Play Sandals — close view"}
verify	Run npm run test:e2e	2026-09-15T14:14:47.1832385Z {"width":466,"shell":0,"aurora":0,"x":240,"right":443,"top":388.78125,"bottom":542.78125,"w":466,"h":987,"name":"Open Jordan River image"}
verify	Run npm run test:e2e	2026-09-15T14:14:47.1902051Z {"width":466,"shell":0,"aurora":0,"x":389,"right":433,"top":488.78125,"bottom":532.78125,"w":466,"h":987,"name":"Play Jordan River"}
verify	Run npm run test:e2e	2026-09-15T14:14:47.1949778Z {"width":466,"shell":0,"aurora":0,"x":23,"right":226,"top":562.5625,"bottom":716.5625,"w":466,"h":987,"name":"Open Wilderness or Desert image"}
verify	Run npm run test:e2e	2026-09-15T14:14:47.1983301Z {"width":466,"shell":0,"aurora":0,"x":172,"right":216,"top":662.5625,"bottom":706.5625,"w":466,"h":987,"name":"Play Wilderness or Desert"}
verify	Run npm run test:e2e	2026-09-15T14:14:47.2028508Z {"width":466,"shell":0,"aurora":0,"x":240,"right":443,"top":562.5625,"bottom":716.5625,"w":466,"h":987,"name":"Open Sandals — full view image"}
verify	Run npm run test:e2e	2026-09-15T14:14:47.2093462Z {"width":466,"shell":0,"aurora":0,"x":389,"right":433,"top":662.5625,"bottom":706.5625,"w":466,"h":987,"name":"Play Sandals — full view"}
verify	Run npm run test:e2e	2026-09-15T14:14:47.2143182Z {"width":466,"shell":0,"aurora":0,"x":23,"right":226,"top":730.5625,"bottom":884.5625,"w":466,"h":987,"name":"Open Sandals — close view image"}
verify	Run npm run test:e2e	2026-09-15T14:14:47.2168634Z {"width":466,"shell":0,"aurora":0,"x":172,"right":216,"top":830.5625,"bottom":874.5625,"w":466,"h":987,"name":"Play Sandals — close view"}
verify	Run npm run test:e2e	2026-09-15T14:14:47.3189428Z {"width":726,"shell":0,"aurora":0,"x":370,"right":697,"top":375.1875,"bottom":533.1875,"w":726,"h":987,"name":"Open Jordan River image"}
verify	Run npm run test:e2e	2026-09-15T14:14:47.3332261Z {"width":726,"shell":0,"aurora":0,"x":641,"right":685,"top":477.1875,"bottom":521.1875,"w":726,"h":987,"name":"Play Jordan River"}
verify	Run npm run test:e2e	2026-09-15T14:14:47.3367595Z {"width":726,"shell":0,"aurora":0,"x":29,"right":356,"top":547.1875,"bottom":705.1875,"w":726,"h":987,"name":"Open Wilderness or Desert image"}
verify	Run npm run test:e2e	2026-09-15T14:14:47.3495783Z {"width":726,"shell":0,"aurora":0,"x":300,"right":344,"top":649.1875,"bottom":693.1875,"w":726,"h":987,"name":"Play Wilderness or Desert"}
verify	Run npm run test:e2e	2026-09-15T14:14:47.3555595Z {"width":726,"shell":0,"aurora":0,"x":370,"right":697,"top":547.1875,"bottom":705.1875,"w":726,"h":987,"name":"Open Sandals — full view image"}
verify	Run npm run test:e2e	2026-09-15T14:14:47.3602345Z {"width":726,"shell":0,"aurora":0,"x":641,"right":685,"top":649.1875,"bottom":693.1875,"w":726,"h":987,"name":"Play Sandals — full view"}
verify	Run npm run test:e2e	2026-09-15T14:14:47.3654218Z {"width":726,"shell":0,"aurora":0,"x":29,"right":356,"top":719.1875,"bottom":877.1875,"w":726,"h":987,"name":"Open Sandals — close view image"}
verify	Run npm run test:e2e	2026-09-15T14:14:47.3691246Z {"width":726,"shell":0,"aurora":0,"x":300,"right":344,"top":821.1875,"bottom":865.1875,"w":726,"h":987,"name":"Play Sandals — close view"}
verify	Run npm run test:e2e	2026-09-15T14:14:47.4458095Z   ✓  46 tests/resource-order.spec.js:5:1 › keyboard focus never scrolls aurora horizontally (993ms)
verify	Run npm run test:e2e	2026-09-15T14:14:48.6106220Z   ✓  47 tests/resource-order.spec.js:6:1 › failed recording leaves whole card center openable (1.2s)
verify	Run npm run test:e2e	2026-09-15T14:14:51.5002887Z   ✓  48 tests/scripture-header.spec.js:2:1 › Scripture Info and Play remain inside narrow selected-version header in both themes (2.9s)
verify	Run npm run test:e2e	2026-09-15T14:14:54.7545514Z   ✓  49 tests/spanish-audio.spec.js:4:1 › fixture native guide notice then content completion keeps boundary and supports paused restore (3.2s)
verify	Run npm run test:e2e	2026-09-15T14:14:56.1449308Z   ✓  50 tests/spanish-audio.spec.js:5:1 › fixture native Resources modal keeps single owner and keyboard close restores focus (1.4s)
verify	Run npm run test:e2e	2026-09-15T14:14:56.9414906Z   ✓  51 tests/spanish-audio.spec.js:7:1 › fixture audio storage failure has separate visible warning (782ms)
verify	Run npm run test:e2e	2026-09-15T14:14:57.7042569Z   ✓  52 tests/spanish-complete-integrity.spec.js:3:1 › corrupt optional audio manifest retains verified Spanish text without playable recordings (746ms)
verify	Run npm run test:e2e	2026-09-15T14:14:58.3211284Z   ✓  53 tests/spanish-complete-integrity.spec.js:4:1 › corrupt Spanish recording is rejected before native playback and keeps source retry (600ms)
verify	Run npm run test:e2e	2026-09-15T14:15:01.6416528Z   ✓  54 tests/spanish-integration.spec.js:3:1 › full picker and English Spanish reload switches never autoplay (3.3s)
verify	Run npm run test:e2e	2026-09-15T14:15:07.8072740Z   ✓  55 tests/spanish-integration.spec.js:4:1 › Spanish saves separate verified text pack and restores offline (6.1s)
verify	Run npm run test:e2e	2026-09-15T14:15:09.4296352Z   ✓  56 tests/spanish-integration.spec.js:5:1 › Spanish narrow full picker source view and keyboard example return (1.6s)
verify	Run npm run test:e2e	2026-09-15T14:15:10.2406012Z   ✓  57 tests/spanish-integration.spec.js:6:1 › corrupt target retains paused English with zero added plays (794ms)
verify	Run npm run test:e2e	2026-09-15T14:15:11.2270267Z   ✓  58 tests/spanish-integration.spec.js:7:1 › denied storage fonts blocked and large Spanish text remain usable (977ms)
verify	Run npm run test:e2e	2026-09-15T14:15:12.2052633Z   ✓  59 tests/spanish-integration.spec.js:8:1 › Spanish invalid source ID visibly resets without autoplay (961ms)
verify	Run npm run test:e2e	2026-09-15T14:15:18.5373315Z   ✓  60 tests/spanish-integration.spec.js:9:1 › saved legacy English then new Spanish launches current shell offline (6.3s)
verify	Run npm run test:e2e	2026-09-15T14:15:20.2028370Z   ✓  61 tests/spanish-integration.spec.js:10:1 › repaired Spanish position drops both new and historical persisted warning on reload (1.6s)
verify	Run npm run test:e2e	2026-09-15T14:15:20.7649006Z   ✓  62 tests/spanish-integration.spec.js:11:1 › English Languages view survives reload without autoplay (551ms)
verify	Run npm run test:e2e	2026-09-15T14:15:21.7672952Z   ✓  63 tests/spanish-integration.spec.js:12:1 › Languages reload keeps explicit Resume at native checkpoint (984ms)
verify	Run npm run test:e2e	2026-09-15T14:15:23.6923073Z   ✓  64 tests/spanish-integration.spec.js:14:1 › language roundtrip preserves native checkpoint and shared theme (1.9s)
verify	Run npm run test:e2e	2026-09-15T14:15:24.5493470Z   ✓  65 tests/spanish-integration.spec.js:17:1 › online deferred audio fetch › pending English start is fenced during slow Spanish selection (845ms)
verify	Run npm run test:e2e	2026-09-15T14:15:25.6072773Z   ✓  66 tests/spanish-integration.spec.js:20:1 › Spanish theme preserves legacy English guide position (1.0s)
verify	Run npm run test:e2e	2026-09-15T14:15:26.6697347Z   ✓  67 tests/spanish-integration.spec.js:21:1 › Spanish invalid position and theme quota warnings remain distinct (1.0s)
verify	Run npm run test:e2e	2026-09-15T14:15:29.1922705Z   ✓  68 tests/spanish-integration.spec.js:23:1 › original Spanish editions and translated resource provenance preserve no autoplay (2.5s)
verify	Run npm run test:e2e	2026-09-15T14:15:30.3447903Z   ✓  69 tests/spanish-integration.spec.js:25:1 › known original Spanish workspace upgrades with validated position and no autoplay (1.1s)
verify	Run npm run test:e2e	2026-09-15T14:15:37.2646745Z   ✓  70 tests/speech-offline.spec.js:6:1 › complete offline pack and real media survive cold page, exploration and new owner (6.9s)
verify	Run npm run test:e2e	2026-09-15T14:15:44.7173694Z   ✓  71 tests/speech-offline.spec.js:13:1 › missing corrupt canceled transfers preserve a verified pack and removal remains explicit (7.4s)
verify	Run npm run test:e2e	2026-09-15T14:15:49.1774508Z   ✓  72 tests/speech-offline.spec.js:18:1 › combined transition plays offline and stops on the activity; source info returns focus (4.4s)
verify	Run npm run test:e2e	2026-09-15T14:15:52.3472668Z   ✓  73 tests/theme-header.spec.js:3:1 › header utilities align and inline source glyph inherits theme across sizes (3.1s)
verify	Run npm run test:e2e	2026-09-15T14:16:02.8924358Z   ✓  74 tests/theme.spec.js:3:1 › actual theme aliases and all views preserve active audio and position (10.5s)
verify	Run npm run test:e2e	2026-09-15T14:16:09.8202662Z   ✓  75 tests/upgrade.spec.js:3:1 › ordinary reload upgrades a saved previous shell without deleting progress or its verified pack (6.9s)
verify	Run npm run test:e2e	2026-09-15T14:16:22.1907854Z   ✓  76 tests/visual-audio.spec.js:2:1 › eight real visual clips verify and play cold offline with optional details and filtered owner (12.3s)
verify	Run npm run test:e2e	2026-09-15T14:16:23.3842935Z   ✓  77 tests/visual-audio.spec.js:3:1 › missing visual recording exposes error while original image remains openable (1.2s)
verify	Run npm run test:e2e	2026-09-15T14:16:23.4692506Z 
verify	Run npm run test:e2e	2026-09-15T14:16:23.4702978Z 
verify	Run npm run test:e2e	2026-09-15T14:16:23.4712832Z   1) tests/english-alignment.spec.js:4:1 › missing sidecar retains passage and playback ────────────
verify	Run npm run test:e2e	2026-09-15T14:16:23.4715720Z 
verify	Run npm run test:e2e	2026-09-15T14:16:23.4716905Z     Error: expect(locator).toHaveCount(expected) failed
verify	Run npm run test:e2e	2026-09-15T14:16:23.4719820Z 
verify	Run npm run test:e2e	2026-09-15T14:16:23.4720701Z     Locator:  locator('[data-alignment-verse]')
verify	Run npm run test:e2e	2026-09-15T14:16:23.4721579Z     Expected: 0
verify	Run npm run test:e2e	2026-09-15T14:16:23.4722463Z     Received: 13
verify	Run npm run test:e2e	2026-09-15T14:16:23.4723977Z     Timeout:  5000ms
verify	Run npm run test:e2e	2026-09-15T14:16:23.4724346Z 
verify	Run npm run test:e2e	2026-09-15T14:16:23.4724814Z     Call log:
verify	Run npm run test:e2e	2026-09-15T14:16:23.4725702Z       - Expect "toHaveCount" locator('[data-alignment-verse]') with timeout 5000ms
verify	Run npm run test:e2e	2026-09-15T14:16:23.4726769Z       - waiting for locator('[data-alignment-verse]')
verify	Run npm run test:e2e	2026-09-15T14:16:23.4727662Z         14 × locator resolved to 13 elements
verify	Run npm run test:e2e	2026-09-15T14:16:23.4728321Z            - unexpected value "13"
verify	Run npm run test:e2e	2026-09-15T14:16:23.4728737Z 
verify	Run npm run test:e2e	2026-09-15T14:16:23.4728887Z 
verify	Run npm run test:e2e	2026-09-15T14:16:23.4729573Z       2 | const labels={BereanStandardBible:'BSB',unfoldingWordLiteral:'ULT',unfoldingWordSimplified:'UST'};
verify	Run npm run test:e2e	2026-09-15T14:16:23.4741411Z       3 | for(const [edition,label]of Object.entries(labels))test(`${label} native timed words, all verse boundaries, pause and owner guard`,async({page})=>{const data=JSON.parse(fs.readFileSync(`public/alignment/scripture-${edition}.json`));await page.addInitScript(()=>{const A=window.Audio;window.Audio=class extends A{constructor(...args){super(...args);window.__audio=this;}};});await page.goto('/');await page.getByRole('tab',{name:'Scripture',exact:true}).click();if(label!=='BSB')await page.getByRole('radio',{name:label,exact:true}).click();await expect(page.locator('[data-alignment-verse]')).toHaveCount(13);await page.getByRole('button',{name:`Play Scripture ${label}`,exact:true}).click();await expect.poll(()=>page.evaluate(()=>window.__audio?.currentTime??0)).toBeGreaterThan(0);await page.evaluate(()=>{window.__wordTransitions=[];window.__wordObserver=setInterval(()=>{const el=document.querySelector('[data-alignment-word][data-alignment-active="playing"]');if(el){const id=el.parentElement.dataset.alignmentVerse+':'+el.dataset.alignmentWord;if(window.__wordTransitions.at(-1)!==id)window.__wordTransitions.push(id);}},20);});await expect.poll(()=>page.evaluate(()=>window.__wordTransitions.length)).toBeGreaterThanOrEqual(3);await page.evaluate(()=>{clearInterval(window.__wordObserver);window.__audio.pause();});for(const v of data.verses){for(const [time,active]of [[Math.max(0,v.start-.001),false],[v.start,true],[v.end,false]]){await page.evaluate(t=>window.__audio.currentTime=t,time);if(active)await expect(page.locator(`[data-alignment-verse="${v.sourceId}"]`)).toHaveAttribute('data-alignment-active','paused');else await expect(page.locator(`[data-alignment-verse="${v.sourceId}"]`)).not.toHaveAttribute('data-alignment-active');}const w=v.words[0];await page.evaluate(t=>{window.__audio.currentTime=t;},(w.start+w.end)/2);await expect(page.locator(`[data-alignment-verse="${v.sourceId}"]`)).toHaveAttribute('data-alignment-active','paused');await expect(page.locator(`[data-alignment-verse="${v.sourceId}"] [data-alignment-word="0"]`)).toHaveAttribute('data-alignment-active','paused');}const gap=data.verses.flatMap(v=>v.words.slice(0,-1).map((w,i)=>({a:w.end,b:v.words[i+1].start}))).find(g=>g.b>g.a+.02);await page.evaluate(t=>window.__audio.currentTime=t,(gap.a+gap.b)/2);await expect(page.locator('[data-alignment-word][data-alignment-active]')).toHaveCount(0);const forty=data.verses.flatMap(v=>v.words.map((w,i)=>({v,w,i}))).find(({v,w})=>v.text.slice(w.from,w.to)==='40');if(forty){await page.evaluate(t=>window.__audio.currentTime=t,(forty.w.start+forty.w.end)/2);await expect(page.locator(`[data-alignment-verse="${forty.v.sourceId}"] [data-alignment-word="${forty.i}"]`)).toHaveAttribute('data-alignment-active','paused');}await page.screenshot({path:`evidence/english-alignment/${label}-native.png`});await page.getByRole('tab',{name:'Guide',exact:true}).click();await page.getByRole('button',{name:'Play guide',exact:true}).click();await page.getByRole('tab',{name:'Scripture',exact:true}).click();await expect(page.locator('[data-alignment-active]')).toHaveCount(0);});
verify	Run npm run test:e2e	2026-09-15T14:16:23.4763270Z     > 4 | test('missing sidecar retains passage and playback',async({page})=>{await page.route('**/alignment/*.json',r=>r.fulfill({status:404,body:''}));await page.goto('/');await page.getByRole('tab',{name:'Scripture',exact:true}).click();await expect(page.locator('[data-alignment-verse]')).toHaveCount(0);await page.getByRole('button',{name:'Play Scripture BSB',exact:true}).click();await expect(page.locator('[data-playback-highlight="playing"]').first()).toBeVisible();});
verify	Run npm run test:e2e	2026-09-15T14:16:23.4766411Z         |                                                                                                                                                                                                                                                                                            ^
verify	Run npm run test:e2e	2026-09-15T14:16:23.4774268Z       5 | test('native paused checkpoint restores without autoplay then clears at actual end',async({page})=>{await page.addInitScript(()=>{const A=window.Audio;window.__plays=0;window.Audio=class extends A{constructor(...a){super(...a);window.__audio=this;}play(){window.__plays++;return super.play();}};});await page.goto('/');await page.getByRole('tab',{name:'Scripture',exact:true}).click();await page.getByRole('button',{name:'Play Scripture BSB',exact:true}).click();await expect.poll(()=>page.evaluate(()=>window.__audio?.currentTime??0)).toBeGreaterThan(0);await page.evaluate(()=>{window.__audio.pause();window.__audio.currentTime=5;});await expect.poll(()=>page.evaluate(()=>window.__audio.currentTime)).toBe(5);await page.waitForTimeout(350);await page.reload();await expect(page.getByRole('button',{name:'Resume Now playing',exact:true})).toBeVisible();expect(await page.evaluate(()=>window.__plays)).toBe(0);await expect(page.locator('[data-alignment-verse][data-alignment-active="paused"]')).toHaveCount(1);await page.getByRole('button',{name:'Resume Now playing',exact:true}).click();await expect.poll(()=>page.evaluate(()=>window.__audio.currentTime)).toBeGreaterThan(5);await page.evaluate(()=>window.__audio.currentTime=window.__audio.duration-.1);await expect.poll(()=>page.evaluate(()=>window.__audio.ended)).toBe(true);await expect(page.locator('[data-alignment-active]')).toHaveCount(0);});
verify	Run npm run test:e2e	2026-09-15T14:16:23.4785898Z       6 | test.describe('verified offline alignment',()=>{test.use({serviceWorkers:'allow'});test('saved pack cold page retains sidecars and native highlighting',async({page,context})=>{test.setTimeout(60000);await page.goto('/');await page.getByRole('button',{name:'Offline passage and settings'}).click();await page.getByRole('button',{name:/^(Save for offline|Verify and save again)$/}).click();await expect(page.locator('.offline-status')).toContainText('Saved on this device',{timeout:45000});await context.setOffline(true);await page.close();const cold=await context.newPage();await cold.goto('/');await cold.getByRole('tab',{name:'Scripture',exact:true}).click();await expect(cold.locator('[data-alignment-verse]')).toHaveCount(13);await cold.getByRole('button',{name:'Play Scripture BSB',exact:true}).click();await expect(cold.locator('[data-alignment-word][data-alignment-active="playing"]').first()).toBeVisible();});});
verify	Run npm run test:e2e	2026-09-15T14:16:23.4790362Z       7 |
verify	Run npm run test:e2e	2026-09-15T14:16:23.4791353Z         at /home/runner/work/fia-functional-poc/fia-functional-poc/tests/english-alignment.spec.js:4:284
verify	Run npm run test:e2e	2026-09-15T14:16:23.4792131Z 
verify	Run npm run test:e2e	2026-09-15T14:16:23.4792868Z     Error Context: test-results/english-alignment-missing--15541-etains-passage-and-playback/error-context.md
verify	Run npm run test:e2e	2026-09-15T14:16:23.4793728Z 
verify	Run npm run test:e2e	2026-09-15T14:16:23.4794065Z   1 failed
verify	Run npm run test:e2e	2026-09-15T14:16:23.4795045Z     tests/english-alignment.spec.js:4:1 › missing sidecar retains passage and playback ─────────────
verify	Run npm run test:e2e	2026-09-15T14:16:23.4795916Z   76 passed (3.7m)
verify	Run npm run test:e2e	2026-09-15T14:16:23.4909242Z ##[error]Process completed with exit code 1.
