[WebServer] (node:98149) Warning: The 'NO_COLOR' env is ignored due to the 'FORCE_COLOR' env being set.
[WebServer] (Use `node --trace-warnings ...` to show where the warning was created)
[WebServer] (node:98167) Warning: The 'NO_COLOR' env is ignored due to the 'FORCE_COLOR' env being set.
[WebServer] (Use `node --trace-warnings ...` to show where the warning was created)
[WebServer] (node:98168) Warning: The 'NO_COLOR' env is ignored due to the 'FORCE_COLOR' env being set.
[WebServer] (Use `node --trace-warnings ...` to show where the warning was created)
[WebServer] (node:98169) Warning: The 'NO_COLOR' env is ignored due to the 'FORCE_COLOR' env being set.
[WebServer] (Use `node --trace-warnings ...` to show where the warning was created)

Running 2 tests using 1 worker

(node:98170) Warning: The 'NO_COLOR' env is ignored due to the 'FORCE_COLOR' env being set.
(Use `node --trace-warnings ...` to show where the warning was created)
  ✘  1 tests/english-alignment.spec.js:4:84 › missing alignment response › missing sidecar retains passage and playback (5.8s)
(node:98376) Warning: The 'NO_COLOR' env is ignored due to the 'FORCE_COLOR' env being set.
(Use `node --trace-warnings ...` to show where the warning was created)
  ✘  2 tests/english-alignment.spec.js:6:84 › verified offline alignment › saved pack cold page retains sidecars and native highlighting (7.3s)


  1) tests/english-alignment.spec.js:4:84 › missing alignment response › missing sidecar retains passage and playback 

    Error: expect(received).toBeGreaterThan(expected)

    Expected: > 0
    Received:   0

    Call Log:
    - Timeout 5000ms exceeded while waiting on the predicate

      2 | const labels={BereanStandardBible:'BSB',unfoldingWordLiteral:'ULT',unfoldingWordSimplified:'UST'};
      3 | for(const [edition,label]of Object.entries(labels))test(`${label} native timed words, all verse boundaries, pause and owner guard`,async({page})=>{const data=JSON.parse(fs.readFileSync(`public/alignment/scripture-${edition}.json`));await page.addInitScript(()=>{const A=window.Audio;window.Audio=class extends A{constructor(...args){super(...args);window.__audio=this;}};});await page.goto('/');await page.getByRole('tab',{name:'Scripture',exact:true}).click();if(label!=='BSB')await page.getByRole('radio',{name:label,exact:true}).click();await expect(page.locator('[data-alignment-verse]')).toHaveCount(13);await page.getByRole('button',{name:`Play Scripture ${label}`,exact:true}).click();await expect.poll(()=>page.evaluate(()=>window.__audio?.currentTime??0)).toBeGreaterThan(0);await page.evaluate(()=>{window.__wordTransitions=[];window.__wordObserver=setInterval(()=>{const el=document.querySelector('[data-alignment-word][data-alignment-active="playing"]');if(el){const id=el.parentElement.dataset.alignmentVerse+':'+el.dataset.alignmentWord;if(window.__wordTransitions.at(-1)!==id)window.__wordTransitions.push(id);}},20);});await expect.poll(()=>page.evaluate(()=>window.__wordTransitions.length)).toBeGreaterThanOrEqual(3);await page.evaluate(()=>{clearInterval(window.__wordObserver);window.__audio.pause();});for(const v of data.verses){for(const [time,active]of [[Math.max(0,v.start-.001),false],[v.start,true],[v.end,false]]){await page.evaluate(t=>window.__audio.currentTime=t,time);if(active)await expect(page.locator(`[data-alignment-verse="${v.sourceId}"]`)).toHaveAttribute('data-alignment-active','paused');else await expect(page.locator(`[data-alignment-verse="${v.sourceId}"]`)).not.toHaveAttribute('data-alignment-active');}const w=v.words[0];await page.evaluate(t=>{window.__audio.currentTime=t;},(w.start+w.end)/2);await expect(page.locator(`[data-alignment-verse="${v.sourceId}"]`)).toHaveAttribute('data-alignment-active','paused');await expect(page.locator(`[data-alignment-verse="${v.sourceId}"] [data-alignment-word="0"]`)).toHaveAttribute('data-alignment-active','paused');}const gap=data.verses.flatMap(v=>v.words.slice(0,-1).map((w,i)=>({a:w.end,b:v.words[i+1].start}))).find(g=>g.b>g.a+.02);await page.evaluate(t=>window.__audio.currentTime=t,(gap.a+gap.b)/2);await expect(page.locator('[data-alignment-word][data-alignment-active]')).toHaveCount(0);const forty=data.verses.flatMap(v=>v.words.map((w,i)=>({v,w,i}))).find(({v,w})=>v.text.slice(w.from,w.to)==='40');if(forty){await page.evaluate(t=>window.__audio.currentTime=t,(forty.w.start+forty.w.end)/2);await expect(page.locator(`[data-alignment-verse="${forty.v.sourceId}"] [data-alignment-word="${forty.i}"]`)).toHaveAttribute('data-alignment-active','paused');}await page.screenshot({path:`evidence/english-alignment/${label}-native.png`});await page.getByRole('tab',{name:'Guide',exact:true}).click();await page.getByRole('button',{name:'Play guide',exact:true}).click();await page.getByRole('tab',{name:'Scripture',exact:true}).click();await expect(page.locator('[data-alignment-active]')).toHaveCount(0);});
    > 4 | test.describe('missing alignment response',()=>{test.use({serviceWorkers:'block'});test('missing sidecar retains passage and playback',async({page})=>{let intercepted=0;await page.route('**/alignment/*.json',r=>{intercepted++;return r.fulfill({status:404,body:''});});await page.goto('/');await page.getByRole('tab',{name:'Scripture',exact:true}).click();await expect.poll(()=>intercepted).toBeGreaterThan(0);await expect(page.locator('[data-alignment-verse]')).toHaveCount(0);await page.getByRole('button',{name:'Play Scripture BSB',exact:true}).click();await expect(page.locator('[data-playback-highlight="playing"]').first()).toBeVisible();});});
        |                                                                                                                                                                                                                                                                                                                                                                                                       ^
      5 | test('native paused checkpoint restores without autoplay then clears at actual end',async({page})=>{await page.addInitScript(()=>{const A=window.Audio;window.__plays=0;window.Audio=class extends A{constructor(...a){super(...a);window.__audio=this;}play(){window.__plays++;return super.play();}};});await page.goto('/');await page.getByRole('tab',{name:'Scripture',exact:true}).click();await page.getByRole('button',{name:'Play Scripture BSB',exact:true}).click();await expect.poll(()=>page.evaluate(()=>window.__audio?.currentTime??0)).toBeGreaterThan(0);await page.evaluate(()=>{window.__audio.pause();window.__audio.currentTime=5;});await expect.poll(()=>page.evaluate(()=>window.__audio.currentTime)).toBe(5);await page.waitForTimeout(350);await page.reload();await expect(page.getByRole('button',{name:'Resume Now playing',exact:true})).toBeVisible();expect(await page.evaluate(()=>window.__plays)).toBe(0);await expect(page.locator('[data-alignment-verse][data-alignment-active="paused"]')).toHaveCount(1);await page.getByRole('button',{name:'Resume Now playing',exact:true}).click();await expect.poll(()=>page.evaluate(()=>window.__audio.currentTime)).toBeGreaterThan(5);await page.evaluate(()=>window.__audio.currentTime=window.__audio.duration-.1);await expect.poll(()=>page.evaluate(()=>window.__audio.ended)).toBe(true);await expect(page.locator('[data-alignment-active]')).toHaveCount(0);});
      6 | test.describe('verified offline alignment',()=>{test.use({serviceWorkers:'allow'});test('saved pack cold page retains sidecars and native highlighting',async({page,context})=>{test.setTimeout(60000);await page.goto('/');await page.getByRole('button',{name:'Offline passage and settings'}).click();await page.getByRole('button',{name:/^(Save for offline|Verify and save again)$/}).click();await expect(page.locator('.offline-status')).toContainText('Saved on this device',{timeout:45000});await context.setOffline(true);await page.close();const cold=await context.newPage();await cold.goto('/');await cold.getByRole('tab',{name:'Scripture',exact:true}).click();await expect(cold.locator('[data-alignment-verse]')).toHaveCount(13);await cold.getByRole('button',{name:'Play Scripture BSB',exact:true}).click();await expect(cold.locator('[data-alignment-word][data-alignment-active="playing"]').first()).toBeVisible();});});
      7 |
        at /private/tmp/fia-english-alignment-runtime/tests/english-alignment.spec.js:4:391

    Error Context: test-results/english-alignment-missing--67704-etains-passage-and-playback/error-context.md

  2) tests/english-alignment.spec.js:6:84 › verified offline alignment › saved pack cold page retains sidecars and native highlighting 

    Error: expect(locator).toHaveCount(expected) failed

    Locator:  locator('[data-alignment-verse]')
    Expected: 13
    Received: 0
    Timeout:  5000ms

    Call log:
      - Expect "toHaveCount" locator('[data-alignment-verse]') with timeout 5000ms
      - waiting for locator('[data-alignment-verse]')
        14 × locator resolved to 0 elements
           - unexpected value "0"


      4 | test.describe('missing alignment response',()=>{test.use({serviceWorkers:'block'});test('missing sidecar retains passage and playback',async({page})=>{let intercepted=0;await page.route('**/alignment/*.json',r=>{intercepted++;return r.fulfill({status:404,body:''});});await page.goto('/');await page.getByRole('tab',{name:'Scripture',exact:true}).click();await expect.poll(()=>intercepted).toBeGreaterThan(0);await expect(page.locator('[data-alignment-verse]')).toHaveCount(0);await page.getByRole('button',{name:'Play Scripture BSB',exact:true}).click();await expect(page.locator('[data-playback-highlight="playing"]').first()).toBeVisible();});});
      5 | test('native paused checkpoint restores without autoplay then clears at actual end',async({page})=>{await page.addInitScript(()=>{const A=window.Audio;window.__plays=0;window.Audio=class extends A{constructor(...a){super(...a);window.__audio=this;}play(){window.__plays++;return super.play();}};});await page.goto('/');await page.getByRole('tab',{name:'Scripture',exact:true}).click();await page.getByRole('button',{name:'Play Scripture BSB',exact:true}).click();await expect.poll(()=>page.evaluate(()=>window.__audio?.currentTime??0)).toBeGreaterThan(0);await page.evaluate(()=>{window.__audio.pause();window.__audio.currentTime=5;});await expect.poll(()=>page.evaluate(()=>window.__audio.currentTime)).toBe(5);await page.waitForTimeout(350);await page.reload();await expect(page.getByRole('button',{name:'Resume Now playing',exact:true})).toBeVisible();expect(await page.evaluate(()=>window.__plays)).toBe(0);await expect(page.locator('[data-alignment-verse][data-alignment-active="paused"]')).toHaveCount(1);await page.getByRole('button',{name:'Resume Now playing',exact:true}).click();await expect.poll(()=>page.evaluate(()=>window.__audio.currentTime)).toBeGreaterThan(5);await page.evaluate(()=>window.__audio.currentTime=window.__audio.duration-.1);await expect.poll(()=>page.evaluate(()=>window.__audio.ended)).toBe(true);await expect(page.locator('[data-alignment-active]')).toHaveCount(0);});
    > 6 | test.describe('verified offline alignment',()=>{test.use({serviceWorkers:'allow'});test('saved pack cold page retains sidecars and native highlighting',async({page,context})=>{test.setTimeout(60000);await page.goto('/');await page.getByRole('button',{name:'Offline passage and settings'}).click();await page.getByRole('button',{name:/^(Save for offline|Verify and save again)$/}).click();await expect(page.locator('.offline-status')).toContainText('Saved on this device',{timeout:45000});await context.setOffline(true);await page.close();const cold=await context.newPage();await cold.goto('/');await cold.getByRole('tab',{name:'Scripture',exact:true}).click();await expect(cold.locator('[data-alignment-verse]')).toHaveCount(13);await cold.getByRole('button',{name:'Play Scripture BSB',exact:true}).click();await expect(cold.locator('[data-alignment-word][data-alignment-active="playing"]').first()).toBeVisible();});});
        |                                                                                                                                                                                                                                                                                                                                                                                                                                                                                                                                                                                                                                                                                                                                          ^
      7 |
        at /private/tmp/fia-english-alignment-runtime/tests/english-alignment.spec.js:6:714

    Error Context: test-results/english-alignment-verified-8dc7b-ars-and-native-highlighting/error-context.md

  2 failed
    tests/english-alignment.spec.js:4:84 › missing alignment response › missing sidecar retains passage and playback 
    tests/english-alignment.spec.js:6:84 › verified offline alignment › saved pack cold page retains sidecars and native highlighting 
