[WebServer] (node:29260) Warning: The 'NO_COLOR' env is ignored due to the 'FORCE_COLOR' env being set.
[WebServer] (Use `node --trace-warnings ...` to show where the warning was created)

Running 2 tests using 1 worker

(node:29261) Warning: The 'NO_COLOR' env is ignored due to the 'FORCE_COLOR' env being set.
(Use `node --trace-warnings ...` to show where the warning was created)
  ✓  1 tests/spanish-integration.spec.js:6:1 › corrupt target retains paused English with zero added plays (1.1s)
  ✘  2 tests/spanish-integration.spec.js:14:1 › language roundtrip preserves native checkpoint and shared theme (500ms)


  1) tests/spanish-integration.spec.js:14:1 › language roundtrip preserves native checkpoint and shared theme 

    Error: page.evaluate: TypeError: Cannot read properties of undefined (reading 'currentTime')
        at eval (eval at evaluate (:311:30), <anonymous>:1:22)
        at UtilityScript.evaluate (<anonymous>:313:16)
        at UtilityScript.<anonymous> (<anonymous>:1:44)
        at eval (eval at evaluate (:311:30), <anonymous>:1:22)
        at UtilityScript.evaluate (<anonymous>:313:16)
        at UtilityScript.<anonymous> (<anonymous>:1:44)
        at /private/tmp/fia-spanish-integration-app/tests/spanish-integration.spec.js:14:561
        at /private/tmp/fia-spanish-integration-app/tests/spanish-integration.spec.js:14:534

    Error Context: test-results/spanish-integration-langua-b24e6-checkpoint-and-shared-theme/error-context.md

  1 failed
    tests/spanish-integration.spec.js:14:1 › language roundtrip preserves native checkpoint and shared theme 
  1 passed (2.9s)
