[WebServer] (node:32487) Warning: The 'NO_COLOR' env is ignored due to the 'FORCE_COLOR' env being set.
[WebServer] (Use `node --trace-warnings ...` to show where the warning was created)

Running 3 tests using 1 worker

(node:32488) Warning: The 'NO_COLOR' env is ignored due to the 'FORCE_COLOR' env being set.
(Use `node --trace-warnings ...` to show where the warning was created)
  ✘  1 tests/speech-offline.spec.js:6:1 › complete offline pack and real media survive cold page, exploration and new owner (243ms)
(node:32494) Warning: The 'NO_COLOR' env is ignored due to the 'FORCE_COLOR' env being set.
(Use `node --trace-warnings ...` to show where the warning was created)
  ✘  2 tests/speech-offline.spec.js:13:1 › missing corrupt canceled transfers preserve a verified pack and removal remains explicit (105ms)
(node:32500) Warning: The 'NO_COLOR' env is ignored due to the 'FORCE_COLOR' env being set.
(Use `node --trace-warnings ...` to show where the warning was created)
  ✘  3 tests/speech-offline.spec.js:18:1 › combined transition plays offline and stops on the activity; source info returns focus (107ms)


  1) tests/speech-offline.spec.js:6:1 › complete offline pack and real media survive cold page, exploration and new owner 

    Error: apiRequestContext.post: connect ECONNREFUSED 127.0.0.1:4185
    Call log:
      - → POST http://127.0.0.1:4185/__test__/mode
        - user-agent: Playwright/1.63.0 (arm64; macOS 26.2) node/22.16
        - accept: */*
        - accept-encoding: gzip,deflate,br
        - content-type: application/octet-stream
        - content-length: 6


      3 | const settings=page=>page.getByRole('button',{name:'Offline passage and settings'}).click();
      4 | async function save(page){await settings(page);await page.getByRole('button',{name:/^(Save for offline|Verify and save again)$/}).click();await expect(page.locator('.offline-status')).toContainText('Saved on this device',{timeout:60000});await page.getByRole('button',{name:'Close resource'}).click();}
    > 5 | test.beforeEach(async({page,request})=>{await request.post('/__test__/mode',{data:'normal'});await page.goto('/');});
        |                                                       ^
      6 | test('complete offline pack and real media survive cold page, exploration and new owner',async({page,context})=>{
      7 |  await save(page);const manifest=await page.evaluate(()=>fetch('/offline-shell.json').then(r=>r.json()));await context.setOffline(true);await page.close();page=await context.newPage();await page.goto('/');
      8 |  const ok=await page.evaluate(async entries=>{for(const e of entries){const r=await fetch(e.path),b=await r.arrayBuffer(),h=[...new Uint8Array(await crypto.subtle.digest('SHA-256',b))].map(x=>x.toString(16).padStart(2,'0')).join('');if(!r.ok||b.byteLength!==e.bytes||h!==e.sha256)return false;}return true;},manifest.entries);expect(ok).toBe(true);
        at /private/tmp/fia-poc-release/tests/speech-offline.spec.js:5:55

    Error Context: test-results/speech-offline-complete-of-8eb5f-e-exploration-and-new-owner/error-context.md

  2) tests/speech-offline.spec.js:13:1 › missing corrupt canceled transfers preserve a verified pack and removal remains explicit 

    Error: apiRequestContext.post: connect ECONNREFUSED 127.0.0.1:4185
    Call log:
      - → POST http://127.0.0.1:4185/__test__/mode
        - user-agent: Playwright/1.63.0 (arm64; macOS 26.2) node/22.16
        - accept: */*
        - accept-encoding: gzip,deflate,br
        - content-type: application/octet-stream
        - content-length: 6


      3 | const settings=page=>page.getByRole('button',{name:'Offline passage and settings'}).click();
      4 | async function save(page){await settings(page);await page.getByRole('button',{name:/^(Save for offline|Verify and save again)$/}).click();await expect(page.locator('.offline-status')).toContainText('Saved on this device',{timeout:60000});await page.getByRole('button',{name:'Close resource'}).click();}
    > 5 | test.beforeEach(async({page,request})=>{await request.post('/__test__/mode',{data:'normal'});await page.goto('/');});
        |                                                       ^
      6 | test('complete offline pack and real media survive cold page, exploration and new owner',async({page,context})=>{
      7 |  await save(page);const manifest=await page.evaluate(()=>fetch('/offline-shell.json').then(r=>r.json()));await context.setOffline(true);await page.close();page=await context.newPage();await page.goto('/');
      8 |  const ok=await page.evaluate(async entries=>{for(const e of entries){const r=await fetch(e.path),b=await r.arrayBuffer(),h=[...new Uint8Array(await crypto.subtle.digest('SHA-256',b))].map(x=>x.toString(16).padStart(2,'0')).join('');if(!r.ok||b.byteLength!==e.bytes||h!==e.sha256)return false;}return true;},manifest.entries);expect(ok).toBe(true);
        at /private/tmp/fia-poc-release/tests/speech-offline.spec.js:5:55

    Error Context: test-results/speech-offline-missing-cor-44bb3-nd-removal-remains-explicit/error-context.md

  3) tests/speech-offline.spec.js:18:1 › combined transition plays offline and stops on the activity; source info returns focus 

    Error: apiRequestContext.post: connect ECONNREFUSED 127.0.0.1:4185
    Call log:
      - → POST http://127.0.0.1:4185/__test__/mode
        - user-agent: Playwright/1.63.0 (arm64; macOS 26.2) node/22.16
        - accept: */*
        - accept-encoding: gzip,deflate,br
        - content-type: application/octet-stream
        - content-length: 6


      3 | const settings=page=>page.getByRole('button',{name:'Offline passage and settings'}).click();
      4 | async function save(page){await settings(page);await page.getByRole('button',{name:/^(Save for offline|Verify and save again)$/}).click();await expect(page.locator('.offline-status')).toContainText('Saved on this device',{timeout:60000});await page.getByRole('button',{name:'Close resource'}).click();}
    > 5 | test.beforeEach(async({page,request})=>{await request.post('/__test__/mode',{data:'normal'});await page.goto('/');});
        |                                                       ^
      6 | test('complete offline pack and real media survive cold page, exploration and new owner',async({page,context})=>{
      7 |  await save(page);const manifest=await page.evaluate(()=>fetch('/offline-shell.json').then(r=>r.json()));await context.setOffline(true);await page.close();page=await context.newPage();await page.goto('/');
      8 |  const ok=await page.evaluate(async entries=>{for(const e of entries){const r=await fetch(e.path),b=await r.arrayBuffer(),h=[...new Uint8Array(await crypto.subtle.digest('SHA-256',b))].map(x=>x.toString(16).padStart(2,'0')).join('');if(!r.ok||b.byteLength!==e.bytes||h!==e.sha256)return false;}return true;},manifest.entries);expect(ok).toBe(true);
        at /private/tmp/fia-poc-release/tests/speech-offline.spec.js:5:55

    Error Context: test-results/speech-offline-combined-tr-233d4-y-source-info-returns-focus/error-context.md

  3 failed
    tests/speech-offline.spec.js:6:1 › complete offline pack and real media survive cold page, exploration and new owner 
    tests/speech-offline.spec.js:13:1 › missing corrupt canceled transfers preserve a verified pack and removal remains explicit 
    tests/speech-offline.spec.js:18:1 › combined transition plays offline and stops on the activity; source info returns focus 
