
> fia-functional-poc@0.1.2 test
> node --test tests/*.test.mjs

TAP version 13
# Subtest: simulated HTMLAudio events advance only ended source units and suppress canceled callbacks
ok 1 - simulated HTMLAudio events advance only ended source units and suppress canceled callbacks
  ---
  duration_ms: 788.070666
  type: 'test'
  ...
# Subtest: simulated HTMLAudio pause resumes same source and media errors do not advance
ok 2 - simulated HTMLAudio pause resumes same source and media errors do not advance
  ---
  duration_ms: 6.347458
  type: 'test'
  ...
# Subtest: selected audio integrity failure and changed source fail before playback
ok 3 - selected audio integrity failure and changed source fail before playback
  ---
  duration_ms: 11.220834
  type: 'test'
  ...
# Subtest: pure synthesis guards count uncertain attempts and reject changed input, repeated IDs and cumulative caps without network
ok 4 - pure synthesis guards count uncertain attempts and reject changed input, repeated IDs and cumulative caps without network
  ---
  duration_ms: 0.555083
  type: 'test'
  ...
# Subtest: complete prepared audio binds exactly117 visible guide units and3 Scripture passages to immutable source bytes
ok 5 - complete prepared audio binds exactly117 visible guide units and3 Scripture passages to immutable source bytes
  ---
  duration_ms: 20.906
  type: 'test'
  ...
# Subtest: a late resume rejection cannot overwrite a stopped session
ok 6 - a late resume rejection cannot overwrite a stopped session
  ---
  duration_ms: 7.248542
  type: 'test'
  ...
# Subtest: actual shell builder refuses missing, duplicate and source-mismatched mandatory narration manifests
ok 7 - actual shell builder refuses missing, duplicate and source-mismatched mandatory narration manifests
  ---
  duration_ms: 124.601208
  type: 'test'
  ...
# Subtest: media timing follows native metadata/time events and restart reuses the recording
ok 8 - media timing follows native metadata/time events and restart reuses the recording
  ---
  duration_ms: 5.817416
  type: 'test'
  ...
# Subtest: 750ms pending gap is held, canceled and restarted without ghost advancement
ok 9 - 750ms pending gap is held, canceled and restarted without ghost advancement
  ---
  duration_ms: 2721.983833
  type: 'test'
  ...
# (node:92346) ExperimentalWarning: The MockTimers API is an experimental feature and might change at any time
# (Use `node --trace-warnings ...` to show where the warning was created)
# Subtest: fake clock holds automatic advancement until exactly750ms
ok 10 - fake clock holds automatic advancement until exactly750ms
  ---
  duration_ms: 13.080292
  type: 'test'
  ...
# Subtest: live completion resets on restart stop speak restore and ignores stale ended
ok 11 - live completion resets on restart stop speak restore and ignores stale ended
  ---
  duration_ms: 12.218667
  type: 'test'
  ...
# Subtest: official logo path bytes and viewBoxes match observed source receipt
ok 12 - official logo path bytes and viewBoxes match observed source receipt
  ---
  duration_ms: 2.194625
  type: 'test'
  ...
# Subtest: complete shared CSS and actual composed component sources retain pinned bytes
ok 13 - complete shared CSS and actual composed component sources retain pinned bytes
  ---
  duration_ms: 7.338083
  type: 'test'
  ...
# Subtest: complete source-guided traversal accounts for all39 source stops in38groups and never enters hidden examples
ok 14 - complete source-guided traversal accounts for all39 source stops in38groups and never enters hidden examples
  ---
  duration_ms: 11.266167
  type: 'test'
  ...
# Subtest: step selection and reverse navigation preserve Scripture but cannot enter examples
ok 15 - step selection and reverse navigation preserve Scripture but cannot enter examples
  ---
  duration_ms: 0.137833
  type: 'test'
  ...
# Subtest: storage validates exact source position and discards invalid or hidden units
ok 16 - storage validates exact source position and discards invalid or hidden units
  ---
  duration_ms: 0.245959
  type: 'test'
  ...
# Subtest: install offer is consumed once; dismissal does not claim installation
ok 17 - install offer is consumed once; dismissal does not claim installation
  ---
  duration_ms: 1.110292
  type: 'test'
  ...
# Subtest: browser acceptance and launch mode are separate, with no persistent installed flag
ok 18 - browser acceptance and launch mode are separate, with no persistent installed flag
  ---
  duration_ms: 0.643333
  type: 'test'
  ...
# Subtest: missing or failed installation event is recoverable and never installed
ok 19 - missing or failed installation event is recoverable and never installed
  ---
  duration_ms: 1.408292
  type: 'test'
  ...
# Subtest: nested resolver uses selected Scripture and exact attachment order/explicit selection
ok 20 - nested resolver uses selected Scripture and exact attachment order/explicit selection
  ---
  duration_ms: 0.449334
  type: 'test'
  ...
# Subtest: instruction queue stops without advancing session or creating discussion completion
ok 21 - instruction queue stops without advancing session or creating discussion completion
  ---
  duration_ms: 0.777583
  type: 'test'
  ...
# Subtest: 130source IDs partition into115activity source IDs,2metadata and13hidden without new resource link
ok 22 - 130source IDs partition into115activity source IDs,2metadata and13hidden without new resource link
  ---
  duration_ms: 1.739959
  type: 'test'
  ...
# Subtest: metadata bookmarks restore position not a map association, then Continue entersstep6
ok 23 - metadata bookmarks restore position not a map association, then Continue entersstep6
  ---
  duration_ms: 2.727333
  type: 'test'
  ...
# Subtest: simulated storage quota failure cannot replace the previous active pointer
ok 24 - simulated storage quota failure cannot replace the previous active pointer
  ---
  duration_ms: 27.2195
  type: 'test'
  ...
# Subtest: failure between shell and active metadata writes restores the previous shell and pack
ok 25 - failure between shell and active metadata writes restores the previous shell and pack
  ---
  duration_ms: 19.81625
  type: 'test'
  ...
# Subtest: exact four attachments bijectively retain115 activity-source IDs and39 witnesses in111groups/38stopgroups
ok 26 - exact four attachments bijectively retain115 activity-source IDs and39 witnesses in111groups/38stopgroups
  ---
  duration_ms: 2.357292
  type: 'test'
  ...
# Subtest: each legacy cue restores the activity and cue state; ended stays and Continue skips only attached cue
ok 27 - each legacy cue restores the activity and cue state; ended stays and Continue skips only attached cue
  ---
  duration_ms: 0.633584
  type: 'test'
  ...
# Subtest: complete selected source pack verifies from actual files
ok 28 - complete selected source pack verifies from actual files
  ---
  duration_ms: 61.146375
  type: 'test'
  ...
# Subtest: a missing or duplicated verse fails even with a valid transport digest
ok 29 - a missing or duplicated verse fails even with a valid transport digest
  ---
  duration_ms: 1057.571334
  type: 'test'
  ...
# Subtest: altered Scripture or emitted guide text fails canonical comparison
ok 30 - altered Scripture or emitted guide text fails canonical comparison
  ---
  duration_ms: 561.547291
  type: 'test'
  ...
# Subtest: a missing resource and guessed map alias fail
ok 31 - a missing resource and guessed map alias fail
  ---
  duration_ms: 579.894166
  type: 'test'
  ...
# Subtest: discussion stops and example boundaries cannot silently change
ok 32 - discussion stops and example boundaries cannot silently change
  ---
  duration_ms: 288.104959
  type: 'test'
  ...
# Subtest: missing rights and flattened map notice fail
ok 33 - missing rights and flattened map notice fail
  ---
  duration_ms: 338.771666
  type: 'test'
  ...
# Subtest: video bytes are not an accepted offline resource
ok 34 - video bytes are not an accepted offline resource
  ---
  duration_ms: 266.982625
  type: 'test'
  ...
# Subtest: corrupt or missing actual media fails integrity verification
ok 35 - corrupt or missing actual media fails integrity verification
  ---
  duration_ms: 248.145584
  type: 'test'
  ...
# Subtest: a changed image cannot be legitimized by recomputing its manifest digest
ok 36 - a changed image cannot be legitimized by recomputing its manifest digest
  ---
  duration_ms: 139.973917
  type: 'test'
  ...
# Subtest: all original and derived resource/edition owners resolve; no false availability without files
ok 37 - all original and derived resource/edition owners resolve; no false availability without files
  ---
  duration_ms: 4.397917
  type: 'test'
  ...
# Subtest: guide resolver stops at selected semantic boundary and optional examples remain opt-in
ok 38 - guide resolver stops at selected semantic boundary and optional examples remain opt-in
  ---
  duration_ms: 3.459166
  type: 'test'
  ...
# Subtest: raw punctuation binds original source hash separately from processed hash
ok 39 - raw punctuation binds original source hash separately from processed hash
  ---
  duration_ms: 0.365875
  type: 'test'
  ...
# Subtest: restore validates source owner, bytes and offset and resumes after notices without autoplay
ok 40 - restore validates source owner, bytes and offset and resumes after notices without autoplay
  ---
  duration_ms: 0.250083
  type: 'test'
  ...
# Subtest: notice intro group can be carried across deliberate guide activity navigation
ok 41 - notice intro group can be carried across deliberate guide activity navigation
  ---
  duration_ms: 0.171125
  type: 'test'
  ...
# Subtest: synthetic expansion preserves original objects, full union and unavailable audio
ok 42 - synthetic expansion preserves original objects, full union and unavailable audio
  ---
  duration_ms: 7.360958
  type: 'test'
  ...
# Subtest: pending or changed packet cannot project
ok 43 - pending or changed packet cannot project
  ---
  duration_ms: 1.034583
  type: 'test'
  ...
# Subtest: independent packet integrity and membership checks survive a matching packet receipt
ok 44 - independent packet integrity and membership checks survive a matching packet receipt
  ---
  duration_ms: 1.939458
  type: 'test'
  ...
# Subtest: Spanish source coverage retains all blocks and isolates optional enactment
ok 45 - Spanish source coverage retains all blocks and isolates optional enactment
  ---
  duration_ms: 11.204209
  type: 'test'
  ...
# Subtest: original Spanish bodies and rights survive projection, derived text stays separate
ok 46 - original Spanish bodies and rights survive projection, derived text stays separate
  ---
  duration_ms: 5.175791
  type: 'test'
  ...
# Subtest: unknown source IDs, changed original text, altered supplement and ordinary example fail closed
ok 47 - unknown source IDs, changed original text, altered supplement and ordinary example fail closed
  ---
  duration_ms: 29.842583
  type: 'test'
  ...
# Subtest: candidate payload and asset manifest have no runtime/audio activation or private paths
ok 48 - candidate payload and asset manifest have no runtime/audio activation or private paths
  ---
  duration_ms: 30.10975
  type: 'test'
  ...
# Subtest: editorial resource requests preserve source but never become activities or examples
ok 49 - editorial resource requests preserve source but never become activities or examples
  ---
  duration_ms: 7.6915
  type: 'test'
  ...
# Subtest: simulated speech events: cancellation rejects stale source advancement and old errors
ok 50 - simulated speech events: cancellation rejects stale source advancement and old errors
  ---
  duration_ms: 6.654917
  type: 'test'
  ...
# Subtest: simulated speech events: chunks preserve source and item advances only after final chunk
ok 51 - simulated speech events: chunks preserve source and item advances only after final chunk
  ---
  duration_ms: 8.854834
  type: 'test'
  ...
# Subtest: simulated pause/resume require actual adapter event and absent voices are honest
ok 52 - simulated pause/resume require actual adapter event and absent voices are honest
  ---
  duration_ms: 5.796333
  type: 'test'
  ...
# Subtest: 21 frozen term recordings retain exact source, rights binding and cumulative attempt ceiling
ok 53 - 21 frozen term recordings retain exact source, rights binding and cumulative attempt ceiling
  ---
  duration_ms: 60.156083
  type: 'test'
  ...
# Subtest: four combined recordings preserve exact source and reviewed transition text
ok 54 - four combined recordings preserve exact source and reviewed transition text
  ---
  duration_ms: 6.453
  type: 'test'
  ...
# Subtest: all111 guide destinations are reversible, bounded and preserve version/resource domains
ok 55 - all111 guide destinations are reversible, bounded and preserve version/resource domains
  ---
  duration_ms: 2.189
  type: 'test'
  ...
# Subtest: workspace validates fields independently and source identity without guessing newer schemas
ok 56 - workspace validates fields independently and source identity without guessing newer schemas
  ---
  duration_ms: 0.904084
  type: 'test'
  ...
# Subtest: restored guide queues respect source stops and reject hidden/pure metadata IDs
ok 57 - restored guide queues respect source stops and reject hidden/pure metadata IDs
  ---
  duration_ms: 0.453291
  type: 'test'
  ...
# Subtest: restore never plays before explicit Resume and clamps verified metadata offset
ok 58 - restore never plays before explicit Resume and clamps verified metadata offset
  ---
  duration_ms: 3.459417
  type: 'test'
  ...
# Subtest: stale delayed fetch and metadata cannot override new playback, Restart or superseding restore
ok 59 - stale delayed fetch and metadata cannot override new playback, Restart or superseding restore
  ---
  duration_ms: 1.930041
  type: 'test'
  ...
# Subtest: pagehide-style checkpoint preserves source-bound offset through delayed metadata and seek
ok 60 - pagehide-style checkpoint preserves source-bound offset through delayed metadata and seek
  ---
  duration_ms: 1.1165
  type: 'test'
  ...
# Subtest: theme-only Spanish storage restores English theme without losing existing fields
ok 61 - theme-only Spanish storage restores English theme without losing existing fields
  ---
  duration_ms: 0.314042
  type: 'test'
  ...
1..61
# tests 61
# suites 0
# pass 61
# fail 0
# cancelled 0
# skipped 0
# todo 0
# duration_ms 3785.706459
