verify	Run npm run test:e2e	﻿2026-09-14T19:26:37.8975516Z ##[group]Run npm run test:e2e
verify	Run npm run test:e2e	2026-09-14T19:26:37.8976095Z [36;1mnpm run test:e2e[0m
verify	Run npm run test:e2e	2026-09-14T19:26:37.9031446Z shell: /usr/bin/bash -e {0}
verify	Run npm run test:e2e	2026-09-14T19:26:37.9031889Z ##[endgroup]
verify	Run npm run test:e2e	2026-09-14T19:26:38.0285749Z 
verify	Run npm run test:e2e	2026-09-14T19:26:38.0286848Z > fia-functional-poc@0.1.5 test:e2e
verify	Run npm run test:e2e	2026-09-14T19:26:38.0288014Z > playwright test
verify	Run npm run test:e2e	2026-09-14T19:26:38.0288548Z 
verify	Run npm run test:e2e	2026-09-14T19:26:41.4749067Z 
verify	Run npm run test:e2e	2026-09-14T19:26:41.4750250Z Running 71 tests using 1 worker
verify	Run npm run test:e2e	2026-09-14T19:26:41.4750890Z 
verify	Run npm run test:e2e	2026-09-14T19:26:56.2301895Z   ✓   1 tests/card-footer.spec.js:3:1 › card footer contains exact transport across reading views and modal without floating duplicate (13.7s)
verify	Run npm run test:e2e	2026-09-14T19:26:59.3271510Z   ✓   2 tests/card-footer.spec.js:4:1 › footer controls preserve actual owner through resource exploration (3.1s)
verify	Run npm run test:e2e	2026-09-14T19:27:00.3116281Z   ✓   3 tests/compact.spec.js:3:1 › actual missing recording exposes source error without a running dock (913ms)
verify	Run npm run test:e2e	2026-09-14T19:27:03.5461923Z   ✓   4 tests/compact.spec.js:4:1 › compact labeled action and explicit secondary controls fit326 and726 (3.2s)
verify	Run npm run test:e2e	2026-09-14T19:27:05.4468517Z   ✓   5 tests/composition.spec.js:2:1 › whole reading composition has stable actions and reachable source at desktop and mobile (1.9s)
verify	Run npm run test:e2e	2026-09-14T19:27:07.7367213Z   ✓   6 tests/composition.spec.js:3:1 › current owner remains controllable while a different term is explored and term player is inside card (2.3s)
verify	Run npm run test:e2e	2026-09-14T19:27:09.5763001Z   ✓   7 tests/contextual.spec.js:3:1 › floating tabs support keyboard and local controls fit desktop and320px without nested buttons (1.8s)
verify	Run npm run test:e2e	2026-09-14T19:27:11.5371312Z   ✓   8 tests/contextual.spec.js:5:1 › current-step index preserves context and all117 source sections remain reachable (1.9s)
verify	Run npm run test:e2e	2026-09-14T19:27:15.6185332Z   ✓   9 tests/contrast-badge.spec.js:2:1 › dark semantic labels and original media badge hierarchy use actual tokens (4.1s)
verify	Run npm run test:e2e	2026-09-14T19:27:23.3519374Z   ✓  10 tests/dock.spec.js:2:1 › one floating owner survives exploration with safe narrow dock and modal counterpart (7.7s)
verify	Run npm run test:e2e	2026-09-14T19:27:29.5308683Z   ✓  11 tests/error-dock.spec.js:3:1 › real404 compact Retry is source-scoped accessible and recovers in both themes (6.1s)
verify	Run npm run test:e2e	2026-09-14T19:27:32.2153558Z   ✓  12 tests/gap.spec.js:2:1 › actual guide gap preserves completed context and narrow dock never exceeds actual menu (2.6s)
verify	Run npm run test:e2e	2026-09-14T19:27:33.4913697Z   ✓  13 tests/guided-session.spec.js:5:1 › real guide, Scripture selection and exact position survive view changes and reload (1.2s)
verify	Run npm run test:e2e	2026-09-14T19:27:34.4029339Z   ✓  14 tests/guided-session.spec.js:15:1 › contextual real map opens, renders and returns focus without moving the guide (893ms)
verify	Run npm run test:e2e	2026-09-14T19:27:36.3687123Z   ✓  15 tests/guided-session.spec.js:23:1 › examples require explicit reveal and every resource type is available (1.9s)
verify	Run npm run test:e2e	2026-09-14T19:27:37.1552205Z   ✓  16 tests/guided-session.spec.js:32:1 › narrow layout, keyboard dialog and large text remain usable (767ms)
verify	Run npm run test:e2e	2026-09-14T19:27:37.8986269Z   ✓  17 tests/guided-session.spec.js:39:1 › failed required source renders a real error with retry, never substitute content (723ms)
verify	Run npm run test:e2e	2026-09-14T19:27:39.2307212Z   ✓  18 tests/guided-session.spec.js:45:1 › duplicate source names are distinguished by source meaning and inspected image (1.3s)
verify	Run npm run test:e2e	2026-09-14T19:27:39.7140964Z   ✓  19 tests/guided-session.spec.js:50:1 › official FIA identity and colors render with readable contrast (466ms)
verify	Run npm run test:e2e	2026-09-14T19:27:41.7404854Z   ✓  20 tests/guided-session.spec.js:58:1 › resources show all eight real previews, source metadata, search and honest online video (2.0s)
verify	Run npm run test:e2e	2026-09-14T19:27:42.8790117Z   ✓  21 tests/guided-session.spec.js:68:1 › finished-session return from another view really restores the guide (1.1s)
verify	Run npm run test:e2e	2026-09-14T19:27:48.6331071Z   ✓  22 tests/idle-player.spec.js:3:1 › ready context, real0.95rate, pause/resume and playing exploration remain truthful (5.7s)
verify	Run npm run test:e2e	2026-09-14T19:27:54.3120759Z   ✘  23 tests/inset-glass.spec.js:2:1 › inset credit and native transport remain reachable under actual playback (5.6s)
verify	Run npm run test:e2e	2026-09-14T19:28:04.4719256Z   ✓  24 tests/local-contrast.spec.js:2:1 › button-local substrate preserves shell and native emphasis (9.3s)
verify	Run npm run test:e2e	2026-09-14T19:28:07.0654950Z   ✓  25 tests/nested-direct.spec.js:2:1 › direct Guide Scripture and resource controls retain Guide adjacency through pause and end (2.6s)
verify	Run npm run test:e2e	2026-09-14T19:28:12.0063284Z   ✓  26 tests/nested-pwa.spec.js:2:1 › PWA save preserves nested owner and current instruction (4.9s)
verify	Run npm run test:e2e	2026-09-14T19:28:15.9659248Z   ✓  27 tests/nested-ready.spec.js:2:1 › native instruction ends ready selected ULT without autoplay; pause and nested completion keep Guide navigation (3.9s)
verify	Run npm run test:e2e	2026-09-14T19:28:18.0707862Z   ✓  28 tests/next-actions.spec.js:3:1 › real adapted map action ends with its exact resource and metadata restores without invented association (2.1s)
verify	Run npm run test:e2e	2026-09-14T19:28:21.8551991Z   ✓  29 tests/pause-groups.spec.js:3:1 › all four legacy cue bookmarks keep their activity through real audio ended and explicit Continue (3.8s)
verify	Run npm run test:e2e	2026-09-14T19:28:24.2003466Z   ✓  30 tests/picker-cleanup.spec.js:2:1 › picker full search, same-language exit and verified destination (2.3s)
verify	Run npm run test:e2e	2026-09-14T19:28:25.2101952Z   ✓  31 tests/picker-cleanup.spec.js:3:1 › busy rows disable and failed target retains picker (997ms)
verify	Run npm run test:e2e	2026-09-14T19:28:27.8428056Z   ✓  32 tests/picker-cleanup.spec.js:4:1 › picker and native option tokens plus programmatic selection both themes and languages (2.6s)
verify	Run npm run test:e2e	2026-09-14T19:28:29.4998768Z   ✓  33 tests/picker-cleanup.spec.js:5:1 › failed target then current confirmation clears stale error without fetch or autoplay (1.6s)
verify	Run npm run test:e2e	2026-09-14T19:28:31.3652336Z   ✓  34 tests/primary-ended.spec.js:1:78 › after owner ends current hidden idle selection becomes chooser (1.8s)
verify	Run npm run test:e2e	2026-09-14T19:28:33.4237573Z   ✓  35 tests/primary-ended.spec.js:3:1 › paused owner resumes and intentional captured-list Next stays selected without autoplay (2.0s)
verify	Run npm run test:e2e	2026-09-14T19:28:36.5338310Z   ✓  36 tests/primary.spec.js:2:1 › three controls, no autoplay adjacency, filtered modal focus and source cornerRestart (3.1s)
verify	Run npm run test:e2e	2026-09-14T19:28:42.8611420Z click { x: 5, y: 110 } { tag: 'BUTTON', cls: 'resource-surface-open' }
verify	Run npm run test:e2e	2026-09-14T19:28:43.1331088Z click { x: 20, y: 60 } { tag: 'BUTTON', cls: 'resource-surface-open' }
verify	Run npm run test:e2e	2026-09-14T19:28:43.3360670Z click { x: 35, y: 115 } { tag: 'BUTTON', cls: 'resource-surface-open' }
verify	Run npm run test:e2e	2026-09-14T19:28:43.7795612Z   ✓  37 tests/resource-order.spec.js:2:1 › row order and full card native opening preserve independent audio (7.2s)
verify	Run npm run test:e2e	2026-09-14T19:28:44.9706089Z   ✓  38 tests/resource-order.spec.js:3:1 › filtered DOM keyboard and player adjacency retain source order (1.2s)
verify	Run npm run test:e2e	2026-09-14T19:28:45.9793194Z {"width":319,"theme":"dark","x":0,"auroraScroll":0,"doc":319,"rects":{".app-shell":{"x":0,"right":319,"width":319},".official-fia-mark":{"x":14,"right":99.046875,"width":85.046875},"input[type=search]":{"x":65,"right":284,"width":219},".resource-grid":{"x":14,"right":305,"width":291},".resource-card":{"x":18,"right":301,"width":283}}}
verify	Run npm run test:e2e	2026-09-14T19:28:47.2773553Z {"width":319,"theme":"light","x":0,"auroraScroll":0,"doc":319,"rects":{".app-shell":{"x":0,"right":319,"width":319},".official-fia-mark":{"x":14,"right":99.046875,"width":85.046875},"input[type=search]":{"x":65,"right":284,"width":219},".resource-grid":{"x":14,"right":305,"width":291},".resource-card":{"x":18,"right":301,"width":283}}}
verify	Run npm run test:e2e	2026-09-14T19:28:48.1298182Z {"width":466,"theme":"dark","x":0,"auroraScroll":0,"doc":466,"rects":{".app-shell":{"x":0,"right":466,"width":466},".official-fia-mark":{"x":18,"right":103.046875,"width":85.046875},"input[type=search]":{"x":69,"right":427,"width":358},".resource-grid":{"x":18,"right":448,"width":430},".resource-card":{"x":22,"right":227,"width":205}}}
verify	Run npm run test:e2e	2026-09-14T19:28:48.7613135Z {"width":466,"theme":"light","x":0,"auroraScroll":0,"doc":466,"rects":{".app-shell":{"x":0,"right":466,"width":466},".official-fia-mark":{"x":18,"right":103.046875,"width":85.046875},"input[type=search]":{"x":69,"right":427,"width":358},".resource-grid":{"x":18,"right":448,"width":430},".resource-card":{"x":22,"right":227,"width":205}}}
verify	Run npm run test:e2e	2026-09-14T19:28:49.5392625Z {"width":726,"theme":"dark","x":0,"auroraScroll":0,"doc":726,"rects":{".app-shell":{"x":0,"right":726,"width":726},".official-fia-mark":{"x":24,"right":109.046875,"width":85.046875},"input[type=search]":{"x":75,"right":681,"width":606},".resource-grid":{"x":24,"right":702,"width":678},".resource-card":{"x":28,"right":357,"width":329}}}
verify	Run npm run test:e2e	2026-09-14T19:28:50.4602590Z {"width":726,"theme":"light","x":0,"auroraScroll":0,"doc":726,"rects":{".app-shell":{"x":0,"right":726,"width":726},".official-fia-mark":{"x":24,"right":109.046875,"width":85.046875},"input[type=search]":{"x":75,"right":681,"width":606},".resource-grid":{"x":24,"right":702,"width":678},".resource-card":{"x":28,"right":357,"width":329}}}
verify	Run npm run test:e2e	2026-09-14T19:28:51.2217168Z   ✓  39 tests/resource-order.spec.js:4:1 › resource viewport diagnostics (6.2s)
verify	Run npm run test:e2e	2026-09-14T19:28:52.0481350Z {"width":319,"shell":0,"aurora":0,"x":19,"right":300,"top":741.5625,"bottom":895.5625,"w":319,"h":987,"name":"Open Jordan River image"}
verify	Run npm run test:e2e	2026-09-14T19:28:52.0539923Z {"width":319,"shell":0,"aurora":0,"x":246,"right":290,"top":841.5625,"bottom":885.5625,"w":319,"h":987,"name":"Play Jordan River"}
verify	Run npm run test:e2e	2026-09-14T19:28:52.0612560Z {"width":319,"shell":0,"aurora":0,"x":19,"right":300,"top":832.5625,"bottom":986.5625,"w":319,"h":987,"name":"Open Wilderness or Desert image"}
verify	Run npm run test:e2e	2026-09-14T19:28:52.0672236Z {"width":319,"shell":0,"aurora":0,"x":246,"right":290,"top":932.5625,"bottom":976.5625,"w":319,"h":987,"name":"Play Wilderness or Desert"}
verify	Run npm run test:e2e	2026-09-14T19:28:52.0728625Z {"width":319,"shell":0,"aurora":0,"x":19,"right":300,"top":416.5625,"bottom":570.5625,"w":319,"h":987,"name":"Open Sandals — full view image"}
verify	Run npm run test:e2e	2026-09-14T19:28:52.0803386Z {"width":319,"shell":0,"aurora":0,"x":246,"right":290,"top":516.5625,"bottom":560.5625,"w":319,"h":987,"name":"Play Sandals — full view"}
verify	Run npm run test:e2e	2026-09-14T19:28:52.0881804Z {"width":319,"shell":0,"aurora":0,"x":19,"right":300,"top":584.5625,"bottom":738.5625,"w":319,"h":987,"name":"Open Sandals — close view image"}
verify	Run npm run test:e2e	2026-09-14T19:28:52.0961185Z {"width":319,"shell":0,"aurora":0,"x":246,"right":290,"top":684.5625,"bottom":728.5625,"w":319,"h":987,"name":"Play Sandals — close view"}
verify	Run npm run test:e2e	2026-09-14T19:28:52.2671317Z {"width":466,"shell":0,"aurora":0,"x":240,"right":443,"top":388.78125,"bottom":542.78125,"w":466,"h":987,"name":"Open Jordan River image"}
verify	Run npm run test:e2e	2026-09-14T19:28:52.2732995Z {"width":466,"shell":0,"aurora":0,"x":389,"right":433,"top":488.78125,"bottom":532.78125,"w":466,"h":987,"name":"Play Jordan River"}
verify	Run npm run test:e2e	2026-09-14T19:28:52.2800813Z {"width":466,"shell":0,"aurora":0,"x":23,"right":226,"top":562.5625,"bottom":716.5625,"w":466,"h":987,"name":"Open Wilderness or Desert image"}
verify	Run npm run test:e2e	2026-09-14T19:28:52.2850830Z {"width":466,"shell":0,"aurora":0,"x":172,"right":216,"top":662.5625,"bottom":706.5625,"w":466,"h":987,"name":"Play Wilderness or Desert"}
verify	Run npm run test:e2e	2026-09-14T19:28:52.2911370Z {"width":466,"shell":0,"aurora":0,"x":240,"right":443,"top":562.5625,"bottom":716.5625,"w":466,"h":987,"name":"Open Sandals — full view image"}
verify	Run npm run test:e2e	2026-09-14T19:28:52.2966399Z {"width":466,"shell":0,"aurora":0,"x":389,"right":433,"top":662.5625,"bottom":706.5625,"w":466,"h":987,"name":"Play Sandals — full view"}
verify	Run npm run test:e2e	2026-09-14T19:28:52.3017068Z {"width":466,"shell":0,"aurora":0,"x":23,"right":226,"top":730.5625,"bottom":884.5625,"w":466,"h":987,"name":"Open Sandals — close view image"}
verify	Run npm run test:e2e	2026-09-14T19:28:52.3121385Z {"width":466,"shell":0,"aurora":0,"x":172,"right":216,"top":830.5625,"bottom":874.5625,"w":466,"h":987,"name":"Play Sandals — close view"}
verify	Run npm run test:e2e	2026-09-14T19:28:52.4392170Z {"width":726,"shell":0,"aurora":0,"x":370,"right":697,"top":375.1875,"bottom":533.1875,"w":726,"h":987,"name":"Open Jordan River image"}
verify	Run npm run test:e2e	2026-09-14T19:28:52.4456143Z {"width":726,"shell":0,"aurora":0,"x":641,"right":685,"top":477.1875,"bottom":521.1875,"w":726,"h":987,"name":"Play Jordan River"}
verify	Run npm run test:e2e	2026-09-14T19:28:52.4522837Z {"width":726,"shell":0,"aurora":0,"x":29,"right":356,"top":547.1875,"bottom":705.1875,"w":726,"h":987,"name":"Open Wilderness or Desert image"}
verify	Run npm run test:e2e	2026-09-14T19:28:52.4566594Z {"width":726,"shell":0,"aurora":0,"x":300,"right":344,"top":649.1875,"bottom":693.1875,"w":726,"h":987,"name":"Play Wilderness or Desert"}
verify	Run npm run test:e2e	2026-09-14T19:28:52.4662258Z {"width":726,"shell":0,"aurora":0,"x":370,"right":697,"top":547.1875,"bottom":705.1875,"w":726,"h":987,"name":"Open Sandals — full view image"}
verify	Run npm run test:e2e	2026-09-14T19:28:52.4701189Z {"width":726,"shell":0,"aurora":0,"x":641,"right":685,"top":649.1875,"bottom":693.1875,"w":726,"h":987,"name":"Play Sandals — full view"}
verify	Run npm run test:e2e	2026-09-14T19:28:52.4765701Z {"width":726,"shell":0,"aurora":0,"x":29,"right":356,"top":719.1875,"bottom":877.1875,"w":726,"h":987,"name":"Open Sandals — close view image"}
verify	Run npm run test:e2e	2026-09-14T19:28:52.4833054Z {"width":726,"shell":0,"aurora":0,"x":300,"right":344,"top":821.1875,"bottom":865.1875,"w":726,"h":987,"name":"Play Sandals — close view"}
verify	Run npm run test:e2e	2026-09-14T19:28:52.5844619Z   ✓  40 tests/resource-order.spec.js:5:1 › keyboard focus never scrolls aurora horizontally (1.3s)
verify	Run npm run test:e2e	2026-09-14T19:28:54.1201498Z   ✓  41 tests/resource-order.spec.js:6:1 › failed recording leaves whole card center openable (1.5s)
verify	Run npm run test:e2e	2026-09-14T19:28:57.7631820Z   ✓  42 tests/scripture-header.spec.js:2:1 › Scripture Info and Play remain inside narrow selected-version header in both themes (3.6s)
verify	Run npm run test:e2e	2026-09-14T19:29:06.1642146Z   ✘  43 tests/spanish-audio.spec.js:4:1 › fixture native guide notice then content completion keeps boundary and supports paused restore (8.3s)
verify	Run npm run test:e2e	2026-09-14T19:29:37.2503371Z   ✘  44 tests/spanish-audio.spec.js:5:1 › fixture native Resources modal keeps single owner and keyboard close restores focus (30.0s)
verify	Run npm run test:e2e	2026-09-14T19:29:39.5711024Z   ✓  45 tests/spanish-audio.spec.js:7:1 › fixture audio storage failure has separate visible warning (1.3s)
verify	Run npm run test:e2e	2026-09-14T19:29:40.6522063Z   ✓  46 tests/spanish-complete-integrity.spec.js:3:1 › corrupt optional audio manifest retains verified Spanish text without playable recordings (1.0s)
verify	Run npm run test:e2e	2026-09-14T19:29:41.5403244Z   ✓  47 tests/spanish-complete-integrity.spec.js:4:1 › corrupt Spanish recording is rejected before native playback and keeps source retry (863ms)
verify	Run npm run test:e2e	2026-09-14T19:30:11.7502676Z   ✘  48 tests/spanish-integration.spec.js:3:1 › full picker and English Spanish reload switches never autoplay (30.1s)
verify	Run npm run test:e2e	2026-09-14T19:31:42.8135174Z   ✘  49 tests/spanish-integration.spec.js:4:1 › Spanish saves separate verified text pack and restores offline (1.5m)
verify	Run npm run test:e2e	2026-09-14T19:32:13.8905884Z   ✘  50 tests/spanish-integration.spec.js:5:1 › Spanish narrow full picker source view and keyboard example return (30.0s)
verify	Run npm run test:e2e	2026-09-14T19:32:16.9897965Z   ✓  51 tests/spanish-integration.spec.js:6:1 › corrupt target retains paused English with zero added plays (2.1s)
verify	Run npm run test:e2e	2026-09-14T19:32:19.2012033Z   ✓  52 tests/spanish-integration.spec.js:7:1 › denied storage fonts blocked and large Spanish text remain usable (2.2s)
verify	Run npm run test:e2e	2026-09-14T19:32:26.0675675Z   ✘  53 tests/spanish-integration.spec.js:8:1 › Spanish invalid source ID visibly resets without autoplay (6.8s)
verify	Run npm run test:e2e	2026-09-14T19:32:35.5361527Z   ✓  54 tests/spanish-integration.spec.js:9:1 › saved legacy English then new Spanish launches current shell offline (8.5s)
verify	Run npm run test:e2e	2026-09-14T19:32:37.5719067Z   ✓  55 tests/spanish-integration.spec.js:10:1 › repaired Spanish position drops both new and historical persisted warning on reload (2.0s)
verify	Run npm run test:e2e	2026-09-14T19:32:38.3728274Z   ✓  56 tests/spanish-integration.spec.js:11:1 › English Languages view survives reload without autoplay (782ms)
verify	Run npm run test:e2e	2026-09-14T19:32:39.7123904Z   ✓  57 tests/spanish-integration.spec.js:12:1 › Languages reload keeps explicit Resume at native checkpoint (1.3s)
verify	Run npm run test:e2e	2026-09-14T19:32:41.9631905Z   ✓  58 tests/spanish-integration.spec.js:14:1 › language roundtrip preserves native checkpoint and shared theme (2.2s)
verify	Run npm run test:e2e	2026-09-14T19:32:43.1558265Z   ✓  59 tests/spanish-integration.spec.js:17:1 › online deferred audio fetch › pending English start is fenced during slow Spanish selection (1.2s)
verify	Run npm run test:e2e	2026-09-14T19:32:44.5366518Z   ✓  60 tests/spanish-integration.spec.js:20:1 › Spanish theme preserves legacy English guide position (1.4s)
verify	Run npm run test:e2e	2026-09-14T19:32:45.8875651Z   ✓  61 tests/spanish-integration.spec.js:21:1 › Spanish invalid position and theme quota warnings remain distinct (1.3s)
verify	Run npm run test:e2e	2026-09-14T19:32:52.1004667Z   ✘  62 tests/spanish-integration.spec.js:23:1 › original Spanish editions and translated resource provenance preserve no autoplay (6.2s)
verify	Run npm run test:e2e	2026-09-14T19:32:54.3164156Z   ✘  63 tests/spanish-integration.spec.js:25:1 › known original Spanish workspace upgrades with validated position and no autoplay (1.3s)
verify	Run npm run test:e2e	2026-09-14T19:33:04.9882490Z   ✓  64 tests/speech-offline.spec.js:6:1 › complete offline pack and real media survive cold page, exploration and new owner (9.7s)
verify	Run npm run test:e2e	2026-09-14T19:33:13.3071844Z   ✓  65 tests/speech-offline.spec.js:13:1 › missing corrupt canceled transfers preserve a verified pack and removal remains explicit (8.3s)
verify	Run npm run test:e2e	2026-09-14T19:33:18.7200657Z   ✓  66 tests/speech-offline.spec.js:18:1 › combined transition plays offline and stops on the activity; source info returns focus (5.4s)
verify	Run npm run test:e2e	2026-09-14T19:33:22.4304360Z   ✓  67 tests/theme-header.spec.js:3:1 › header utilities align and inline source glyph inherits theme across sizes (3.7s)
verify	Run npm run test:e2e	2026-09-14T19:33:33.7992700Z   ✓  68 tests/theme.spec.js:3:1 › actual theme aliases and all views preserve active audio and position (11.3s)
verify	Run npm run test:e2e	2026-09-14T19:33:42.2206621Z   ✓  69 tests/upgrade.spec.js:3:1 › ordinary reload upgrades a saved previous shell without deleting progress or its verified pack (8.4s)
verify	Run npm run test:e2e	2026-09-14T19:33:53.1674255Z   ✘  70 tests/visual-audio.spec.js:2:1 › eight real visual clips verify and play cold offline with optional details and filtered owner (10.8s)
verify	Run npm run test:e2e	2026-09-14T19:33:55.7397508Z   ✓  71 tests/visual-audio.spec.js:3:1 › missing visual recording exposes error while original image remains openable (1.6s)
verify	Run npm run test:e2e	2026-09-14T19:33:55.8356238Z 
verify	Run npm run test:e2e	2026-09-14T19:33:55.8365177Z 
verify	Run npm run test:e2e	2026-09-14T19:33:55.8375798Z   1) tests/inset-glass.spec.js:2:1 › inset credit and native transport remain reachable under actual playback 
verify	Run npm run test:e2e	2026-09-14T19:33:55.8376805Z 
verify	Run npm run test:e2e	2026-09-14T19:33:55.8377477Z     Error: expect(locator).toHaveText(expected) failed
verify	Run npm run test:e2e	2026-09-14T19:33:55.8378069Z 
verify	Run npm run test:e2e	2026-09-14T19:33:55.8378617Z     Locator:  locator('.scripture-scroll').locator(':scope>div').last()
verify	Run npm run test:e2e	2026-09-14T19:33:55.8379525Z     Expected: "BereanStandardBible"
verify	Run npm run test:e2e	2026-09-14T19:33:55.8382725Z     Received: "Source and attributionBereanStandardBible · eng · version 1.0.2 · review ProfessionalView pinned source (online)©  Berean Standard BiblePublic Domain CC0Formatting and source segmentation adapted for this PoC. Source meaning retained; no independent correctness certification."
verify	Run npm run test:e2e	2026-09-14T19:33:55.8384948Z     Timeout:  5000ms
verify	Run npm run test:e2e	2026-09-14T19:33:55.8385368Z 
verify	Run npm run test:e2e	2026-09-14T19:33:55.8385696Z     Call log:
verify	Run npm run test:e2e	2026-09-14T19:33:55.8386697Z       - Expect "toHaveText" locator('.scripture-scroll').locator(':scope>div').last() with timeout 5000ms
verify	Run npm run test:e2e	2026-09-14T19:33:55.8387923Z       - waiting for locator('.scripture-scroll').locator(':scope>div').last()
verify	Run npm run test:e2e	2026-09-14T19:33:55.8388960Z         14 × locator resolved to <div>…</div>
verify	Run npm run test:e2e	2026-09-14T19:33:55.8392074Z            - unexpected value "Source and attributionBereanStandardBible · eng · version 1.0.2 · review ProfessionalView pinned source (online)©  Berean Standard BiblePublic Domain CC0Formatting and source segmentation adapted for this PoC. Source meaning retained; no independent correctness certification."
verify	Run npm run test:e2e	2026-09-14T19:33:55.8394162Z 
verify	Run npm run test:e2e	2026-09-14T19:33:55.8394362Z 
verify	Run npm run test:e2e	2026-09-14T19:33:55.8394830Z       1 | import{test,expect}from'@playwright/test';
verify	Run npm run test:e2e	2026-09-14T19:33:55.8401510Z     > 2 | test('inset credit and native transport remain reachable under actual playback',async({page})=>{await page.addInitScript(()=>localStorage.clear());await page.goto('/');await page.getByRole('tab',{name:'Scripture',exact:true}).click();const body=page.locator('.scripture-scroll'),footer=page.locator('.scripture-text>.card-transport-footer');await body.evaluate(e=>e.scrollTop=e.scrollHeight);await expect(body.locator(':scope>div').last()).toHaveText('BereanStandardBible');expect((await body.locator(':scope>div').last().boundingBox()).y).toBeLessThan((await footer.boundingBox()).y);await page.getByRole('button',{name:'Play Scripture BSB',exact:true}).click();await expect(footer.getByRole('button',{name:'Pause Now playing'})).toBeVisible();await expect(footer.locator('progress')).toBeVisible();await footer.getByRole('button',{name:'Pause Now playing'}).click();await expect(footer.getByRole('button',{name:'Resume Now playing'})).toBeVisible();});
verify	Run npm run test:e2e	2026-09-14T19:33:55.8409453Z         |                                                                                                                                                                                                                                                                                                                                                                                                                                                         ^
verify	Run npm run test:e2e	2026-09-14T19:33:55.8411396Z       3 |
verify	Run npm run test:e2e	2026-09-14T19:33:55.8412298Z         at /home/runner/work/fia-functional-poc/fia-functional-poc/tests/inset-glass.spec.js:2:441
verify	Run npm run test:e2e	2026-09-14T19:33:55.8413021Z 
verify	Run npm run test:e2e	2026-09-14T19:33:55.8413802Z     Error Context: test-results/inset-glass-inset-credit-a-de42e-hable-under-actual-playback/error-context.md
verify	Run npm run test:e2e	2026-09-14T19:33:55.8414777Z 
verify	Run npm run test:e2e	2026-09-14T19:33:55.8416003Z   2) tests/spanish-audio.spec.js:4:1 › fixture native guide notice then content completion keeps boundary and supports paused restore 
verify	Run npm run test:e2e	2026-09-14T19:33:55.8416974Z 
verify	Run npm run test:e2e	2026-09-14T19:33:55.8417390Z     Error: expect(locator).toBeVisible() failed
verify	Run npm run test:e2e	2026-09-14T19:33:55.8417902Z 
verify	Run npm run test:e2e	2026-09-14T19:33:55.8418367Z     Locator: getByRole('button', { name: /Section 1\// })
verify	Run npm run test:e2e	2026-09-14T19:33:55.8419036Z     Expected: visible
verify	Run npm run test:e2e	2026-09-14T19:33:55.8419527Z     Timeout: 5000ms
verify	Run npm run test:e2e	2026-09-14T19:33:55.8420367Z     Error: element(s) not found
verify	Run npm run test:e2e	2026-09-14T19:33:55.8420817Z 
verify	Run npm run test:e2e	2026-09-14T19:33:55.8421126Z     Call log:
verify	Run npm run test:e2e	2026-09-14T19:33:55.8421974Z       - Expect "toBeVisible" getByRole('button', { name: /Section 1\// }) with timeout 5000ms
verify	Run npm run test:e2e	2026-09-14T19:33:55.8423043Z       - waiting for getByRole('button', { name: /Section 1\// })
verify	Run npm run test:e2e	2026-09-14T19:33:55.8423629Z 
verify	Run npm run test:e2e	2026-09-14T19:33:55.8423830Z 
verify	Run npm run test:e2e	2026-09-14T19:33:55.8424513Z       2 | test.use({baseURL:'http://127.0.0.1:4799',viewport:{width:319,height:987}});
verify	Run npm run test:e2e	2026-09-14T19:33:55.8426838Z       3 | async function ended(page){await expect.poll(()=>page.evaluate(()=>window.__nativeAudio?.readyState??0)).toBeGreaterThan(0);await page.evaluate(()=>{window.__nativeAudio.currentTime=window.__nativeAudio.duration-.02;});await page.waitForTimeout(850);}
verify	Run npm run test:e2e	2026-09-14T19:33:55.8438028Z     > 4 | test('fixture native guide notice then content completion keeps boundary and supports paused restore',async({page})=>{page.on('pageerror',e=>console.log('PAGEERROR',e.message));await page.goto('/');await expect(page.locator('[data-content-language=spa]')).toBeVisible();const next=page.getByRole('button',{name:'Next guide activity',exact:true});const initialNext=await next.evaluate(e=>getComputedStyle(e).backgroundColor);await page.getByRole('button',{name:/Play Escuchar/}).click();await expect.poll(()=>page.evaluate(()=>window.__nativeAudio?.paused)).toBe(false);await ended(page);expect(await next.evaluate(e=>getComputedStyle(e).backgroundColor)).toBe(initialNext);await expect.poll(()=>page.evaluate(()=>window.__audioCount)).toBe(2);await page.getByRole('button',{name:/Pause Play Escuchar/}).click();await page.reload();await expect(page.getByRole('button',{name:/Resume Play Escuchar/})).toBeVisible();expect(await page.evaluate(()=>window.__nativeAudio.paused)).toBe(true);await page.getByRole('button',{name:/Resume Play Escuchar/}).click();await ended(page);await expect(page.getByRole('button',{name:/Section 1\//})).toBeVisible();await page.getByRole('button',{name:/^Play Escuchar/}).click();await expect.poll(()=>page.evaluate(()=>JSON.parse(localStorage.getItem('fia-audio-checkpoint/spa/v1'))?.sourceOwnerId)).toBe('spa-notice-synthetic-voice');await next.click();await expect(page.getByRole('button',{name:/Section 2\//})).toBeVisible();});
verify	Run npm run test:e2e	2026-09-14T19:33:55.8451128Z         |                                                                                                                                                                                                                                                                                                                                                                                                                                                                                                                                                                                                                                                                                                                                                                                                                                                                                                                                                                                                                                                                                                                                                                              ^
verify	Run npm run test:e2e	2026-09-14T19:33:55.8463988Z       5 | test('fixture native Resources modal keeps single owner and keyboard close restores focus',async({page})=>{page.on('pageerror',e=>console.log('PAGEERROR',e.message));await page.goto('/');await page.getByRole('tab',{name:'Resources',exact:true}).click();await page.getByRole('searchbox',{name:'Search resources'}).fill('sacerdote');await page.getByRole('button',{name:'Open sacerdote',exact:true}).click();await page.getByRole('dialog').getByRole('button',{name:'Play sacerdote',exact:true}).first().click();await expect.poll(()=>page.evaluate(()=>window.__nativeAudio?.paused)).toBe(false);await expect(page.locator('.app-content')).toHaveAttribute('inert','');await page.keyboard.press('Escape');await expect(page.getByRole('button',{name:'Open sacerdote',exact:true})).toBeFocused();await expect(page.locator('.floating-dock > .playback-dock .owner-toggle span')).toHaveText('sacerdote');await expect(page.getByRole('button',{name:'Restart sacerdote',exact:true})).toBeVisible();expect(await page.evaluate(()=>window.__audioCount)).toBe(1);for(const theme of ['light','dark']){await page.evaluate(theme=>document.documentElement.dataset.theme=theme,theme);await page.screenshot({path:`evidence/spanish-audio-runtime/fixture-resources-319-${theme}.png`,fullPage:true});const box=await page.locator('.playback-dock').boundingBox();expect(box.y+box.height).toBeLessThan(987);expect(box.y).toBeGreaterThan(700);}});
verify	Run npm run test:e2e	2026-09-14T19:33:55.8485258Z       6 |
verify	Run npm run test:e2e	2026-09-14T19:33:55.8488592Z       7 | test('fixture audio storage failure has separate visible warning',async({page})=>{await page.addInitScript(()=>{const set=Storage.prototype.setItem;Storage.prototype.setItem=function(k,v){if(k.startsWith('fia-audio-checkpoint/'))throw Error('quota');return set.call(this,k,v);};});await page.goto('/');await page.getByRole('button',{name:/Play Escuchar/}).click();await expect(page.getByText('Spanish audio progress cannot be stored on this device.')).toBeVisible();});
verify	Run npm run test:e2e	2026-09-14T19:33:55.8492318Z         at /home/runner/work/fia-functional-poc/fia-functional-poc/tests/spanish-audio.spec.js:4:1134
verify	Run npm run test:e2e	2026-09-14T19:33:55.8493186Z 
verify	Run npm run test:e2e	2026-09-14T19:33:55.8494105Z     Error Context: test-results/spanish-audio-fixture-nati-66065-and-supports-paused-restore/error-context.md
verify	Run npm run test:e2e	2026-09-14T19:33:55.8495084Z 
verify	Run npm run test:e2e	2026-09-14T19:33:55.8496213Z   3) tests/spanish-audio.spec.js:5:1 › fixture native Resources modal keeps single owner and keyboard close restores focus 
verify	Run npm run test:e2e	2026-09-14T19:33:55.8497558Z 
verify	Run npm run test:e2e	2026-09-14T19:33:55.8497976Z     Test timeout of 30000ms exceeded.
verify	Run npm run test:e2e	2026-09-14T19:33:55.8498471Z 
verify	Run npm run test:e2e	2026-09-14T19:33:55.8498963Z     Error: locator.click: Test timeout of 30000ms exceeded.
verify	Run npm run test:e2e	2026-09-14T19:33:55.8500002Z     Call log:
verify	Run npm run test:e2e	2026-09-14T19:33:55.8500886Z       - waiting for getByRole('button', { name: 'Open sacerdote', exact: true })
verify	Run npm run test:e2e	2026-09-14T19:33:55.8501569Z 
verify	Run npm run test:e2e	2026-09-14T19:33:55.8501761Z 
verify	Run npm run test:e2e	2026-09-14T19:33:55.8503546Z       3 | async function ended(page){await expect.poll(()=>page.evaluate(()=>window.__nativeAudio?.readyState??0)).toBeGreaterThan(0);await page.evaluate(()=>{window.__nativeAudio.currentTime=window.__nativeAudio.duration-.02;});await page.waitForTimeout(850);}
verify	Run npm run test:e2e	2026-09-14T19:33:55.8514689Z       4 | test('fixture native guide notice then content completion keeps boundary and supports paused restore',async({page})=>{page.on('pageerror',e=>console.log('PAGEERROR',e.message));await page.goto('/');await expect(page.locator('[data-content-language=spa]')).toBeVisible();const next=page.getByRole('button',{name:'Next guide activity',exact:true});const initialNext=await next.evaluate(e=>getComputedStyle(e).backgroundColor);await page.getByRole('button',{name:/Play Escuchar/}).click();await expect.poll(()=>page.evaluate(()=>window.__nativeAudio?.paused)).toBe(false);await ended(page);expect(await next.evaluate(e=>getComputedStyle(e).backgroundColor)).toBe(initialNext);await expect.poll(()=>page.evaluate(()=>window.__audioCount)).toBe(2);await page.getByRole('button',{name:/Pause Play Escuchar/}).click();await page.reload();await expect(page.getByRole('button',{name:/Resume Play Escuchar/})).toBeVisible();expect(await page.evaluate(()=>window.__nativeAudio.paused)).toBe(true);await page.getByRole('button',{name:/Resume Play Escuchar/}).click();await ended(page);await expect(page.getByRole('button',{name:/Section 1\//})).toBeVisible();await page.getByRole('button',{name:/^Play Escuchar/}).click();await expect.poll(()=>page.evaluate(()=>JSON.parse(localStorage.getItem('fia-audio-checkpoint/spa/v1'))?.sourceOwnerId)).toBe('spa-notice-synthetic-voice');await next.click();await expect(page.getByRole('button',{name:/Section 2\//})).toBeVisible();});
verify	Run npm run test:e2e	2026-09-14T19:33:55.8532010Z     > 5 | test('fixture native Resources modal keeps single owner and keyboard close restores focus',async({page})=>{page.on('pageerror',e=>console.log('PAGEERROR',e.message));await page.goto('/');await page.getByRole('tab',{name:'Resources',exact:true}).click();await page.getByRole('searchbox',{name:'Search resources'}).fill('sacerdote');await page.getByRole('button',{name:'Open sacerdote',exact:true}).click();await page.getByRole('dialog').getByRole('button',{name:'Play sacerdote',exact:true}).first().click();await expect.poll(()=>page.evaluate(()=>window.__nativeAudio?.paused)).toBe(false);await expect(page.locator('.app-content')).toHaveAttribute('inert','');await page.keyboard.press('Escape');await expect(page.getByRole('button',{name:'Open sacerdote',exact:true})).toBeFocused();await expect(page.locator('.floating-dock > .playback-dock .owner-toggle span')).toHaveText('sacerdote');await expect(page.getByRole('button',{name:'Restart sacerdote',exact:true})).toBeVisible();expect(await page.evaluate(()=>window.__audioCount)).toBe(1);for(const theme of ['light','dark']){await page.evaluate(theme=>document.documentElement.dataset.theme=theme,theme);await page.screenshot({path:`evidence/spanish-audio-runtime/fixture-resources-319-${theme}.png`,fullPage:true});const box=await page.locator('.playback-dock').boundingBox();expect(box.y+box.height).toBeLessThan(987);expect(box.y).toBeGreaterThan(700);}});
verify	Run npm run test:e2e	2026-09-14T19:33:55.8541206Z         |                                                                                                                                                                                                                                                                                                                                                                                                              ^
verify	Run npm run test:e2e	2026-09-14T19:33:55.8542739Z       6 |
verify	Run npm run test:e2e	2026-09-14T19:33:55.8545734Z       7 | test('fixture audio storage failure has separate visible warning',async({page})=>{await page.addInitScript(()=>{const set=Storage.prototype.setItem;Storage.prototype.setItem=function(k,v){if(k.startsWith('fia-audio-checkpoint/'))throw Error('quota');return set.call(this,k,v);};});await page.goto('/');await page.getByRole('button',{name:/Play Escuchar/}).click();await expect(page.getByText('Spanish audio progress cannot be stored on this device.')).toBeVisible();});
verify	Run npm run test:e2e	2026-09-14T19:33:55.8548537Z       8 |
verify	Run npm run test:e2e	2026-09-14T19:33:55.8549419Z         at /home/runner/work/fia-functional-poc/fia-functional-poc/tests/spanish-audio.spec.js:5:398
verify	Run npm run test:e2e	2026-09-14T19:33:55.8550337Z 
verify	Run npm run test:e2e	2026-09-14T19:33:55.8551293Z     Error Context: test-results/spanish-audio-fixture-nati-13c9e-yboard-close-restores-focus/error-context.md
verify	Run npm run test:e2e	2026-09-14T19:33:55.8552196Z 
verify	Run npm run test:e2e	2026-09-14T19:33:55.8553183Z   4) tests/spanish-integration.spec.js:3:1 › full picker and English Spanish reload switches never autoplay 
verify	Run npm run test:e2e	2026-09-14T19:33:55.8554018Z 
verify	Run npm run test:e2e	2026-09-14T19:33:55.8554379Z     Test timeout of 30000ms exceeded.
verify	Run npm run test:e2e	2026-09-14T19:33:55.8554819Z 
verify	Run npm run test:e2e	2026-09-14T19:33:55.8555258Z     Error: locator.click: Test timeout of 30000ms exceeded.
verify	Run npm run test:e2e	2026-09-14T19:33:55.8555928Z     Call log:
verify	Run npm run test:e2e	2026-09-14T19:33:55.8556642Z       - waiting for getByRole('button', { name: 'Open sacerdote', exact: true })
verify	Run npm run test:e2e	2026-09-14T19:33:55.8557258Z 
verify	Run npm run test:e2e	2026-09-14T19:33:55.8557435Z 
verify	Run npm run test:e2e	2026-09-14T19:33:55.8557831Z       1 | import{test,expect}from'@playwright/test';
verify	Run npm run test:e2e	2026-09-14T19:33:55.8560898Z       2 | const language=async(page,name)=>{await page.getByRole('tab',{name:'Languages',exact:true}).click();await page.getByRole('button',{name:new RegExp(name)}).click();if(name==='Español')await expect(page.locator('[data-content-language=spa]')).toBeVisible();else await expect(page.locator('[data-content-language=spa]')).toHaveCount(0);};
verify	Run npm run test:e2e	2026-09-14T19:33:55.8574372Z     > 3 | test('full picker and English Spanish reload switches never autoplay',async({page})=>{await page.addInitScript(()=>{window.__plays=0;const play=HTMLMediaElement.prototype.play;HTMLMediaElement.prototype.play=function(){window.__plays++;return play.call(this);};});await page.goto('/');await expect(page.getByRole('tab')).toHaveCount(4);expect(await page.getByRole('tab').evaluateAll(es=>es.map(e=>e.getAttribute('aria-label')))).toEqual(['Languages','Guide','Scripture','Resources']);await page.getByRole('button',{name:'Play guide',exact:true}).click();await expect.poll(()=>page.evaluate(()=>window.__plays)).toBeGreaterThan(0);const plays=await page.evaluate(()=>window.__plays);await language(page,'Español');await expect(page.locator('[data-content-language=spa]')).toBeVisible();expect(await page.evaluate(()=>window.__plays)).toBe(plays);await page.getByRole('tab',{name:'Resources',exact:true}).click();await page.getByRole('button',{name:'Open sacerdote',exact:true}).click();await expect(page.getByRole('dialog')).toContainText('Traducción al español realizada con IA');await page.keyboard.press('Escape');await page.reload();await expect(page.locator('[data-content-language=spa]')).toBeVisible();expect(await page.evaluate(()=>window.__plays)).toBe(0);await language(page,'English eng');await page.getByRole('tab',{name:'Guide',exact:true}).click();await expect(page.getByRole('button',{name:'Play guide',exact:true})).toBeVisible();expect(await page.evaluate(()=>window.__plays)).toBe(0);});
verify	Run npm run test:e2e	2026-09-14T19:33:55.8585894Z         |                                                                                                                                                                                                                                                                                                                                                                                                                                                                                                                                                                                                                                                                                                                                                                                                                                                                                                                                                                                                                  ^
verify	Run npm run test:e2e	2026-09-14T19:33:55.8612213Z       4 | test('Spanish saves separate verified text pack and restores offline',async({page,context})=>{test.setTimeout(90000);await page.goto('/');await language(page,'Español');await page.getByRole('button',{name:'Offline passage and settings'}).click();await expect(page.getByText('Español · Marcos 1:1–13 · text, images and narration')).toBeVisible();await expect(page.getByText(/complete prepared narration/)).toBeVisible();const offlineManifest=await page.request.get('/offline-spa.json');const expectedBytes=(await offlineManifest.json()).entries.reduce((n,e)=>n+e.bytes,0);await expect(page.getByText(`Complete offline download: ${(expectedBytes/1048576).toFixed(1)} MB (${expectedBytes.toLocaleString()} bytes).`,{exact:true})).toBeVisible();await page.getByRole('button',{name:/^(Save for offline|Verify and save again)$/}).click();await expect(page.locator('.offline-status')).toContainText('Saved on this device',{timeout:60000});await page.keyboard.press('Escape');await context.setOffline(true);await page.reload();await expect(page.locator('[data-content-language=spa]')).toBeVisible();await page.getByRole('tab',{name:'Resources',exact:true}).click();await page.getByRole('button',{name:'Open Lugares importantes de Jerusalén',exact:true}).click();await expect(page.getByRole('dialog')).toContainText('English map; description AI translated from English');await page.keyboard.press('Escape');});
verify	Run npm run test:e2e	2026-09-14T19:33:55.8629025Z       5 | test('Spanish narrow full picker source view and keyboard example return',async({page})=>{await page.goto('/');for(const width of[320,726]){await page.setViewportSize({width,height:987});await page.getByRole('tab',{name:'Languages',exact:true}).click();await page.getByRole('textbox',{name:'Search guide languages'}).fill('Español');await expect(page.getByRole('button',{name:/Español/})).toBeVisible();await page.screenshot({path:`evidence/spanish-language-integration/picker-${width}.png`,fullPage:true});await page.getByRole('textbox',{name:'Search guide languages'}).fill('');}await page.getByRole('button',{name:/Español/}).click();await page.getByRole('combobox',{name:'Guide step'}).selectOption('4');await page.getByRole('button',{name:/Section 1\//}).click();await page.getByRole('button',{name:/Segunda|segunda/}).first().click();await page.getByRole('button',{name:'Show source example'}).click();await expect(page.getByRole('dialog')).toBeVisible();await page.keyboard.press('Escape');await expect(page.getByRole('button',{name:'Show source example'})).toBeFocused();await page.screenshot({path:'evidence/spanish-language-integration/spanish-guide.png',fullPage:true});});
verify	Run npm run test:e2e	2026-09-14T19:33:55.8655815Z       6 | test('corrupt target retains paused English with zero added plays',async({browser})=>{const context=await browser.newContext({serviceWorkers:'block'});const page=await context.newPage();await page.addInitScript(()=>{window.__plays=0;const p=HTMLMediaElement.prototype.play;HTMLMediaElement.prototype.play=function(){window.__plays++;return p.call(this);};});await page.goto('/');await page.getByRole('button',{name:'Play guide',exact:true}).click();await expect.poll(()=>page.evaluate(()=>window.__plays)).toBeGreaterThan(0);const n=await page.evaluate(()=>window.__plays);await page.route('**/content/spa/**/pack.json*',r=>r.fulfill({body:'corrupt',contentType:'application/json'}));await page.getByRole('tab',{name:'Languages',exact:true}).click();await page.getByRole('button',{name:/Español/}).click();await expect(page.getByRole('alert')).toContainText('integrity');expect(await page.evaluate(()=>window.__plays)).toBe(n);await expect(page.locator('[data-content-language=spa]')).toHaveCount(0);await context.close();});
verify	Run npm run test:e2e	2026-09-14T19:33:55.8662869Z         at /home/runner/work/fia-functional-poc/fia-functional-poc/tests/spanish-integration.spec.js:3:978
verify	Run npm run test:e2e	2026-09-14T19:33:55.8663755Z 
verify	Run npm run test:e2e	2026-09-14T19:33:55.8664628Z     Error Context: test-results/spanish-integration-full-p-df539-oad-switches-never-autoplay/error-context.md
verify	Run npm run test:e2e	2026-09-14T19:33:55.8665575Z 
verify	Run npm run test:e2e	2026-09-14T19:33:55.8666529Z   5) tests/spanish-integration.spec.js:4:1 › Spanish saves separate verified text pack and restores offline 
verify	Run npm run test:e2e	2026-09-14T19:33:55.8667370Z 
verify	Run npm run test:e2e	2026-09-14T19:33:55.8667969Z     Test timeout of 90000ms exceeded.
verify	Run npm run test:e2e	2026-09-14T19:33:55.8668454Z 
verify	Run npm run test:e2e	2026-09-14T19:33:55.8668934Z     Error: locator.click: Test timeout of 90000ms exceeded.
verify	Run npm run test:e2e	2026-09-14T19:33:55.8669774Z     Call log:
verify	Run npm run test:e2e	2026-09-14T19:33:55.8670866Z       - waiting for getByRole('button', { name: 'Open Lugares importantes de Jerusalén', exact: true })
verify	Run npm run test:e2e	2026-09-14T19:33:55.8671666Z 
verify	Run npm run test:e2e	2026-09-14T19:33:55.8671855Z 
verify	Run npm run test:e2e	2026-09-14T19:33:55.8674459Z       2 | const language=async(page,name)=>{await page.getByRole('tab',{name:'Languages',exact:true}).click();await page.getByRole('button',{name:new RegExp(name)}).click();if(name==='Español')await expect(page.locator('[data-content-language=spa]')).toBeVisible();else await expect(page.locator('[data-content-language=spa]')).toHaveCount(0);};
verify	Run npm run test:e2e	2026-09-14T19:33:55.8687014Z       3 | test('full picker and English Spanish reload switches never autoplay',async({page})=>{await page.addInitScript(()=>{window.__plays=0;const play=HTMLMediaElement.prototype.play;HTMLMediaElement.prototype.play=function(){window.__plays++;return play.call(this);};});await page.goto('/');await expect(page.getByRole('tab')).toHaveCount(4);expect(await page.getByRole('tab').evaluateAll(es=>es.map(e=>e.getAttribute('aria-label')))).toEqual(['Languages','Guide','Scripture','Resources']);await page.getByRole('button',{name:'Play guide',exact:true}).click();await expect.poll(()=>page.evaluate(()=>window.__plays)).toBeGreaterThan(0);const plays=await page.evaluate(()=>window.__plays);await language(page,'Español');await expect(page.locator('[data-content-language=spa]')).toBeVisible();expect(await page.evaluate(()=>window.__plays)).toBe(plays);await page.getByRole('tab',{name:'Resources',exact:true}).click();await page.getByRole('button',{name:'Open sacerdote',exact:true}).click();await expect(page.getByRole('dialog')).toContainText('Traducción al español realizada con IA');await page.keyboard.press('Escape');await page.reload();await expect(page.locator('[data-content-language=spa]')).toBeVisible();expect(await page.evaluate(()=>window.__plays)).toBe(0);await language(page,'English eng');await page.getByRole('tab',{name:'Guide',exact:true}).click();await expect(page.getByRole('button',{name:'Play guide',exact:true})).toBeVisible();expect(await page.evaluate(()=>window.__plays)).toBe(0);});
verify	Run npm run test:e2e	2026-09-14T19:33:55.8705286Z     > 4 | test('Spanish saves separate verified text pack and restores offline',async({page,context})=>{test.setTimeout(90000);await page.goto('/');await language(page,'Español');await page.getByRole('button',{name:'Offline passage and settings'}).click();await expect(page.getByText('Español · Marcos 1:1–13 · text, images and narration')).toBeVisible();await expect(page.getByText(/complete prepared narration/)).toBeVisible();const offlineManifest=await page.request.get('/offline-spa.json');const expectedBytes=(await offlineManifest.json()).entries.reduce((n,e)=>n+e.bytes,0);await expect(page.getByText(`Complete offline download: ${(expectedBytes/1048576).toFixed(1)} MB (${expectedBytes.toLocaleString()} bytes).`,{exact:true})).toBeVisible();await page.getByRole('button',{name:/^(Save for offline|Verify and save again)$/}).click();await expect(page.locator('.offline-status')).toContainText('Saved on this device',{timeout:60000});await page.keyboard.press('Escape');await context.setOffline(true);await page.reload();await expect(page.locator('[data-content-language=spa]')).toBeVisible();await page.getByRole('tab',{name:'Resources',exact:true}).click();await page.getByRole('button',{name:'Open Lugares importantes de Jerusalén',exact:true}).click();await expect(page.getByRole('dialog')).toContainText('English map; description AI translated from English');await page.keyboard.press('Escape');});
verify	Run npm run test:e2e	2026-09-14T19:33:55.8717794Z         |                                                                                                                                                                                                                                                                                                                                                                                                                                                                                                                                                                                                                                                                                                                                                                                                                                                                                                                                                                                                                                                                                                                                                                                                                                                                                               ^
verify	Run npm run test:e2e	2026-09-14T19:33:55.8735701Z       5 | test('Spanish narrow full picker source view and keyboard example return',async({page})=>{await page.goto('/');for(const width of[320,726]){await page.setViewportSize({width,height:987});await page.getByRole('tab',{name:'Languages',exact:true}).click();await page.getByRole('textbox',{name:'Search guide languages'}).fill('Español');await expect(page.getByRole('button',{name:/Español/})).toBeVisible();await page.screenshot({path:`evidence/spanish-language-integration/picker-${width}.png`,fullPage:true});await page.getByRole('textbox',{name:'Search guide languages'}).fill('');}await page.getByRole('button',{name:/Español/}).click();await page.getByRole('combobox',{name:'Guide step'}).selectOption('4');await page.getByRole('button',{name:/Section 1\//}).click();await page.getByRole('button',{name:/Segunda|segunda/}).first().click();await page.getByRole('button',{name:'Show source example'}).click();await expect(page.getByRole('dialog')).toBeVisible();await page.keyboard.press('Escape');await expect(page.getByRole('button',{name:'Show source example'})).toBeFocused();await page.screenshot({path:'evidence/spanish-language-integration/spanish-guide.png',fullPage:true});});
verify	Run npm run test:e2e	2026-09-14T19:33:55.8751743Z       6 | test('corrupt target retains paused English with zero added plays',async({browser})=>{const context=await browser.newContext({serviceWorkers:'block'});const page=await context.newPage();await page.addInitScript(()=>{window.__plays=0;const p=HTMLMediaElement.prototype.play;HTMLMediaElement.prototype.play=function(){window.__plays++;return p.call(this);};});await page.goto('/');await page.getByRole('button',{name:'Play guide',exact:true}).click();await expect.poll(()=>page.evaluate(()=>window.__plays)).toBeGreaterThan(0);const n=await page.evaluate(()=>window.__plays);await page.route('**/content/spa/**/pack.json*',r=>r.fulfill({body:'corrupt',contentType:'application/json'}));await page.getByRole('tab',{name:'Languages',exact:true}).click();await page.getByRole('button',{name:/Español/}).click();await expect(page.getByRole('alert')).toContainText('integrity');expect(await page.evaluate(()=>window.__plays)).toBe(n);await expect(page.locator('[data-content-language=spa]')).toHaveCount(0);await context.close();});
verify	Run npm run test:e2e	2026-09-14T19:33:55.8763935Z       7 | test('denied storage fonts blocked and large Spanish text remain usable',async({page})=>{await page.addInitScript(()=>{Storage.prototype.setItem=function(){throw Error('denied')};});await page.route(/\.(otf|woff2?)(\?|$)/,r=>r.abort());await page.goto('/');await language(page,'Español');await page.setViewportSize({width:320,height:987});await page.addStyleTag({content:'html{font-size:200%}'});await expect(page.getByRole('button',{name:'Next guide activity',exact:true})).toBeVisible();await page.getByRole('button',{name:'Next guide activity',exact:true}).click();await expect(page.getByText('Theme cannot be stored on this device.',{exact:true})).toBeVisible();await expect(page.getByText('Spanish progress cannot be stored on this device. You can continue.',{exact:true})).toBeVisible();expect(await page.evaluate(()=>document.querySelector('.app-shell').getBoundingClientRect().left)).toBeGreaterThanOrEqual(0);});
verify	Run npm run test:e2e	2026-09-14T19:33:55.8771682Z         at /home/runner/work/fia-functional-poc/fia-functional-poc/tests/spanish-integration.spec.js:4:1247
verify	Run npm run test:e2e	2026-09-14T19:33:55.8772479Z 
verify	Run npm run test:e2e	2026-09-14T19:33:55.8773182Z     Error Context: test-results/spanish-integration-Spanis-48bfe-t-pack-and-restores-offline/error-context.md
verify	Run npm run test:e2e	2026-09-14T19:33:55.8773934Z 
verify	Run npm run test:e2e	2026-09-14T19:33:55.8774763Z   6) tests/spanish-integration.spec.js:5:1 › Spanish narrow full picker source view and keyboard example return 
verify	Run npm run test:e2e	2026-09-14T19:33:55.8775435Z 
verify	Run npm run test:e2e	2026-09-14T19:33:55.8775613Z     Test timeout of 30000ms exceeded.
verify	Run npm run test:e2e	2026-09-14T19:33:55.8775883Z 
verify	Run npm run test:e2e	2026-09-14T19:33:55.8776150Z     Error: locator.click: Test timeout of 30000ms exceeded.
verify	Run npm run test:e2e	2026-09-14T19:33:55.8776647Z     Call log:
verify	Run npm run test:e2e	2026-09-14T19:33:55.8777133Z       - waiting for getByRole('button', { name: /Section 1\// })
verify	Run npm run test:e2e	2026-09-14T19:33:55.8777513Z 
verify	Run npm run test:e2e	2026-09-14T19:33:55.8777523Z 
verify	Run npm run test:e2e	2026-09-14T19:33:55.8787432Z       3 | test('full picker and English Spanish reload switches never autoplay',async({page})=>{await page.addInitScript(()=>{window.__plays=0;const play=HTMLMediaElement.prototype.play;HTMLMediaElement.prototype.play=function(){window.__plays++;return play.call(this);};});await page.goto('/');await expect(page.getByRole('tab')).toHaveCount(4);expect(await page.getByRole('tab').evaluateAll(es=>es.map(e=>e.getAttribute('aria-label')))).toEqual(['Languages','Guide','Scripture','Resources']);await page.getByRole('button',{name:'Play guide',exact:true}).click();await expect.poll(()=>page.evaluate(()=>window.__plays)).toBeGreaterThan(0);const plays=await page.evaluate(()=>window.__plays);await language(page,'Español');await expect(page.locator('[data-content-language=spa]')).toBeVisible();expect(await page.evaluate(()=>window.__plays)).toBe(plays);await page.getByRole('tab',{name:'Resources',exact:true}).click();await page.getByRole('button',{name:'Open sacerdote',exact:true}).click();await expect(page.getByRole('dialog')).toContainText('Traducción al español realizada con IA');await page.keyboard.press('Escape');await page.reload();await expect(page.locator('[data-content-language=spa]')).toBeVisible();expect(await page.evaluate(()=>window.__plays)).toBe(0);await language(page,'English eng');await page.getByRole('tab',{name:'Guide',exact:true}).click();await expect(page.getByRole('button',{name:'Play guide',exact:true})).toBeVisible();expect(await page.evaluate(()=>window.__plays)).toBe(0);});
verify	Run npm run test:e2e	2026-09-14T19:33:55.8799290Z       4 | test('Spanish saves separate verified text pack and restores offline',async({page,context})=>{test.setTimeout(90000);await page.goto('/');await language(page,'Español');await page.getByRole('button',{name:'Offline passage and settings'}).click();await expect(page.getByText('Español · Marcos 1:1–13 · text, images and narration')).toBeVisible();await expect(page.getByText(/complete prepared narration/)).toBeVisible();const offlineManifest=await page.request.get('/offline-spa.json');const expectedBytes=(await offlineManifest.json()).entries.reduce((n,e)=>n+e.bytes,0);await expect(page.getByText(`Complete offline download: ${(expectedBytes/1048576).toFixed(1)} MB (${expectedBytes.toLocaleString()} bytes).`,{exact:true})).toBeVisible();await page.getByRole('button',{name:/^(Save for offline|Verify and save again)$/}).click();await expect(page.locator('.offline-status')).toContainText('Saved on this device',{timeout:60000});await page.keyboard.press('Escape');await context.setOffline(true);await page.reload();await expect(page.locator('[data-content-language=spa]')).toBeVisible();await page.getByRole('tab',{name:'Resources',exact:true}).click();await page.getByRole('button',{name:'Open Lugares importantes de Jerusalén',exact:true}).click();await expect(page.getByRole('dialog')).toContainText('English map; description AI translated from English');await page.keyboard.press('Escape');});
verify	Run npm run test:e2e	2026-09-14T19:33:55.8809276Z     > 5 | test('Spanish narrow full picker source view and keyboard example return',async({page})=>{await page.goto('/');for(const width of[320,726]){await page.setViewportSize({width,height:987});await page.getByRole('tab',{name:'Languages',exact:true}).click();await page.getByRole('textbox',{name:'Search guide languages'}).fill('Español');await expect(page.getByRole('button',{name:/Español/})).toBeVisible();await page.screenshot({path:`evidence/spanish-language-integration/picker-${width}.png`,fullPage:true});await page.getByRole('textbox',{name:'Search guide languages'}).fill('');}await page.getByRole('button',{name:/Español/}).click();await page.getByRole('combobox',{name:'Guide step'}).selectOption('4');await page.getByRole('button',{name:/Section 1\//}).click();await page.getByRole('button',{name:/Segunda|segunda/}).first().click();await page.getByRole('button',{name:'Show source example'}).click();await expect(page.getByRole('dialog')).toBeVisible();await page.keyboard.press('Escape');await expect(page.getByRole('button',{name:'Show source example'})).toBeFocused();await page.screenshot({path:'evidence/spanish-language-integration/spanish-guide.png',fullPage:true});});
verify	Run npm run test:e2e	2026-09-14T19:33:55.8815814Z         |                                                                                                                                                                                                                                                                                                                                                                                                                                                                                                                                                                                                                                                                                                                                                                                         ^
verify	Run npm run test:e2e	2026-09-14T19:33:55.8821431Z       6 | test('corrupt target retains paused English with zero added plays',async({browser})=>{const context=await browser.newContext({serviceWorkers:'block'});const page=await context.newPage();await page.addInitScript(()=>{window.__plays=0;const p=HTMLMediaElement.prototype.play;HTMLMediaElement.prototype.play=function(){window.__plays++;return p.call(this);};});await page.goto('/');await page.getByRole('button',{name:'Play guide',exact:true}).click();await expect.poll(()=>page.evaluate(()=>window.__plays)).toBeGreaterThan(0);const n=await page.evaluate(()=>window.__plays);await page.route('**/content/spa/**/pack.json*',r=>r.fulfill({body:'corrupt',contentType:'application/json'}));await page.getByRole('tab',{name:'Languages',exact:true}).click();await page.getByRole('button',{name:/Español/}).click();await expect(page.getByRole('alert')).toContainText('integrity');expect(await page.evaluate(()=>window.__plays)).toBe(n);await expect(page.locator('[data-content-language=spa]')).toHaveCount(0);await context.close();});
verify	Run npm run test:e2e	2026-09-14T19:33:55.8828499Z       7 | test('denied storage fonts blocked and large Spanish text remain usable',async({page})=>{await page.addInitScript(()=>{Storage.prototype.setItem=function(){throw Error('denied')};});await page.route(/\.(otf|woff2?)(\?|$)/,r=>r.abort());await page.goto('/');await language(page,'Español');await page.setViewportSize({width:320,height:987});await page.addStyleTag({content:'html{font-size:200%}'});await expect(page.getByRole('button',{name:'Next guide activity',exact:true})).toBeVisible();await page.getByRole('button',{name:'Next guide activity',exact:true}).click();await expect(page.getByText('Theme cannot be stored on this device.',{exact:true})).toBeVisible();await expect(page.getByText('Spanish progress cannot be stored on this device. You can continue.',{exact:true})).toBeVisible();expect(await page.evaluate(()=>document.querySelector('.app-shell').getBoundingClientRect().left)).toBeGreaterThanOrEqual(0);});
verify	Run npm run test:e2e	2026-09-14T19:33:55.8833885Z       8 | test('Spanish invalid source ID visibly resets without autoplay',async({page})=>{await page.goto('/');await language(page,'Español');await page.evaluate(()=>{const key=Object.keys(localStorage).find(k=>k.startsWith('fia-workspace/spa/'));const s=JSON.parse(localStorage[key]);s.groupId='unknown';localStorage[key]=JSON.stringify(s);});await page.reload();await expect(page.getByText(/Saved Spanish position was invalid/)).toBeVisible();await expect(page.getByRole('button',{name:/Section 1\//})).toBeVisible();});
verify	Run npm run test:e2e	2026-09-14T19:33:55.8836063Z         at /home/runner/work/fia-functional-poc/fia-functional-poc/tests/spanish-integration.spec.js:5:761
verify	Run npm run test:e2e	2026-09-14T19:33:55.8836483Z 
verify	Run npm run test:e2e	2026-09-14T19:33:55.8836920Z     Error Context: test-results/spanish-integration-Spanis-7d227-and-keyboard-example-return/error-context.md
verify	Run npm run test:e2e	2026-09-14T19:33:55.8837374Z 
verify	Run npm run test:e2e	2026-09-14T19:33:55.8837810Z   7) tests/spanish-integration.spec.js:8:1 › Spanish invalid source ID visibly resets without autoplay 
verify	Run npm run test:e2e	2026-09-14T19:33:55.8838196Z 
verify	Run npm run test:e2e	2026-09-14T19:33:55.8838351Z     Error: expect(locator).toBeVisible() failed
verify	Run npm run test:e2e	2026-09-14T19:33:55.8838561Z 
verify	Run npm run test:e2e	2026-09-14T19:33:55.8838752Z     Locator: getByRole('button', { name: /Section 1\// })
verify	Run npm run test:e2e	2026-09-14T19:33:55.8839074Z     Expected: visible
verify	Run npm run test:e2e	2026-09-14T19:33:55.8839295Z     Timeout: 5000ms
verify	Run npm run test:e2e	2026-09-14T19:33:55.8839534Z     Error: element(s) not found
verify	Run npm run test:e2e	2026-09-14T19:33:55.8839986Z 
verify	Run npm run test:e2e	2026-09-14T19:33:55.8840074Z     Call log:
verify	Run npm run test:e2e	2026-09-14T19:33:55.8840493Z       - Expect "toBeVisible" getByRole('button', { name: /Section 1\// }) with timeout 5000ms
verify	Run npm run test:e2e	2026-09-14T19:33:55.8841016Z       - waiting for getByRole('button', { name: /Section 1\// })
verify	Run npm run test:e2e	2026-09-14T19:33:55.8841269Z 
verify	Run npm run test:e2e	2026-09-14T19:33:55.8841275Z 
verify	Run npm run test:e2e	2026-09-14T19:33:55.8845535Z        6 | test('corrupt target retains paused English with zero added plays',async({browser})=>{const context=await browser.newContext({serviceWorkers:'block'});const page=await context.newPage();await page.addInitScript(()=>{window.__plays=0;const p=HTMLMediaElement.prototype.play;HTMLMediaElement.prototype.play=function(){window.__plays++;return p.call(this);};});await page.goto('/');await page.getByRole('button',{name:'Play guide',exact:true}).click();await expect.poll(()=>page.evaluate(()=>window.__plays)).toBeGreaterThan(0);const n=await page.evaluate(()=>window.__plays);await page.route('**/content/spa/**/pack.json*',r=>r.fulfill({body:'corrupt',contentType:'application/json'}));await page.getByRole('tab',{name:'Languages',exact:true}).click();await page.getByRole('button',{name:/Español/}).click();await expect(page.getByRole('alert')).toContainText('integrity');expect(await page.evaluate(()=>window.__plays)).toBe(n);await expect(page.locator('[data-content-language=spa]')).toHaveCount(0);await context.close();});
verify	Run npm run test:e2e	2026-09-14T19:33:55.8852910Z        7 | test('denied storage fonts blocked and large Spanish text remain usable',async({page})=>{await page.addInitScript(()=>{Storage.prototype.setItem=function(){throw Error('denied')};});await page.route(/\.(otf|woff2?)(\?|$)/,r=>r.abort());await page.goto('/');await language(page,'Español');await page.setViewportSize({width:320,height:987});await page.addStyleTag({content:'html{font-size:200%}'});await expect(page.getByRole('button',{name:'Next guide activity',exact:true})).toBeVisible();await page.getByRole('button',{name:'Next guide activity',exact:true}).click();await expect(page.getByText('Theme cannot be stored on this device.',{exact:true})).toBeVisible();await expect(page.getByText('Spanish progress cannot be stored on this device. You can continue.',{exact:true})).toBeVisible();expect(await page.evaluate(()=>document.querySelector('.app-shell').getBoundingClientRect().left)).toBeGreaterThanOrEqual(0);});
verify	Run npm run test:e2e	2026-09-14T19:33:55.8858055Z     >  8 | test('Spanish invalid source ID visibly resets without autoplay',async({page})=>{await page.goto('/');await language(page,'Español');await page.evaluate(()=>{const key=Object.keys(localStorage).find(k=>k.startsWith('fia-workspace/spa/'));const s=JSON.parse(localStorage[key]);s.groupId='unknown';localStorage[key]=JSON.stringify(s);});await page.reload();await expect(page.getByText(/Saved Spanish position was invalid/)).toBeVisible();await expect(page.getByRole('button',{name:/Section 1\//})).toBeVisible();});
verify	Run npm run test:e2e	2026-09-14T19:33:55.8860960Z          |                                                                                                                                                                                                                                                                                                                                                                                                                                                                                                                 ^
verify	Run npm run test:e2e	2026-09-14T19:33:55.8867472Z        9 | test('saved legacy English then new Spanish launches current shell offline',async({page,context,request})=>{test.setTimeout(90000);const base='http://127.0.0.1:4795';await request.post(base+'/__test__/mode',{data:'legacy'});await page.goto(base);await page.getByText('Offline passage · Not saved',{exact:true}).click();await page.getByRole('button',{name:'Save for offline',exact:true}).click();await expect(page.locator('.offline-status')).toContainText('Saved on this device',{timeout:30000});const old=await page.evaluate(async()=>{const m=await caches.open('fia-meta-v1');return(await m.match('/__fia_active__')).json()});await request.post(base+'/__test__/mode',{data:'normal'});await page.reload();await expect(page.getByRole('tab',{name:'Languages',exact:true})).toBeVisible();await language(page,'Español');await page.getByRole('button',{name:'Offline passage and settings'}).click();await page.getByRole('button',{name:'Save for offline',exact:true}).click();await expect(page.locator('.offline-status')).toContainText('Saved on this device',{timeout:30000});expect(await page.evaluate(async()=>{const m=await caches.open('fia-meta-v1');return(await(await m.match('/__fia_active__')).json()).cache})).toBe(old.cache);await context.setOffline(true);await page.reload();await expect(page.getByRole('tab',{name:'Languages',exact:true})).toBeVisible();await expect(page.locator('[data-content-language=spa]')).toBeVisible();});
verify	Run npm run test:e2e	2026-09-14T19:33:55.8876326Z       10 | test('repaired Spanish position drops both new and historical persisted warning on reload',async({page})=>{await page.goto('/');await language(page,'Español');await page.evaluate(()=>{const key=Object.keys(localStorage).find(k=>k.startsWith('fia-workspace/spa/'));const s=JSON.parse(localStorage[key]);s.groupId='invalid';s.notice='Historical warning';localStorage[key]=JSON.stringify(s);});await page.reload();await expect(page.getByText('Saved Spanish position was invalid; restored the first source group.')).toBeVisible();await page.getByRole('button',{name:'Next guide activity',exact:true}).click();await page.reload();await expect(page.getByText(/Saved Spanish position was invalid|Historical warning/)).toHaveCount(0);expect(await page.evaluate(()=>{const key=Object.keys(localStorage).find(k=>k.startsWith('fia-workspace/spa/'));return 'notice' in JSON.parse(localStorage[key]);})).toBe(false);await expect(page.getByRole('button',{name:'Next guide activity',exact:true})).toBeVisible();});
verify	Run npm run test:e2e	2026-09-14T19:33:55.8881704Z       11 | test('English Languages view survives reload without autoplay',async({page})=>{await page.addInitScript(()=>{window.__plays=0;HTMLMediaElement.prototype.play=function(){window.__plays++;return Promise.resolve();};});await page.goto('/');await page.getByRole('tab',{name:'Languages',exact:true}).click();await page.reload();await expect(page.getByRole('textbox',{name:'Search guide languages'})).toBeVisible();await expect(page.getByRole('tab',{name:'Languages',exact:true})).toHaveAttribute('aria-selected','true');expect(await page.evaluate(()=>window.__plays)).toBe(0);});
verify	Run npm run test:e2e	2026-09-14T19:33:55.8884106Z         at /home/runner/work/fia-functional-poc/fia-functional-poc/tests/spanish-integration.spec.js:8:497
verify	Run npm run test:e2e	2026-09-14T19:33:55.8884512Z 
verify	Run npm run test:e2e	2026-09-14T19:33:55.8884941Z     Error Context: test-results/spanish-integration-Spanis-901bb-bly-resets-without-autoplay/error-context.md
verify	Run npm run test:e2e	2026-09-14T19:33:55.8885402Z 
verify	Run npm run test:e2e	2026-09-14T19:33:55.8886089Z   8) tests/spanish-integration.spec.js:23:1 › original Spanish editions and translated resource provenance preserve no autoplay 
verify	Run npm run test:e2e	2026-09-14T19:33:55.8886559Z 
verify	Run npm run test:e2e	2026-09-14T19:33:55.8886739Z     Error: expect(locator).toHaveCount(expected) failed
verify	Run npm run test:e2e	2026-09-14T19:33:55.8886962Z 
verify	Run npm run test:e2e	2026-09-14T19:33:55.8887113Z     Locator:  locator('#panel-scripture sup')
verify	Run npm run test:e2e	2026-09-14T19:33:55.8887403Z     Expected: 13
verify	Run npm run test:e2e	2026-09-14T19:33:55.8887610Z     Received: 0
verify	Run npm run test:e2e	2026-09-14T19:33:55.8887825Z     Timeout:  5000ms
verify	Run npm run test:e2e	2026-09-14T19:33:55.8887955Z 
verify	Run npm run test:e2e	2026-09-14T19:33:55.8888041Z     Call log:
verify	Run npm run test:e2e	2026-09-14T19:33:55.8888413Z       - Expect "toHaveCount" locator('#panel-scripture sup') with timeout 5000ms
verify	Run npm run test:e2e	2026-09-14T19:33:55.8888867Z       - waiting for locator('#panel-scripture sup')
verify	Run npm run test:e2e	2026-09-14T19:33:55.8889259Z         14 × locator resolved to 0 elements
verify	Run npm run test:e2e	2026-09-14T19:33:55.8889759Z            - unexpected value "0"
verify	Run npm run test:e2e	2026-09-14T19:33:55.8889935Z 
verify	Run npm run test:e2e	2026-09-14T19:33:55.8889941Z 
verify	Run npm run test:e2e	2026-09-14T19:33:55.8893137Z       21 | test('Spanish invalid position and theme quota warnings remain distinct',async({page})=>{await page.goto('/');await language(page,'Español');await page.evaluate(()=>{const key=Object.keys(localStorage).find(k=>k.startsWith('fia-workspace/spa/'));const s=JSON.parse(localStorage[key]);s.groupId='invalid';localStorage[key]=JSON.stringify(s);});await page.addInitScript(()=>{const set=Storage.prototype.setItem;Storage.prototype.setItem=function(k,v){if(k==='fia.workspace.mark-1-1-13.v2')throw Error('quota');return set.call(this,k,v);};});await page.reload();await expect(page.getByText('Saved Spanish position was invalid; restored the first source group.')).toBeVisible();await expect(page.getByText('Theme cannot be stored on this device.')).toBeVisible();});
verify	Run npm run test:e2e	2026-09-14T19:33:55.8895661Z       22 |
verify	Run npm run test:e2e	2026-09-14T19:33:55.8902022Z     > 23 | test('original Spanish editions and translated resource provenance preserve no autoplay',async({page})=>{await page.addInitScript(()=>{window.__plays=0;HTMLMediaElement.prototype.play=function(){window.__plays++;return Promise.resolve();};});await page.goto('/');await language(page,'Español');await page.getByRole('tab',{name:'Scripture',exact:true}).click();const editions=page.getByRole('radiogroup',{name:'Scripture version'});await expect(editions.getByRole('radio')).toHaveCount(2);await expect(editions.getByRole('radio',{name:'RV1909',exact:true})).toHaveAttribute('aria-checked','true');await editions.getByRole('radio',{name:'Referencia',exact:true}).click();await expect(page.locator('#panel-scripture sup')).toHaveCount(13);await expect(page.getByText(/not an official Spanish edition/)).toHaveCount(0);await page.reload();await expect(editions.getByRole('radio',{name:'Referencia',exact:true})).toHaveAttribute('aria-checked','true');await page.getByRole('tab',{name:'Resources',exact:true}).click();await expect(page.locator('#panel-resources .resource-tile')).toHaveCount(34);await page.getByRole('button',{name:'Open sacerdote',exact:true}).click();await expect(page.getByRole('dialog')).toContainText('Traducción al español realizada con IA');await page.keyboard.press('Escape');expect(await page.evaluate(()=>window.__plays)).toBe(0);await page.screenshot({path:'evidence/spanish-expanded-runtime/resources-319.png',fullPage:true});});
verify	Run npm run test:e2e	2026-09-14T19:33:55.8907952Z          |                                                                                                                                                                                                                                                                                                                                                                                                                                                                                                                                                                                                                                                                                                                                                 ^
verify	Run npm run test:e2e	2026-09-14T19:33:55.8909159Z       24 |
verify	Run npm run test:e2e	2026-09-14T19:33:55.8916699Z       25 | test('known original Spanish workspace upgrades with validated position and no autoplay',async({page})=>{await page.addInitScript(()=>{window.__plays=0;HTMLMediaElement.prototype.play=function(){window.__plays++;return Promise.resolve();};});await page.goto('/');await expect(page.getByRole('button',{name:'Play guide',exact:true})).toBeVisible();const pack=await(await page.request.get('/content/spa/mark-1-1-13/pack.json')).json();const oldKey='fia-workspace/spa/spa-mrk-1-1-13-source-v1/031635f2c922871e71bb679758642cb6e2e37a4779d7c1cc32e1b395d5706192';const saved={groupId:pack.guide.ordinaryGroupIds[4],version:'AquiferSpanishBibleReferenceText',view:'resources',query:'profeta',resourceId:'spa-t104-v1'};await page.evaluate(({oldKey,saved})=>{localStorage.setItem(oldKey,JSON.stringify(saved));localStorage.setItem('fia-content-language-v1','spa');},{oldKey,saved});await page.reload();await expect(page.getByRole('tab',{name:'Resources',exact:true})).toHaveAttribute('aria-selected','true');await expect(page.getByRole('searchbox',{name:'Search resources'})).toHaveValue('profeta');for(let i=0;i<2;i++){const actual=await page.evaluate(oldKey=>{const k=Object.keys(localStorage).find(k=>k.startsWith('fia-workspace/spa/')&&k!==oldKey);return JSON.parse(localStorage[k]);},oldKey);expect(actual).toEqual(saved);await page.reload();}expect(await page.evaluate(()=>window.__plays)).toBe(0);expect(await page.evaluate(k=>JSON.parse(localStorage[k]),oldKey)).toEqual(saved);await page.evaluate(oldKey=>{for(const k of Object.keys(localStorage))if(k.startsWith('fia-workspace/spa/')&&k!==oldKey)localStorage.removeItem(k);const s=JSON.parse(localStorage[oldKey]);s.groupId='unknown-old-group';localStorage[oldKey]=JSON.stringify(s);},oldKey);await page.reload();await expect(page.getByText('Saved Spanish position was invalid; restored the first source group.')).toBeVisible();expect(await page.evaluate(()=>window.__plays)).toBe(0);});
verify	Run npm run test:e2e	2026-09-14T19:33:55.8923307Z       26 |
verify	Run npm run test:e2e	2026-09-14T19:33:55.8923825Z         at /home/runner/work/fia-functional-poc/fia-functional-poc/tests/spanish-integration.spec.js:23:721
verify	Run npm run test:e2e	2026-09-14T19:33:55.8924239Z 
verify	Run npm run test:e2e	2026-09-14T19:33:55.8924678Z     Error Context: test-results/spanish-integration-origin-c732d-enance-preserve-no-autoplay/error-context.md
verify	Run npm run test:e2e	2026-09-14T19:33:55.8925273Z 
verify	Run npm run test:e2e	2026-09-14T19:33:55.8925847Z   9) tests/spanish-integration.spec.js:25:1 › known original Spanish workspace upgrades with validated position and no autoplay 
verify	Run npm run test:e2e	2026-09-14T19:33:55.8926325Z 
verify	Run npm run test:e2e	2026-09-14T19:33:55.8926539Z     Error: expect(received).toEqual(expected) // deep equality
verify	Run npm run test:e2e	2026-09-14T19:33:55.8926791Z 
verify	Run npm run test:e2e	2026-09-14T19:33:55.8926890Z     - Expected  - 0
verify	Run npm run test:e2e	2026-09-14T19:33:55.8927115Z     + Received  + 4
verify	Run npm run test:e2e	2026-09-14T19:33:55.8927239Z 
verify	Run npm run test:e2e	2026-09-14T19:33:55.8927330Z       Object {
verify	Run npm run test:e2e	2026-09-14T19:33:55.8927543Z     +   "finished": false,
verify	Run npm run test:e2e	2026-09-14T19:33:55.8927839Z         "groupId": "spa-mrk-p1-v2.1-s1-u005",
verify	Run npm run test:e2e	2026-09-14T19:33:55.8928138Z         "query": "profeta",
verify	Run npm run test:e2e	2026-09-14T19:33:55.8928423Z         "resourceId": "spa-t104-v1",
verify	Run npm run test:e2e	2026-09-14T19:33:55.8928792Z         "version": "AquiferSpanishBibleReferenceText",
verify	Run npm run test:e2e	2026-09-14T19:33:55.8929117Z         "view": "resources",
verify	Run npm run test:e2e	2026-09-14T19:33:55.8929392Z     +   "visitedSections": Array [
verify	Run npm run test:e2e	2026-09-14T19:33:55.8929761Z     +     1,
verify	Run npm run test:e2e	2026-09-14T19:33:55.8929957Z     +   ],
verify	Run npm run test:e2e	2026-09-14T19:33:55.8930147Z       }
verify	Run npm run test:e2e	2026-09-14T19:33:55.8930257Z 
verify	Run npm run test:e2e	2026-09-14T19:33:55.8936303Z       23 | test('original Spanish editions and translated resource provenance preserve no autoplay',async({page})=>{await page.addInitScript(()=>{window.__plays=0;HTMLMediaElement.prototype.play=function(){window.__plays++;return Promise.resolve();};});await page.goto('/');await language(page,'Español');await page.getByRole('tab',{name:'Scripture',exact:true}).click();const editions=page.getByRole('radiogroup',{name:'Scripture version'});await expect(editions.getByRole('radio')).toHaveCount(2);await expect(editions.getByRole('radio',{name:'RV1909',exact:true})).toHaveAttribute('aria-checked','true');await editions.getByRole('radio',{name:'Referencia',exact:true}).click();await expect(page.locator('#panel-scripture sup')).toHaveCount(13);await expect(page.getByText(/not an official Spanish edition/)).toHaveCount(0);await page.reload();await expect(editions.getByRole('radio',{name:'Referencia',exact:true})).toHaveAttribute('aria-checked','true');await page.getByRole('tab',{name:'Resources',exact:true}).click();await expect(page.locator('#panel-resources .resource-tile')).toHaveCount(34);await page.getByRole('button',{name:'Open sacerdote',exact:true}).click();await expect(page.getByRole('dialog')).toContainText('Traducción al español realizada con IA');await page.keyboard.press('Escape');expect(await page.evaluate(()=>window.__plays)).toBe(0);await page.screenshot({path:'evidence/spanish-expanded-runtime/resources-319.png',fullPage:true});});
verify	Run npm run test:e2e	2026-09-14T19:33:55.8941544Z       24 |
verify	Run npm run test:e2e	2026-09-14T19:33:55.8948676Z     > 25 | test('known original Spanish workspace upgrades with validated position and no autoplay',async({page})=>{await page.addInitScript(()=>{window.__plays=0;HTMLMediaElement.prototype.play=function(){window.__plays++;return Promise.resolve();};});await page.goto('/');await expect(page.getByRole('button',{name:'Play guide',exact:true})).toBeVisible();const pack=await(await page.request.get('/content/spa/mark-1-1-13/pack.json')).json();const oldKey='fia-workspace/spa/spa-mrk-1-1-13-source-v1/031635f2c922871e71bb679758642cb6e2e37a4779d7c1cc32e1b395d5706192';const saved={groupId:pack.guide.ordinaryGroupIds[4],version:'AquiferSpanishBibleReferenceText',view:'resources',query:'profeta',resourceId:'spa-t104-v1'};await page.evaluate(({oldKey,saved})=>{localStorage.setItem(oldKey,JSON.stringify(saved));localStorage.setItem('fia-content-language-v1','spa');},{oldKey,saved});await page.reload();await expect(page.getByRole('tab',{name:'Resources',exact:true})).toHaveAttribute('aria-selected','true');await expect(page.getByRole('searchbox',{name:'Search resources'})).toHaveValue('profeta');for(let i=0;i<2;i++){const actual=await page.evaluate(oldKey=>{const k=Object.keys(localStorage).find(k=>k.startsWith('fia-workspace/spa/')&&k!==oldKey);return JSON.parse(localStorage[k]);},oldKey);expect(actual).toEqual(saved);await page.reload();}expect(await page.evaluate(()=>window.__plays)).toBe(0);expect(await page.evaluate(k=>JSON.parse(localStorage[k]),oldKey)).toEqual(saved);await page.evaluate(oldKey=>{for(const k of Object.keys(localStorage))if(k.startsWith('fia-workspace/spa/')&&k!==oldKey)localStorage.removeItem(k);const s=JSON.parse(localStorage[oldKey]);s.groupId='unknown-old-group';localStorage[oldKey]=JSON.stringify(s);},oldKey);await page.reload();await expect(page.getByText('Saved Spanish position was invalid; restored the first source group.')).toBeVisible();expect(await page.evaluate(()=>window.__plays)).toBe(0);});
verify	Run npm run test:e2e	2026-09-14T19:33:55.8957296Z          |                                                                                                                                                                                                                                                                                                                                                                                                                                                                                                                                                                                                                                                                                                                                                                                                                                                                                                                                                                                                                                                                                                                                                                                                                                                                                                                                                       ^
verify	Run npm run test:e2e	2026-09-14T19:33:55.8959430Z       26 |
verify	Run npm run test:e2e	2026-09-14T19:33:55.8960012Z         at /home/runner/work/fia-functional-poc/fia-functional-poc/tests/spanish-integration.spec.js:25:1303
verify	Run npm run test:e2e	2026-09-14T19:33:55.8960422Z 
verify	Run npm run test:e2e	2026-09-14T19:33:55.8960837Z     Error Context: test-results/spanish-integration-known--e5ed8-ed-position-and-no-autoplay/error-context.md
verify	Run npm run test:e2e	2026-09-14T19:33:55.8961288Z 
verify	Run npm run test:e2e	2026-09-14T19:33:55.8961847Z   10) tests/visual-audio.spec.js:2:1 › eight real visual clips verify and play cold offline with optional details and filtered owner 
verify	Run npm run test:e2e	2026-09-14T19:33:55.8962315Z 
verify	Run npm run test:e2e	2026-09-14T19:33:55.8962503Z     Error: expect(locator).toContainText(expected) failed
verify	Run npm run test:e2e	2026-09-14T19:33:55.8962734Z 
verify	Run npm run test:e2e	2026-09-14T19:33:55.8962858Z     Locator: getByRole('dialog')
verify	Run npm run test:e2e	2026-09-14T19:33:55.8963187Z     Expected substring: "Audio description authored"
verify	Run npm run test:e2e	2026-09-14T19:33:55.8966087Z     Received string:    "Jordan RiverCloseOpen full-size image to inspect labelsSource and attributionView source (online)© 2025 Word CollectiveCC BY-SA 4.0 licenseFamiliarization, Internalization, Articulation (FIA) Images © 2025 Word Collective Released under CC BY-SA 4.0 license. Familiarization, Internalization, Articulation (FIA) Images has been adapted in the following languages Tok Pisin, عربي, Français, हिंदी, Bahasa Indonesia, Português, Русский, Español, Kiswahili, 简体中文 from Familiarization, Internalization, Articulation (FIA) © 2025 Word Collective. Released under CC BY-SA 4.0 license by Mission MutualJordan River "
verify	Run npm run test:e2e	2026-09-14T19:33:55.8968223Z     Timeout: 5000ms
verify	Run npm run test:e2e	2026-09-14T19:33:55.8968357Z 
verify	Run npm run test:e2e	2026-09-14T19:33:55.8968438Z     Call log:
verify	Run npm run test:e2e	2026-09-14T19:33:55.8968774Z       - Expect "toContainText" getByRole('dialog') with timeout 5000ms
verify	Run npm run test:e2e	2026-09-14T19:33:55.8969169Z       - waiting for getByRole('dialog')
verify	Run npm run test:e2e	2026-09-14T19:33:55.8969901Z         14 × locator resolved to <dialog open="" class="resource-dialog" aria-labelledby="dialog-title">…</dialog>
verify	Run npm run test:e2e	2026-09-14T19:33:55.8972960Z            - unexpected value "Jordan RiverCloseOpen full-size image to inspect labelsSource and attributionView source (online)© 2025 Word CollectiveCC BY-SA 4.0 licenseFamiliarization, Internalization, Articulation (FIA) Images © 2025 Word Collective Released under CC BY-SA 4.0 license. Familiarization, Internalization, Articulation (FIA) Images has been adapted in the following languages Tok Pisin, عربي, Français, हिंदी, Bahasa Indonesia, Português, Русский, Español, Kiswahili, 简体中文 from Familiarization, Internalization, Articulation (FIA) © 2025 Word Collective. Released under CC BY-SA 4.0 license by Mission MutualJordan River "
verify	Run npm run test:e2e	2026-09-14T19:33:55.8975128Z 
verify	Run npm run test:e2e	2026-09-14T19:33:55.8975136Z 
verify	Run npm run test:e2e	2026-09-14T19:33:55.8975548Z       1 | import{test,expect}from'@playwright/test';test.use({baseURL:'http://127.0.0.1:4185',serviceWorkers:'allow'});
verify	Run npm run test:e2e	2026-09-14T19:33:55.8985334Z     > 2 | test('eight real visual clips verify and play cold offline with optional details and filtered owner',async({page,request,context})=>{test.setTimeout(90000);await request.post('/__test__/mode',{data:'normal'});await page.addInitScript(()=>{const A=window.Audio;window.Audio=class extends A{constructor(...a){super(...a);window.__audio=this;}}});await page.goto('/');await page.getByRole('button',{name:'Offline passage and settings'}).click();await page.getByRole('button',{name:/^(Save for offline|Verify and save again)$/}).click();await expect(page.locator('.offline-status')).toContainText('Saved on this device',{timeout:60000});await page.getByRole('button',{name:'Close resource'}).click();await context.setOffline(true);await page.reload();await page.getByRole('tab',{name:'Resources',exact:true}).click();const input=await page.evaluate(async()=>await(await fetch('/content/visual-narration.json')).json());for(const s of input){const tile=page.locator('.resource-tile').filter({has:page.locator(`.preview-integrity-probe[src="${s.assetPath}"]`)});await expect(tile.locator('.resource-media-open')).toHaveCSS('height','90px');await expect(tile.locator('.resource-media-open')).toHaveCSS('background-size',/cover/);await tile.getByRole('button',{name:/^Play /}).click();await expect.poll(()=>page.evaluate(()=>window.__audio?.duration||0)).toBeGreaterThan(0);await expect(page.getByRole('dialog')).toHaveCount(0);await expect.poll(()=>page.evaluate(()=>window.__audio.playbackRate)).toBe(.95);await page.getByRole('button',{name:'Pause Now playing'}).click();await page.getByRole('button',{name:'Resume Now playing'}).click();await tile.getByRole('button',{name:/^Restart /}).click();await tile.getByRole('button',{name:/^Open /}).click();await expect(page.getByRole('dialog').getByRole('button',{name:'Close resource'})).toBeFocused();await page.getByRole('dialog').getByText('Source and attribution',{exact:true}).click();await expect(page.getByRole('dialog')).toContainText('Audio description authored');await page.keyboard.press('Escape');await page.evaluate(()=>window.__audio.currentTime=window.__audio.duration-.1);await expect.poll(()=>page.evaluate(()=>window.__audio.ended)).toBe(true);}const range=await page.evaluate(async()=>{const r=await fetch('/audio/visual-resources/a111.mp3',{headers:{Range:'bytes=0-99'}});return{status:r.status,bytes:(await r.arrayBuffer()).byteLength};});expect(range).toEqual({status:200,bytes:160914});for(const width of[319,726]){await page.setViewportSize({width,height:987});await page.screenshot({path:`evidence/visual-narration/offline-${width}.png`,fullPage:true});}});
verify	Run npm run test:e2e	2026-09-14T19:33:55.8997001Z         |                                                                                                                                                                                                                                                                                                                                                                                                                                                                                                                                                                                                                                                                                                                                                                                                                                                                                                                                                                                                                                                                                                                                                                                                                                                                                                                                                                                                                                                                                                                                                                                                                                                                                                                                                                                                                                                                                                                                                                                                                                                   ^
verify	Run npm run test:e2e	2026-09-14T19:33:55.9002968Z       3 | test('missing visual recording exposes error while original image remains openable',async({browser,request})=>{const isolated=await browser.newContext({serviceWorkers:'block'});const page=await isolated.newPage();await request.post('/__test__/mode',{data:'normal'});await page.route('**/audio/visual-resources/a112.mp3',r=>r.fulfill({status:404,body:'missing'}));await page.goto('http://127.0.0.1:4185/');await page.getByRole('tab',{name:'Resources',exact:true}).click();await page.getByRole('button',{name:'Play Jordan River',exact:true}).click();await expect(page.locator('.app-content :is(.card-transport-footer,.playback-dock) .compact-transport')).toContainText('Playback could not start');await page.getByRole('button',{name:'Open Jordan River image'}).click();await expect(page.getByRole('dialog').getByRole('img',{name:'Jordan River',exact:true})).toBeVisible();await isolated.close();});
verify	Run npm run test:e2e	2026-09-14T19:33:55.9005936Z       4 |
verify	Run npm run test:e2e	2026-09-14T19:33:55.9006385Z         at /home/runner/work/fia-functional-poc/fia-functional-poc/tests/visual-audio.spec.js:2:1971
verify	Run npm run test:e2e	2026-09-14T19:33:55.9006775Z 
verify	Run npm run test:e2e	2026-09-14T19:33:55.9007189Z     Error Context: test-results/visual-audio-eight-real-vi-b75e2--details-and-filtered-owner/error-context.md
verify	Run npm run test:e2e	2026-09-14T19:33:55.9007631Z 
verify	Run npm run test:e2e	2026-09-14T19:33:55.9007718Z   10 failed
verify	Run npm run test:e2e	2026-09-14T19:33:55.9008282Z     tests/inset-glass.spec.js:2:1 › inset credit and native transport remain reachable under actual playback 
verify	Run npm run test:e2e	2026-09-14T19:33:55.9009196Z     tests/spanish-audio.spec.js:4:1 › fixture native guide notice then content completion keeps boundary and supports paused restore 
verify	Run npm run test:e2e	2026-09-14T19:33:55.9010259Z     tests/spanish-audio.spec.js:5:1 › fixture native Resources modal keeps single owner and keyboard close restores focus 
verify	Run npm run test:e2e	2026-09-14T19:33:55.9011121Z     tests/spanish-integration.spec.js:3:1 › full picker and English Spanish reload switches never autoplay 
verify	Run npm run test:e2e	2026-09-14T19:33:55.9011924Z     tests/spanish-integration.spec.js:4:1 › Spanish saves separate verified text pack and restores offline 
verify	Run npm run test:e2e	2026-09-14T19:33:55.9012751Z     tests/spanish-integration.spec.js:5:1 › Spanish narrow full picker source view and keyboard example return 
verify	Run npm run test:e2e	2026-09-14T19:33:55.9013541Z     tests/spanish-integration.spec.js:8:1 › Spanish invalid source ID visibly resets without autoplay 
verify	Run npm run test:e2e	2026-09-14T19:33:55.9014439Z     tests/spanish-integration.spec.js:23:1 › original Spanish editions and translated resource provenance preserve no autoplay 
verify	Run npm run test:e2e	2026-09-14T19:33:55.9015391Z     tests/spanish-integration.spec.js:25:1 › known original Spanish workspace upgrades with validated position and no autoplay 
verify	Run npm run test:e2e	2026-09-14T19:33:55.9016364Z     tests/visual-audio.spec.js:2:1 › eight real visual clips verify and play cold offline with optional details and filtered owner 
verify	Run npm run test:e2e	2026-09-14T19:33:55.9016906Z   61 passed (7.3m)
verify	Run npm run test:e2e	2026-09-14T19:33:55.9028517Z ##[error]Process completed with exit code 1.
