
> fia-functional-poc@0.1.12 test
> node --test tests/*.test.mjs

TAP version 13
# Subtest: simulated HTMLAudio events advance only ended source units and suppress canceled callbacks
ok 1 - simulated HTMLAudio events advance only ended source units and suppress canceled callbacks
  ---
  duration_ms: 819.657209
  type: 'test'
  ...
# Subtest: simulated HTMLAudio pause resumes same source and media errors do not advance
ok 2 - simulated HTMLAudio pause resumes same source and media errors do not advance
  ---
  duration_ms: 7.055292
  type: 'test'
  ...
# Subtest: selected audio integrity failure and changed source fail before playback
ok 3 - selected audio integrity failure and changed source fail before playback
  ---
  duration_ms: 13.182292
  type: 'test'
  ...
# Subtest: pure synthesis guards count uncertain attempts and reject changed input, repeated IDs and cumulative caps without network
ok 4 - pure synthesis guards count uncertain attempts and reject changed input, repeated IDs and cumulative caps without network
  ---
  duration_ms: 1.195833
  type: 'test'
  ...
# Subtest: complete prepared audio binds exactly117 visible guide units and3 Scripture passages to immutable source bytes
ok 5 - complete prepared audio binds exactly117 visible guide units and3 Scripture passages to immutable source bytes
  ---
  duration_ms: 134.875708
  type: 'test'
  ...
# Subtest: a late resume rejection cannot overwrite a stopped session
ok 6 - a late resume rejection cannot overwrite a stopped session
  ---
  duration_ms: 15.03575
  type: 'test'
  ...
# Subtest: actual shell builder refuses missing, duplicate and source-mismatched mandatory narration manifests
ok 7 - actual shell builder refuses missing, duplicate and source-mismatched mandatory narration manifests
  ---
  duration_ms: 359.714875
  type: 'test'
  ...
# Subtest: media timing follows native metadata/time events and restart reuses the recording
ok 8 - media timing follows native metadata/time events and restart reuses the recording
  ---
  duration_ms: 6.396667
  type: 'test'
  ...
# Subtest: 750ms pending gap is held, canceled and restarted without ghost advancement
ok 9 - 750ms pending gap is held, canceled and restarted without ghost advancement
  ---
  duration_ms: 2723.396167
  type: 'test'
  ...
# (node:95003) ExperimentalWarning: The MockTimers API is an experimental feature and might change at any time
# (Use `node --trace-warnings ...` to show where the warning was created)
# Subtest: fake clock holds automatic advancement until exactly750ms
ok 10 - fake clock holds automatic advancement until exactly750ms
  ---
  duration_ms: 12.597708
  type: 'test'
  ...
# Subtest: live completion resets on restart stop speak restore and ignores stale ended
ok 11 - live completion resets on restart stop speak restore and ignores stale ended
  ---
  duration_ms: 12.058792
  type: 'test'
  ...
# Subtest: official logo path bytes and viewBoxes match observed source receipt
ok 12 - official logo path bytes and viewBoxes match observed source receipt
  ---
  duration_ms: 8.016834
  type: 'test'
  ...
# Subtest: complete shared CSS and actual composed component sources retain pinned bytes
ok 13 - complete shared CSS and actual composed component sources retain pinned bytes
  ---
  duration_ms: 15.393333
  type: 'test'
  ...
# Subtest: scripture-BereanStandardBible exact boundaries, gaps and invalid fallback
ok 14 - scripture-BereanStandardBible exact boundaries, gaps and invalid fallback
  ---
  duration_ms: 12.677958
  type: 'test'
  ...
# Subtest: scripture-unfoldingWordLiteral exact boundaries, gaps and invalid fallback
ok 15 - scripture-unfoldingWordLiteral exact boundaries, gaps and invalid fallback
  ---
  duration_ms: 7.458042
  type: 'test'
  ...
# Subtest: scripture-unfoldingWordSimplified exact boundaries, gaps and invalid fallback
ok 16 - scripture-unfoldingWordSimplified exact boundaries, gaps and invalid fallback
  ---
  duration_ms: 7.164666
  type: 'test'
  ...
# Subtest: complete source-guided traversal accounts for all39 source stops in38groups and never enters hidden examples
ok 17 - complete source-guided traversal accounts for all39 source stops in38groups and never enters hidden examples
  ---
  duration_ms: 23.298083
  type: 'test'
  ...
# Subtest: step selection and reverse navigation preserve Scripture but cannot enter examples
ok 18 - step selection and reverse navigation preserve Scripture but cannot enter examples
  ---
  duration_ms: 1.209417
  type: 'test'
  ...
# Subtest: storage validates exact source position and discards invalid or hidden units
ok 19 - storage validates exact source position and discards invalid or hidden units
  ---
  duration_ms: 0.751542
  type: 'test'
  ...
# Subtest: install offer is consumed once; dismissal does not claim installation
ok 20 - install offer is consumed once; dismissal does not claim installation
  ---
  duration_ms: 1.190333
  type: 'test'
  ...
# Subtest: browser acceptance and launch mode are separate, with no persistent installed flag
ok 21 - browser acceptance and launch mode are separate, with no persistent installed flag
  ---
  duration_ms: 0.619208
  type: 'test'
  ...
# Subtest: missing or failed installation event is recoverable and never installed
ok 22 - missing or failed installation event is recoverable and never installed
  ---
  duration_ms: 2.061666
  type: 'test'
  ...
# Subtest: Medium stages progressive completions but Saved waits for final verified item; exact proxy serves cache
ok 23 - Medium stages progressive completions but Saved waits for final verified item; exact proxy serves cache
  ---
  duration_ms: 120.443917
  type: 'test'
  ...
# Subtest: bad derivative hash retains prior pack and reports integrity rather than claiming canceled
ok 24 - bad derivative hash retains prior pack and reports integrity rather than claiming canceled
  ---
  duration_ms: 25.170291
  type: 'test'
  ...
# Subtest: cancel cancels pending staging and retains previous pack
ok 25 - cancel cancels pending staging and retains previous pack
  ---
  duration_ms: 9.907125
  type: 'test'
  ...
# Subtest: manifest rejects arbitrary external URL before requesting bytes
ok 26 - manifest rejects arbitrary external URL before requesting bytes
  ---
  duration_ms: 3.692125
  type: 'test'
  ...
# Subtest: fault waits for already-started cache writes before deleting staging and cancels client queue
ok 27 - fault waits for already-started cache writes before deleting staging and cancels client queue
  ---
  duration_ms: 68.304125
  type: 'test'
  ...
# Subtest: selected narration is committed atomically and another preference is not reported saved
ok 28 - selected narration is committed atomically and another preference is not reported saved
  ---
  duration_ms: 101.236791
  type: 'test'
  ...
# Subtest: corrupt selected narration save preserves previous verified recording pack
ok 29 - corrupt selected narration save preserves previous verified recording pack
  ---
  duration_ms: 57.39475
  type: 'test'
  ...
# Subtest: requires eligibility, exact raw binding and recipe and honors original checkpoint despite preference
ok 30 - requires eligibility, exact raw binding and recipe and honors original checkpoint despite preference
  ---
  duration_ms: 2.05275
  type: 'test'
  ...
# Subtest: image sizing uses actual dimensions and caps DPR, refuses upscales
ok 31 - image sizing uses actual dimensions and caps DPR, refuses upscales
  ---
  duration_ms: 0.592875
  type: 'test'
  ...
# Subtest: shared queue caps eight, suppresses duplicates and returns first before remaining
ok 32 - shared queue caps eight, suppresses duplicates and returns first before remaining
  ---
  duration_ms: 12.059
  type: 'test'
  ...
# Subtest: cancellation prevents queued starts while sibling completes
ok 33 - cancellation prevents queued starts while sibling completes
  ---
  duration_ms: 1.895375
  type: 'test'
  ...
# Subtest: invalid verified bytes never released
ok 34 - invalid verified bytes never released
  ---
  duration_ms: 72.489708
  type: 'test'
  ...
# Subtest: proxy denial retains original queue access
ok 35 - proxy denial retains original queue access
  ---
  duration_ms: 0.947875
  type: 'test'
  ...
# Subtest: online duplicate promotes queued offline priority
ok 36 - online duplicate promotes queued offline priority
  ---
  duration_ms: 0.49
  type: 'test'
  ...
# Subtest: Retry-After recovery ramps back to configured concurrency
ok 37 - Retry-After recovery ramps back to configured concurrency
  ---
  duration_ms: 7.235417
  type: 'test'
  ...
# Subtest: active variant and paused checkpoint survive preference changes; failed derivative falls back once
ok 38 - active variant and paused checkpoint survive preference changes; failed derivative falls back once
  ---
  duration_ms: 10.380708
  type: 'test'
  ...
# Subtest: every Spanish image alias has its own exact raw descriptor
ok 39 - every Spanish image alias has its own exact raw descriptor
  ---
  duration_ms: 119.829417
  type: 'test'
  ...
# Subtest: Spanish Medium image aliases reuse only exact-hash and byte-matching canonical derivatives
ok 40 - Spanish Medium image aliases reuse only exact-hash and byte-matching canonical derivatives
  ---
  duration_ms: 4.358959
  type: 'test'
  ...
# Subtest: offline retina images choose the best actually saved derivative when original is absent
ok 41 - offline retina images choose the best actually saved derivative when original is absent
  ---
  duration_ms: 0.416
  type: 'test'
  ...
# Subtest: local selected reads carry expected SHA and accept JavaScript MIME equivalence
ok 42 - local selected reads carry expected SHA and accept JavaScript MIME equivalence
  ---
  duration_ms: 8.156833
  type: 'test'
  ...
# Subtest: nested resolver uses selected Scripture and exact attachment order/explicit selection
ok 43 - nested resolver uses selected Scripture and exact attachment order/explicit selection
  ---
  duration_ms: 1.309041
  type: 'test'
  ...
# Subtest: instruction queue stops without advancing session or creating discussion completion
ok 44 - instruction queue stops without advancing session or creating discussion completion
  ---
  duration_ms: 2.006208
  type: 'test'
  ...
# Subtest: 130source IDs partition into115activity source IDs,2metadata and13hidden without new resource link
ok 45 - 130source IDs partition into115activity source IDs,2metadata and13hidden without new resource link
  ---
  duration_ms: 1.662833
  type: 'test'
  ...
# Subtest: metadata bookmarks restore position not a map association, then Continue entersstep6
ok 46 - metadata bookmarks restore position not a map association, then Continue entersstep6
  ---
  duration_ms: 2.721916
  type: 'test'
  ...
# Subtest: simulated storage quota failure cannot replace the previous active pointer
ok 47 - simulated storage quota failure cannot replace the previous active pointer
  ---
  duration_ms: 105.177334
  type: 'test'
  ...
# Subtest: failure between shell and active metadata writes restores the previous shell and pack
ok 48 - failure between shell and active metadata writes restores the previous shell and pack
  ---
  duration_ms: 105.592708
  type: 'test'
  ...
# Subtest: exact four attachments bijectively retain115 activity-source IDs and39 witnesses in111groups/38stopgroups
ok 49 - exact four attachments bijectively retain115 activity-source IDs and39 witnesses in111groups/38stopgroups
  ---
  duration_ms: 6.020583
  type: 'test'
  ...
# Subtest: each legacy cue restores the activity and cue state; ended stays and Continue skips only attached cue
ok 50 - each legacy cue restores the activity and cue state; ended stays and Continue skips only attached cue
  ---
  duration_ms: 3.250209
  type: 'test'
  ...
# Subtest: fallback substitutes exact selected recording without also saving AI alternative
ok 51 - fallback substitutes exact selected recording without also saving AI alternative
  ---
  duration_ms: 1.600917
  type: 'test'
  ...
# Subtest: Aquifer only excludes unmatched AI audio while preserving text/images/shell
ok 52 - Aquifer only excludes unmatched AI audio while preserving text/images/shell
  ---
  duration_ms: 0.204792
  type: 'test'
  ...
# Subtest: AI only saves no publisher alternatives; locale matching cannot cross languages
ok 53 - AI only saves no publisher alternatives; locale matching cannot cross languages
  ---
  duration_ms: 0.304125
  type: 'test'
  ...
# Subtest: ambiguous exact path and invalid policy fail rather than choosing arbitrary recording
ok 54 - ambiguous exact path and invalid policy fail rather than choosing arbitrary recording
  ---
  duration_ms: 0.953542
  type: 'test'
  ...
# Subtest: actual deduplicated queue owner and generation fence survive pause and reject stale events
ok 55 - actual deduplicated queue owner and generation fence survive pause and reject stale events
  ---
  duration_ms: 88.746333
  type: 'test'
  ...
# Subtest: notice, start, restore, gap, error and unrelated source do not claim spoken highlighting
ok 56 - notice, start, restore, gap, error and unrelated source do not claim spoken highlighting
  ---
  duration_ms: 0.591375
  type: 'test'
  ...
# Subtest: all26 original Spanish verse IDs bind only their actual queue-owner catalog entries
ok 57 - all26 original Spanish verse IDs bind only their actual queue-owner catalog entries
  ---
  duration_ms: 14.543917
  type: 'test'
  ...
# Subtest: complete selected source pack verifies from actual files
ok 58 - complete selected source pack verifies from actual files
  ---
  duration_ms: 271.599125
  type: 'test'
  ...
# Subtest: a missing or duplicated verse fails even with a valid transport digest
ok 59 - a missing or duplicated verse fails even with a valid transport digest
  ---
  duration_ms: 2384.079542
  type: 'test'
  ...
# Subtest: altered Scripture or emitted guide text fails canonical comparison
ok 60 - altered Scripture or emitted guide text fails canonical comparison
  ---
  duration_ms: 1142.744291
  type: 'test'
  ...
# Subtest: a missing resource and guessed map alias fail
ok 61 - a missing resource and guessed map alias fail
  ---
  duration_ms: 949.826625
  type: 'test'
  ...
# Subtest: discussion stops and example boundaries cannot silently change
ok 62 - discussion stops and example boundaries cannot silently change
  ---
  duration_ms: 1328.566042
  type: 'test'
  ...
# Subtest: missing rights and flattened map notice fail
ok 63 - missing rights and flattened map notice fail
  ---
  duration_ms: 1283.099875
  type: 'test'
  ...
# Subtest: video bytes are not an accepted offline resource
ok 64 - video bytes are not an accepted offline resource
  ---
  duration_ms: 562.375834
  type: 'test'
  ...
# Subtest: corrupt or missing actual media fails integrity verification
ok 65 - corrupt or missing actual media fails integrity verification
  ---
  duration_ms: 442.997625
  type: 'test'
  ...
# Subtest: a changed image cannot be legitimized by recomputing its manifest digest
ok 66 - a changed image cannot be legitimized by recomputing its manifest digest
  ---
  duration_ms: 487.89475
  type: 'test'
  ...
# Subtest: all original and derived resource/edition owners resolve; no false availability without files
ok 67 - all original and derived resource/edition owners resolve; no false availability without files
  ---
  duration_ms: 17.2065
  type: 'test'
  ...
# Subtest: guide resolver stops at selected semantic boundary and optional examples remain opt-in
ok 68 - guide resolver stops at selected semantic boundary and optional examples remain opt-in
  ---
  duration_ms: 11.595666
  type: 'test'
  ...
# Subtest: raw punctuation binds original source hash separately from processed hash
ok 69 - raw punctuation binds original source hash separately from processed hash
  ---
  duration_ms: 0.834083
  type: 'test'
  ...
# Subtest: restore validates source owner, bytes and offset and resumes after notices without autoplay
ok 70 - restore validates source owner, bytes and offset and resumes after notices without autoplay
  ---
  duration_ms: 0.986125
  type: 'test'
  ...
# Subtest: notice intro group can be carried across deliberate guide activity navigation
ok 71 - notice intro group can be carried across deliberate guide activity navigation
  ---
  duration_ms: 0.6705
  type: 'test'
  ...
# Subtest: partial snapshot requires every content clip, exposes missing notices, and restores spoken intros when present
ok 72 - partial snapshot requires every content clip, exposes missing notices, and restores spoken intros when present
  ---
  duration_ms: 0.460042
  type: 'test'
  ...
# Subtest: synthetic expansion preserves original objects, full union and unavailable audio
ok 73 - synthetic expansion preserves original objects, full union and unavailable audio
  ---
  duration_ms: 7.641542
  type: 'test'
  ...
# Subtest: pending or changed packet cannot project
ok 74 - pending or changed packet cannot project
  ---
  duration_ms: 5.049292
  type: 'test'
  ...
# Subtest: independent packet integrity and membership checks survive a matching packet receipt
ok 75 - independent packet integrity and membership checks survive a matching packet receipt
  ---
  duration_ms: 5.622875
  type: 'test'
  ...
# Subtest: Spanish source coverage retains all blocks and isolates optional enactment
ok 76 - Spanish source coverage retains all blocks and isolates optional enactment
  ---
  duration_ms: 70.39375
  type: 'test'
  ...
# Subtest: original Spanish bodies and rights survive projection, derived text stays separate
ok 77 - original Spanish bodies and rights survive projection, derived text stays separate
  ---
  duration_ms: 14.282708
  type: 'test'
  ...
# Subtest: unknown source IDs, changed original text, altered supplement and ordinary example fail closed
ok 78 - unknown source IDs, changed original text, altered supplement and ordinary example fail closed
  ---
  duration_ms: 58.570166
  type: 'test'
  ...
# Subtest: candidate payload and asset manifest have no runtime/audio activation or private paths
ok 79 - candidate payload and asset manifest have no runtime/audio activation or private paths
  ---
  duration_ms: 61.276875
  type: 'test'
  ...
# Subtest: editorial resource requests preserve source but never become activities or examples
ok 80 - editorial resource requests preserve source but never become activities or examples
  ---
  duration_ms: 17.241916
  type: 'test'
  ...
# Subtest: simulated speech events: cancellation rejects stale source advancement and old errors
ok 81 - simulated speech events: cancellation rejects stale source advancement and old errors
  ---
  duration_ms: 46.037166
  type: 'test'
  ...
# Subtest: simulated speech events: chunks preserve source and item advances only after final chunk
ok 82 - simulated speech events: chunks preserve source and item advances only after final chunk
  ---
  duration_ms: 12.630917
  type: 'test'
  ...
# Subtest: simulated pause/resume require actual adapter event and absent voices are honest
ok 83 - simulated pause/resume require actual adapter event and absent voices are honest
  ---
  duration_ms: 6.037167
  type: 'test'
  ...
# Subtest: 21 frozen term recordings retain exact source, rights binding and cumulative attempt ceiling
ok 84 - 21 frozen term recordings retain exact source, rights binding and cumulative attempt ceiling
  ---
  duration_ms: 80.262417
  type: 'test'
  ...
# Subtest: four combined recordings preserve exact source and reviewed transition text
ok 85 - four combined recordings preserve exact source and reviewed transition text
  ---
  duration_ms: 10.484917
  type: 'test'
  ...
# Subtest: all111 guide destinations are reversible, bounded and preserve version/resource domains
ok 86 - all111 guide destinations are reversible, bounded and preserve version/resource domains
  ---
  duration_ms: 4.862292
  type: 'test'
  ...
# Subtest: workspace validates fields independently and source identity without guessing newer schemas
ok 87 - workspace validates fields independently and source identity without guessing newer schemas
  ---
  duration_ms: 2.750375
  type: 'test'
  ...
# Subtest: restored guide queues respect source stops and reject hidden/pure metadata IDs
ok 88 - restored guide queues respect source stops and reject hidden/pure metadata IDs
  ---
  duration_ms: 2.36625
  type: 'test'
  ...
# Subtest: restore never plays before explicit Resume and clamps verified metadata offset
ok 89 - restore never plays before explicit Resume and clamps verified metadata offset
  ---
  duration_ms: 15.286208
  type: 'test'
  ...
# Subtest: stale delayed fetch and metadata cannot override new playback, Restart or superseding restore
ok 90 - stale delayed fetch and metadata cannot override new playback, Restart or superseding restore
  ---
  duration_ms: 9.685958
  type: 'test'
  ...
# Subtest: pagehide-style checkpoint preserves source-bound offset through delayed metadata and seek
ok 91 - pagehide-style checkpoint preserves source-bound offset through delayed metadata and seek
  ---
  duration_ms: 2.311083
  type: 'test'
  ...
# Subtest: theme-only Spanish storage restores English theme without losing existing fields
ok 92 - theme-only Spanish storage restores English theme without losing existing fields
  ---
  duration_ms: 0.862708
  type: 'test'
  ...
1..92
# tests 92
# suites 0
# pass 92
# fail 0
# cancelled 0
# skipped 0
# todo 0
# duration_ms 9354.365791
