TAP version 13
# Subtest: actual deduplicated queue owner and generation fence survive pause and reject stale events
ok 1 - actual deduplicated queue owner and generation fence survive pause and reject stale events
  ---
  duration_ms: 15.161875
  type: 'test'
  ...
# Subtest: notice, start, restore, gap, error and unrelated source do not claim spoken highlighting
ok 2 - notice, start, restore, gap, error and unrelated source do not claim spoken highlighting
  ---
  duration_ms: 0.121875
  type: 'test'
  ...
# Subtest: all26 original Spanish verse IDs bind only their actual queue-owner catalog entries
ok 3 - all26 original Spanish verse IDs bind only their actual queue-owner catalog entries
  ---
  duration_ms: 3.546791
  type: 'test'
  ...
1..3
# tests 3
# suites 0
# pass 3
# fail 0
# cancelled 0
# skipped 0
# todo 0
# duration_ms 68.938583
