TAP version 13
# Subtest: all original and derived resource/edition owners resolve; no false availability without files
ok 1 - all original and derived resource/edition owners resolve; no false availability without files
  ---
  duration_ms: 2.255
  type: 'test'
  ...
# Subtest: guide resolver stops at selected semantic boundary and optional examples remain opt-in
ok 2 - guide resolver stops at selected semantic boundary and optional examples remain opt-in
  ---
  duration_ms: 1.72325
  type: 'test'
  ...
# Subtest: raw punctuation binds original source hash separately from processed hash
ok 3 - raw punctuation binds original source hash separately from processed hash
  ---
  duration_ms: 1.021291
  type: 'test'
  ...
# Subtest: restore validates source owner, bytes and offset and resumes after notices without autoplay
ok 4 - restore validates source owner, bytes and offset and resumes after notices without autoplay
  ---
  duration_ms: 0.333667
  type: 'test'
  ...
# Subtest: notice intro group can be carried across deliberate guide activity navigation
ok 5 - notice intro group can be carried across deliberate guide activity navigation
  ---
  duration_ms: 0.202583
  type: 'test'
  ...
# Subtest: partial snapshot requires every content clip, exposes missing notices, and restores spoken intros when present
ok 6 - partial snapshot requires every content clip, exposes missing notices, and restores spoken intros when present
  ---
  duration_ms: 0.193584
  type: 'test'
  ...
1..6
# tests 6
# suites 0
# pass 6
# fail 0
# cancelled 0
# skipped 0
# todo 0
# duration_ms 64.542583
